 node-librdkafka

 Timestamp is 5bb23a1d (Mon Oct  1 11:15:41 2018)

 Preferred load address is 0000000180000000

 Start         Length     Name                   Class
 0001:00000000 00000240H .text$di                CODE
 0001:00000240 0003bd90H .text$mn                CODE
 0001:0003bfd0 00000020H .text$mn$00             CODE
 0001:0003bff0 000004f0H .text$x                 CODE
 0001:0003c4e0 0000021cH .text$yd                CODE
 0002:00000000 00000370H .idata$5                DATA
 0002:00000370 00000010H .00cfg                  DATA
 0002:00000380 00000008H .CRT$XCA                DATA
 0002:00000388 00000058H .CRT$XCC                DATA
 0002:000003e0 00000010H .CRT$XCL                DATA
 0002:000003f0 00000020H .CRT$XCU                DATA
 0002:00000410 00000008H .CRT$XCZ                DATA
 0002:00000418 00000008H .CRT$XIA                DATA
 0002:00000420 00000030H .CRT$XIC                DATA
 0002:00000450 00000008H .CRT$XIZ                DATA
 0002:00000458 00000008H .CRT$XLA                DATA
 0002:00000460 00000008H .CRT$XLZ                DATA
 0002:00000468 00000008H .CRT$XPA                DATA
 0002:00000470 00000010H .CRT$XPX                DATA
 0002:00000480 00000008H .CRT$XPXA               DATA
 0002:00000488 00000008H .CRT$XPZ                DATA
 0002:00000490 00000008H .CRT$XTA                DATA
 0002:00000498 00000008H .CRT$XTZ                DATA
 0002:000004a0 00011d78H .rdata                  DATA
 0002:00012218 00000028H .rdata$T                DATA
 0002:00012240 00002244H .rdata$r                DATA
 0002:00014484 0000048cH .rdata$zzzdbg           DATA
 0002:00014910 00000008H .rtc$IAA                DATA
 0002:00014918 00000008H .rtc$IZZ                DATA
 0002:00014920 00000008H .rtc$TAA                DATA
 0002:00014928 00000008H .rtc$TZZ                DATA
 0002:00014930 000036d8H .xdata                  DATA
 0002:00018008 00000334H .xdata$x                DATA
 0002:0001833c 00000020H .didat$2                DATA
 0002:0001835c 00000024H .didat$3                DATA
 0002:00018380 000002f8H .didat$4                DATA
 0002:00018678 000015e8H .didat$6                DATA
 0002:00019c60 00000300H .didat$7                DATA
 0002:00019f60 00000058H .edata                  DATA
 0002:00019fb8 00000028H .idata$2                DATA
 0002:00019fe0 00000018H .idata$3                DATA
 0002:00019ff8 00000370H .idata$4                DATA
 0002:0001a368 00000bc6H .idata$6                DATA
 0003:00000000 00000b90H .data                   DATA
 0003:00000b90 00000e90H .data$r                 DATA
 0003:00001a20 00000300H .didat$5                DATA
 0003:00001d20 00001ab4H .bss                    DATA
 0004:00000000 00003534H .pdata                  DATA
 0005:00000000 000000b8H .gfids$x                DATA
 0005:000000b8 00000200H .gfids$y                DATA
 0006:00000000 00000004H .tls                    DATA
 0006:00000004 00000004H .tls$                   DATA
 0006:00000008 00000001H .tls$ZZZ                DATA
 0007:00000000 00000060H .rsrc$01                DATA
 0007:00000060 00000180H .rsrc$02                DATA

  Address         Publics by Value              Rva+Base               Lib:Object

 0000:00000000       __guard_iat_table          0000000000000000     <absolute>
 0000:00000000       __dynamic_value_reloc_table 0000000000000000     <absolute>
 0000:00000000       __guard_iat_count          0000000000000000     <absolute>
 0000:00000000       __guard_longjmp_table      0000000000000000     <absolute>
 0000:00000000       __guard_longjmp_count      0000000000000000     <absolute>
 0000:00000000       __guard_fids_count         0000000000000000     <absolute>
 0000:00000000       ___safe_se_handler_table   0000000000000000     <absolute>
 0000:00000000       ___safe_se_handler_count   0000000000000000     <absolute>
 0000:00000000       __guard_fids_table         0000000000000000     <absolute>
 0000:00000100       __guard_flags              0000000000000100     <absolute>
 0000:00000000       __ImageBase                0000000180000000     <linker-defined>
 0001:00000240       ?_Deallocate@std@@YAXPEAX_K1@Z 0000000180001240 f i binding.obj
 0001:00000380       ?New@?$Factory@VFunctionTemplate@v8@@@imp@Nan@@SA?AV?$Local@VFunctionTemplate@v8@@@v8@@P6AXAEBV?$FunctionCallbackInfo@VValue@v8@@@3@@ZV?$Local@VValue@v8@@@5@V?$Local@VSignature@v8@@@5@@Z 0000000180001380 f i binding.obj
 0001:00000570       ?NodeRdKafkaErr2Str@@YAXAEBV?$FunctionCallbackInfo@VValue@v8@@@Nan@@@Z 0000000180001570 f   binding.obj
 0001:00000750       ?NodeRdKafkaBuildInFeatures@@YAXAEBV?$FunctionCallbackInfo@VValue@v8@@@Nan@@@Z 0000000180001750 f   binding.obj
 0001:000009b0       ?ConstantsInit@@YAXV?$Local@VObject@v8@@@v8@@@Z 00000001800019b0 f   binding.obj
 0001:000031a0       ?Init@@YAXV?$Local@VObject@v8@@@v8@@0@Z 00000001800041a0 f   binding.obj
 0001:00003320       ??1?$basic_string@DU?$char_traits@D@std@@V?$allocator@D@2@@std@@QEAA@XZ 0000000180004320 f i binding.obj
 0001:000033b0       ??0?$basic_string@DU?$char_traits@D@std@@V?$allocator@D@2@@std@@QEAA@PEBD@Z 00000001800043b0 f i binding.obj
 0001:000033f0       ?assign@?$basic_string@DU?$char_traits@D@std@@V?$allocator@D@2@@std@@QEAAAEAV12@PEBD_K@Z 00000001800043f0 f i binding.obj
 0001:00003520       ?assign@?$basic_string@DU?$char_traits@D@std@@V?$allocator@D@2@@std@@QEAAAEAV12@AEBV12@_K1@Z 0000000180004520 f i binding.obj
 0001:00003650       ?erase@?$basic_string@DU?$char_traits@D@std@@V?$allocator@D@2@@std@@QEAAAEAV12@_K0@Z 0000000180004650 f i binding.obj
 0001:00003720       ?_Copy@?$basic_string@DU?$char_traits@D@std@@V?$allocator@D@2@@std@@QEAAX_K0@Z 0000000180004720 f i binding.obj
 0001:000038a0       ?Call@Callback@Nan@@QEBA?AV?$Local@VValue@v8@@@v8@@HQEAV34@@Z 00000001800048a0 f i callbacks.obj
 0001:000039a0       ?AsyncMessage_@Dispatcher@Callbacks@NodeKafka@@CAXPEAUuv_async_s@@@Z 00000001800049a0 f i callbacks.obj
 0001:000039b0       ??0rebalance_event_t@Callbacks@NodeKafka@@QEAA@W4ErrorCode@RdKafka@@V?$vector@PEAVTopicPartition@RdKafka@@V?$allocator@PEAVTopicPartition@RdKafka@@@std@@@std@@@Z 00000001800049b0 f i callbacks.obj
 0001:00003d20       ??0offset_commit_event_t@Callbacks@NodeKafka@@QEAA@W4ErrorCode@RdKafka@@AEBV?$vector@PEAVTopicPartition@RdKafka@@V?$allocator@PEAVTopicPartition@RdKafka@@@std@@@std@@@Z 0000000180004d20 f i callbacks.obj
 0001:00003ff0       ?TopicPartitionListToV8Array@Callbacks@NodeKafka@@YA?AV?$Local@VArray@v8@@@v8@@V?$vector@Uevent_topic_partition_t@Callbacks@NodeKafka@@V?$allocator@Uevent_topic_partition_t@Callbacks@NodeKafka@@@std@@@std@@@Z 0000000180004ff0 f   callbacks.obj
 0001:00004490       ??1Dispatcher@Callbacks@NodeKafka@@QEAA@XZ 0000000180005490 f   callbacks.obj
 0001:000045e0       ?Dispatch@Dispatcher@Callbacks@NodeKafka@@QEAAXHQEAV?$Local@VValue@v8@@@v8@@@Z 00000001800055e0 f   callbacks.obj
 0001:00004790       ?AddCallback@Dispatcher@Callbacks@NodeKafka@@QEAAXV?$Local@VFunction@v8@@@v8@@@Z 0000000180005790 f   callbacks.obj
 0001:00004790       ?AddCallback@DeliveryReportDispatcher@Callbacks@NodeKafka@@QEAAXV?$Local@VFunction@v8@@@v8@@@Z 0000000180005790 f   callbacks.obj
 0001:00004820       ??0event_t@Callbacks@NodeKafka@@QEAA@AEBVEvent@RdKafka@@@Z 0000000180005820 f   callbacks.obj
 0001:00004cc0       ??_GEvent@Callbacks@NodeKafka@@UEAAPEAXI@Z 0000000180005cc0 f i callbacks.obj
 0001:00004cc0       ??_EEvent@Callbacks@NodeKafka@@UEAAPEAXI@Z 0000000180005cc0 f i * CIL library *:* CIL module *
 0001:00004d10       ?event_cb@Event@Callbacks@NodeKafka@@UEAAXAEAV1RdKafka@@@Z 0000000180005d10 f   callbacks.obj
 0001:00004e70       ??1EventDispatcher@Callbacks@NodeKafka@@QEAA@XZ 0000000180005e70 f   callbacks.obj
 0001:00004ee0       ?Flush@EventDispatcher@Callbacks@NodeKafka@@UEAAXXZ 0000000180005ee0 f   callbacks.obj
 0001:00005ad0       ??1DeliveryReportDispatcher@Callbacks@NodeKafka@@QEAA@XZ 0000000180006ad0 f   callbacks.obj
 0001:00005b40       ?Flush@DeliveryReportDispatcher@Callbacks@NodeKafka@@UEAAXXZ 0000000180006b40 f   callbacks.obj
 0001:00006830       ??0DeliveryReport@Callbacks@NodeKafka@@QEAA@AEBV012@@Z 0000000180007830 f i callbacks.obj
 0001:00006900       ??0DeliveryReport@Callbacks@NodeKafka@@QEAA@AEAVMessage@RdKafka@@_N@Z 0000000180007900 f   callbacks.obj
 0001:00006bc0       ??_GDelivery@Callbacks@NodeKafka@@UEAAPEAXI@Z 0000000180007bc0 f i callbacks.obj
 0001:00006bc0       ??_EDelivery@Callbacks@NodeKafka@@UEAAPEAXI@Z 0000000180007bc0 f i * CIL library *:* CIL module *
 0001:00006c10       ?dr_cb@Delivery@Callbacks@NodeKafka@@UEAAXAEAVMessage@RdKafka@@@Z 0000000180007c10 f   callbacks.obj
 0001:00006d70       ?Add@RebalanceDispatcher@Callbacks@NodeKafka@@QEAAXAEBUrebalance_event_t@23@@Z 0000000180007d70 f   callbacks.obj
 0001:00006d70       ?Add@OffsetCommitDispatcher@Callbacks@NodeKafka@@QEAAXAEBUoffset_commit_event_t@23@@Z 0000000180007d70 f   callbacks.obj
 0001:00006e10       ?Flush@RebalanceDispatcher@Callbacks@NodeKafka@@UEAAXXZ 0000000180007e10 f   callbacks.obj
 0001:00007170       ??_ERebalance@Callbacks@NodeKafka@@UEAAPEAXI@Z 0000000180008170 f i * CIL library *:* CIL module *
 0001:00007170       ??_GRebalance@Callbacks@NodeKafka@@UEAAPEAXI@Z 0000000180008170 f i callbacks.obj
 0001:000071b0       ??1Rebalance@Callbacks@NodeKafka@@UEAA@XZ 00000001800081b0 f   callbacks.obj
 0001:00007230       ?rebalance_cb@Rebalance@Callbacks@NodeKafka@@UEAAXPEAVKafkaConsumer@RdKafka@@W4ErrorCode@5@AEAV?$vector@PEAVTopicPartition@RdKafka@@V?$allocator@PEAVTopicPartition@RdKafka@@@std@@@std@@@Z 0000000180008230 f   callbacks.obj
 0001:000072d0       ?Flush@OffsetCommitDispatcher@Callbacks@NodeKafka@@UEAAXXZ 00000001800082d0 f   callbacks.obj
 0001:00007520       ??_GOffsetCommit@Callbacks@NodeKafka@@UEAAPEAXI@Z 0000000180008520 f i callbacks.obj
 0001:00007520       ??_EOffsetCommit@Callbacks@NodeKafka@@UEAAPEAXI@Z 0000000180008520 f i * CIL library *:* CIL module *
 0001:00007560       ??1OffsetCommit@Callbacks@NodeKafka@@UEAA@XZ 0000000180008560 f   callbacks.obj
 0001:000075e0       ?offset_commit_cb@OffsetCommit@Callbacks@NodeKafka@@UEAAXW4ErrorCode@RdKafka@@AEAV?$vector@PEAVTopicPartition@RdKafka@@V?$allocator@PEAVTopicPartition@RdKafka@@@std@@@std@@@Z 00000001800085e0 f   callbacks.obj
 0001:00007660       ??_EPartitioner@Callbacks@NodeKafka@@UEAAPEAXI@Z 0000000180008660 f i * CIL library *:* CIL module *
 0001:00007660       ??_GPartitioner@Callbacks@NodeKafka@@UEAAPEAXI@Z 0000000180008660 f i callbacks.obj
 0001:000076c0       ?partitioner_cb@Partitioner@Callbacks@NodeKafka@@UEAAHPEBVTopic@RdKafka@@PEBV?$basic_string@DU?$char_traits@D@std@@V?$allocator@D@2@@std@@HPEAX@Z 00000001800086c0 f   callbacks.obj
 0001:00007960       ?SetCallback@Partitioner@Callbacks@NodeKafka@@QEAAXV?$Local@VFunction@v8@@@v8@@@Z 0000000180008960 f   callbacks.obj
 0001:00007a00       ??0?$vector@Uevent_topic_partition_t@Callbacks@NodeKafka@@V?$allocator@Uevent_topic_partition_t@Callbacks@NodeKafka@@@std@@@std@@QEAA@AEBV01@@Z 0000000180008a00 f i callbacks.obj
 0001:00007ac0       ?push_back@?$vector@V?$Persistent@VFunction@v8@@U?$CopyablePersistentTraits@VFunction@v8@@@2@@v8@@V?$allocator@V?$Persistent@VFunction@v8@@U?$CopyablePersistentTraits@VFunction@v8@@@2@@v8@@@std@@@std@@QEAAX$$QEAV?$Persistent@VFunction@v8@@U?$CopyablePersistentTraits@VFunction@v8@@@2@@v8@@@Z 0000000180008ac0 f i callbacks.obj
 0001:00007b80       ??0?$vector@PEAVTopicPartition@RdKafka@@V?$allocator@PEAVTopicPartition@RdKafka@@@std@@@std@@QEAA@AEBV01@@Z 0000000180008b80 f i callbacks.obj
 0001:00007c30       ??4?$basic_string@DU?$char_traits@D@std@@V?$allocator@D@2@@std@@QEAAAEAV01@$$QEAV01@@Z 0000000180008c30 f i callbacks.obj
 0001:00007ce0       ?_Reserve@?$vector@Uoffset_commit_event_t@Callbacks@NodeKafka@@V?$allocator@Uoffset_commit_event_t@Callbacks@NodeKafka@@@std@@@std@@IEAAX_K@Z 0000000180008ce0 f i callbacks.obj
 0001:00007ce0       ?_Reserve@?$vector@Urebalance_event_t@Callbacks@NodeKafka@@V?$allocator@Urebalance_event_t@Callbacks@NodeKafka@@@std@@@std@@IEAAX_K@Z 0000000180008ce0 f i callbacks.obj
 0001:00007d70       ?_Reserve@?$vector@Uevent_topic_partition_t@Callbacks@NodeKafka@@V?$allocator@Uevent_topic_partition_t@Callbacks@NodeKafka@@@std@@@std@@IEAAX_K@Z 0000000180008d70 f i callbacks.obj
 0001:00007e40       ?_Reserve@?$vector@VDeliveryReport@Callbacks@NodeKafka@@V?$allocator@VDeliveryReport@Callbacks@NodeKafka@@@std@@@std@@IEAAX_K@Z 0000000180008e40 f i callbacks.obj
 0001:00007f10       ?_Reserve@?$vector@Uevent_t@Callbacks@NodeKafka@@V?$allocator@Uevent_t@Callbacks@NodeKafka@@@std@@@std@@IEAAX_K@Z 0000000180008f10 f i callbacks.obj
 0001:00007fe0       ?_Reserve@?$vector@V?$Persistent@VFunction@v8@@U?$CopyablePersistentTraits@VFunction@v8@@@2@@v8@@V?$allocator@V?$Persistent@VFunction@v8@@U?$CopyablePersistentTraits@VFunction@v8@@@2@@v8@@@std@@@std@@IEAAX_K@Z 0000000180008fe0 f i callbacks.obj
 0001:00008070       ?_Assign_rv@?$basic_string@DU?$char_traits@D@std@@V?$allocator@D@2@@std@@QEAAX$$QEAV12@@Z 0000000180009070 f i callbacks.obj
 0001:000080f0       ?deallocate@?$_Wrap_alloc@V?$allocator@Uoffset_commit_event_t@Callbacks@NodeKafka@@@std@@@std@@QEAAXPEAUoffset_commit_event_t@Callbacks@NodeKafka@@_K@Z 00000001800090f0 f i callbacks.obj
 0001:000080f0       ?deallocate@?$_Wrap_alloc@V?$allocator@Urebalance_event_t@Callbacks@NodeKafka@@@std@@@std@@QEAAXPEAUrebalance_event_t@Callbacks@NodeKafka@@_K@Z 00000001800090f0 f i callbacks.obj
 0001:000080f0       ?deallocate@?$_Wrap_alloc@V?$allocator@V?$basic_string@DU?$char_traits@D@std@@V?$allocator@D@2@@std@@@std@@@std@@QEAAXPEAV?$basic_string@DU?$char_traits@D@std@@V?$allocator@D@2@@2@_K@Z 00000001800090f0 f i common.obj
 0001:00008160       ?_Reallocate@?$vector@Urebalance_event_t@Callbacks@NodeKafka@@V?$allocator@Urebalance_event_t@Callbacks@NodeKafka@@@std@@@std@@IEAAX_K@Z 0000000180009160 f i callbacks.obj
 0001:00008160       ?_Reallocate@?$vector@Uoffset_commit_event_t@Callbacks@NodeKafka@@V?$allocator@Uoffset_commit_event_t@Callbacks@NodeKafka@@@std@@@std@@IEAAX_K@Z 0000000180009160 f i callbacks.obj
 0001:000082a0       ?deallocate@?$_Wrap_alloc@V?$allocator@V?$Persistent@VFunction@v8@@U?$CopyablePersistentTraits@VFunction@v8@@@2@@v8@@@std@@@std@@QEAAXPEAV?$Persistent@VFunction@v8@@U?$CopyablePersistentTraits@VFunction@v8@@@2@@v8@@_K@Z 00000001800092a0 f i callbacks.obj
 0001:000082a0       ?deallocate@?$_Wrap_alloc@V?$allocator@PEAVTopicPartition@RdKafka@@@std@@@std@@QEAAXPEAPEAVTopicPartition@RdKafka@@_K@Z 00000001800092a0 f i callbacks.obj
 0001:000082a0       ?deallocate@?$_Wrap_alloc@V?$allocator@PEAVMessage@RdKafka@@@std@@@std@@QEAAXPEAPEAVMessage@RdKafka@@_K@Z 00000001800092a0 f i workers.obj
 0001:00008310       ?allocate@?$_Wrap_alloc@V?$allocator@PEAVTopicPartition@RdKafka@@@std@@@std@@QEAAPEAPEAVTopicPartition@RdKafka@@_K@Z 0000000180009310 f i callbacks.obj
 0001:00008380       ?deallocate@?$_Wrap_alloc@V?$allocator@Uevent_topic_partition_t@Callbacks@NodeKafka@@@std@@@std@@QEAAXPEAUevent_topic_partition_t@Callbacks@NodeKafka@@_K@Z 0000000180009380 f i callbacks.obj
 0001:000083f0       ?allocate@?$_Wrap_alloc@V?$allocator@Uevent_topic_partition_t@Callbacks@NodeKafka@@@std@@@std@@QEAAPEAUevent_topic_partition_t@Callbacks@NodeKafka@@_K@Z 00000001800093f0 f i callbacks.obj
 0001:00008460       ?_Reallocate@?$vector@Uevent_topic_partition_t@Callbacks@NodeKafka@@V?$allocator@Uevent_topic_partition_t@Callbacks@NodeKafka@@@std@@@std@@IEAAX_K@Z 0000000180009460 f i callbacks.obj
 0001:00008590       ?deallocate@?$_Wrap_alloc@V?$allocator@VDeliveryReport@Callbacks@NodeKafka@@@std@@@std@@QEAAXPEAVDeliveryReport@Callbacks@NodeKafka@@_K@Z 0000000180009590 f i callbacks.obj
 0001:00008600       ?_Reallocate@?$vector@VDeliveryReport@Callbacks@NodeKafka@@V?$allocator@VDeliveryReport@Callbacks@NodeKafka@@@std@@@std@@IEAAX_K@Z 0000000180009600 f i callbacks.obj
 0001:00008750       ?deallocate@?$_Wrap_alloc@V?$allocator@Uevent_t@Callbacks@NodeKafka@@@std@@@std@@QEAAXPEAUevent_t@Callbacks@NodeKafka@@_K@Z 0000000180009750 f i callbacks.obj
 0001:000087c0       ?_Reallocate@?$vector@Uevent_t@Callbacks@NodeKafka@@V?$allocator@Uevent_t@Callbacks@NodeKafka@@@std@@@std@@IEAAX_K@Z 00000001800097c0 f i callbacks.obj
 0001:00008900       ?_Reallocate@?$vector@V?$Persistent@VFunction@v8@@U?$CopyablePersistentTraits@VFunction@v8@@@2@@v8@@V?$allocator@V?$Persistent@VFunction@v8@@U?$CopyablePersistentTraits@VFunction@v8@@@2@@v8@@@std@@@std@@IEAAX_K@Z 0000000180009900 f i callbacks.obj
 0001:00008a40       ??$_Destroy_range1@V?$allocator@Urebalance_event_t@Callbacks@NodeKafka@@@std@@PEAUrebalance_event_t@Callbacks@NodeKafka@@@std@@YAXPEAUrebalance_event_t@Callbacks@NodeKafka@@0AEAU?$_Wrap_alloc@V?$allocator@Urebalance_event_t@Callbacks@NodeKafka@@@std@@@0@U?$integral_constant@_N$0A@@0@@Z 0000000180009a40 f i callbacks.obj
 0001:00008a40       ??$_Destroy_range1@V?$allocator@Uoffset_commit_event_t@Callbacks@NodeKafka@@@std@@PEAUoffset_commit_event_t@Callbacks@NodeKafka@@@std@@YAXPEAUoffset_commit_event_t@Callbacks@NodeKafka@@0AEAU?$_Wrap_alloc@V?$allocator@Uoffset_commit_event_t@Callbacks@NodeKafka@@@std@@@0@U?$integral_constant@_N$0A@@0@@Z 0000000180009a40 f i callbacks.obj
 0001:00008b50       ??$_Destroy_range1@V?$allocator@Uevent_topic_partition_t@Callbacks@NodeKafka@@@std@@PEAUevent_topic_partition_t@Callbacks@NodeKafka@@@std@@YAXPEAUevent_topic_partition_t@Callbacks@NodeKafka@@0AEAU?$_Wrap_alloc@V?$allocator@Uevent_topic_partition_t@Callbacks@NodeKafka@@@std@@@0@U?$integral_constant@_N$0A@@0@@Z 0000000180009b50 f i callbacks.obj
 0001:00008c10       ??$_Destroy_range1@V?$allocator@VDeliveryReport@Callbacks@NodeKafka@@@std@@PEAVDeliveryReport@Callbacks@NodeKafka@@@std@@YAXPEAVDeliveryReport@Callbacks@NodeKafka@@0AEAU?$_Wrap_alloc@V?$allocator@VDeliveryReport@Callbacks@NodeKafka@@@std@@@0@U?$integral_constant@_N$0A@@0@@Z 0000000180009c10 f i callbacks.obj
 0001:00008d60       ??$_Destroy_range1@V?$allocator@Uevent_t@Callbacks@NodeKafka@@@std@@PEAUevent_t@Callbacks@NodeKafka@@@std@@YAXPEAUevent_t@Callbacks@NodeKafka@@0AEAU?$_Wrap_alloc@V?$allocator@Uevent_t@Callbacks@NodeKafka@@@std@@@0@U?$integral_constant@_N$0A@@0@@Z 0000000180009d60 f i callbacks.obj
 0001:00008f30       ??$_Uninitialized_copy_al_unchecked@PEBUevent_topic_partition_t@Callbacks@NodeKafka@@PEAU123@V?$allocator@Uevent_topic_partition_t@Callbacks@NodeKafka@@@std@@@std@@YAPEAUevent_topic_partition_t@Callbacks@NodeKafka@@PEBU123@0PEAU123@AEAU?$_Wrap_alloc@V?$allocator@Uevent_topic_partition_t@Callbacks@NodeKafka@@@std@@@0@@Z 0000000180009f30 f i callbacks.obj
 0001:00008fd0       ??$_Uninitialized_move_al_unchecked@PEAUevent_topic_partition_t@Callbacks@NodeKafka@@PEAU123@V?$allocator@Uevent_topic_partition_t@Callbacks@NodeKafka@@@std@@@std@@YAPEAUevent_topic_partition_t@Callbacks@NodeKafka@@PEAU123@00AEAU?$_Wrap_alloc@V?$allocator@Uevent_topic_partition_t@Callbacks@NodeKafka@@@std@@@0@@Z 0000000180009fd0 f i callbacks.obj
 0001:00009060       ??0event_t@Callbacks@NodeKafka@@QEAA@AEBU012@@Z 000000018000a060 f i callbacks.obj
 0001:00009110       ?what@exception@stdext@@UEBAPEBDXZ 000000018000a110 f i common.obj
 0001:00009130       _guard_check_icall_nop     000000018000a130 f i LIBCMT:guard_support.obj
 0001:00009130       ?_Unlock@?$basic_streambuf@DU?$char_traits@D@std@@@std@@UEAAXXZ 000000018000a130 f i libcpmt:cerr.obj
 0001:00009130       ?imbue@?$basic_streambuf@DU?$char_traits@D@std@@@std@@MEAAXAEBVlocale@2@@Z 000000018000a130 f i libcpmt:cerr.obj
 0001:00009130       ?_Doraise@exception@stdext@@MEBAXXZ 000000018000a130 f i common.obj
 0001:00009130       __except_validate_context_record 000000018000a130 f i libvcruntime:jbcxrval.obj
 0001:00009130       ?_Lock@?$basic_streambuf@DU?$char_traits@D@std@@@std@@UEAAXXZ 000000018000a130 f i libcpmt:cerr.obj
 0001:00009140       ??_Eruntime_error@std@@UEAAPEAXI@Z 000000018000a140 f i * CIL library *:* CIL module *
 0001:00009140       ??_Gexception@stdext@@UEAAPEAXI@Z 000000018000a140 f i common.obj
 0001:00009140       ??_Gruntime_error@std@@UEAAPEAXI@Z 000000018000a140 f i common.obj
 0001:00009140       ??_Eexception@stdext@@UEAAPEAXI@Z 000000018000a140 f i * CIL library *:* CIL module *
 0001:00009170       ?_Doraise@failure@ios_base@std@@MEBAXXZ 000000018000a170 f i common.obj
 0001:00009170       ?_Doraise@runtime_error@std@@MEBAXXZ 000000018000a170 f i common.obj
 0001:00009190       ??0_Locinfo@std@@QEAA@PEBD@Z 000000018000a190 f i common.obj
 0001:00009250       ??1_Locinfo@std@@QEAA@XZ   000000018000a250 f i common.obj
 0001:000092f0       ??_G_Facet_base@std@@UEAAPEAXI@Z 000000018000a2f0 f i common.obj
 0001:000092f0       ??_E_Facet_base@std@@UEAAPEAXI@Z 000000018000a2f0 f i * CIL library *:* CIL module *
 0001:00009320       ?_Incref@facet@locale@std@@UEAAXXZ 000000018000a320 f i common.obj
 0001:00009330       ?_Decref@facet@locale@std@@UEAAPEAV_Facet_base@3@XZ 000000018000a330 f i common.obj
 0001:00009340       ?_Getcat@?$ctype@D@std@@SA_KPEAPEBVfacet@locale@2@PEBV42@@Z 000000018000a340 f i common.obj
 0001:00009400       ?do_tolower@?$ctype@D@std@@MEBADD@Z 000000018000a400 f i common.obj
 0001:00009410       ?do_tolower@?$ctype@D@std@@MEBAPEBDPEADPEBD@Z 000000018000a410 f i common.obj
 0001:00009470       ?do_toupper@?$ctype@D@std@@MEBADD@Z 000000018000a470 f i common.obj
 0001:00009480       ?do_toupper@?$ctype@D@std@@MEBAPEBDPEADPEBD@Z 000000018000a480 f i common.obj
 0001:000094e0       ?do_widen@?$ctype@D@std@@MEBADD@Z 000000018000a4e0 f i common.obj
 0001:000094e0       ?do_narrow@?$ctype@D@std@@MEBADDD@Z 000000018000a4e0 f i common.obj
 0001:000094f0       ?do_widen@?$ctype@D@std@@MEBAPEBDPEBD0PEAD@Z 000000018000a4f0 f i common.obj
 0001:00009510       ?do_narrow@?$ctype@D@std@@MEBAPEBDPEBD0DPEAD@Z 000000018000a510 f i common.obj
 0001:00009530       ??_G?$ctype@D@std@@MEAAPEAXI@Z 000000018000a530 f i common.obj
 0001:00009530       ??_E?$ctype@D@std@@MEAAPEAXI@Z 000000018000a530 f i * CIL library *:* CIL module *
 0001:000095a0       ??_Eerror_category@std@@UEAAPEAXI@Z 000000018000a5a0 f i * CIL library *:* CIL module *
 0001:000095a0       ??_G_Iostream_error_category@std@@UEAAPEAXI@Z 000000018000a5a0 f i common.obj
 0001:000095a0       ??_Gerror_category@std@@UEAAPEAXI@Z 000000018000a5a0 f i common.obj
 0001:000095a0       ??_E_Iostream_error_category@std@@UEAAPEAXI@Z 000000018000a5a0 f i * CIL library *:* CIL module *
 0001:000095d0       ?default_error_condition@error_category@std@@UEBA?AVerror_condition@2@H@Z 000000018000a5d0 f i common.obj
 0001:000095e0       ?equivalent@error_category@std@@UEBA_NHAEBVerror_condition@2@@Z 000000018000a5e0 f i common.obj
 0001:00009640       ?equivalent@error_category@std@@UEBA_NAEBVerror_code@2@H@Z 000000018000a640 f i common.obj
 0001:00009660       ?_Makestr@_System_error@std@@CA?AV?$basic_string@DU?$char_traits@D@std@@V?$allocator@D@2@@2@Verror_code@2@V32@@Z 000000018000a660 f i common.obj
 0001:00009760       ??_Efailure@ios_base@std@@UEAAPEAXI@Z 000000018000a760 f i * CIL library *:* CIL module *
 0001:00009760       ??_Gfailure@ios_base@std@@UEAAPEAXI@Z 000000018000a760 f i common.obj
 0001:00009760       ??_G_System_error@std@@UEAAPEAXI@Z 000000018000a760 f i common.obj
 0001:00009760       ??_E_System_error@std@@UEAAPEAXI@Z 000000018000a760 f i * CIL library *:* CIL module *
 0001:00009790       ?name@_Iostream_error_category@std@@UEBAPEBDXZ 000000018000a790 f i common.obj
 0001:000097a0       ?message@_Iostream_error_category@std@@UEBA?AV?$basic_string@DU?$char_traits@D@std@@V?$allocator@D@2@@2@H@Z 000000018000a7a0 f i common.obj
 0001:00009820       ?clear@ios_base@std@@QEAAXH_N@Z 000000018000a820 f i common.obj
 0001:00009d70       ??0Utf8String@Nan@@QEAA@V?$Local@VValue@v8@@@v8@@@Z 000000018000ad70 f i common.obj
 0001:00009e80       ?Log@NodeKafka@@YAXV?$basic_string@DU?$char_traits@D@std@@V?$allocator@D@2@@std@@@Z 000000018000ae80 f   common.obj
 0001:00009f00       ??$GetParameter@_J@NodeKafka@@YA_JV?$Local@VObject@v8@@@v8@@V?$basic_string@DU?$char_traits@D@std@@V?$allocator@D@2@@std@@_J@Z 000000018000af00 f   common.obj
 0001:0000a0c0       ??$GetParameter@_N@NodeKafka@@YA_NV?$Local@VObject@v8@@@v8@@V?$basic_string@DU?$char_traits@D@std@@V?$allocator@D@2@@std@@_N@Z 000000018000b0c0 f   common.obj
 0001:0000a270       ??$GetParameter@V?$basic_string@DU?$char_traits@D@std@@V?$allocator@D@2@@std@@@NodeKafka@@YA?AV?$basic_string@DU?$char_traits@D@std@@V?$allocator@D@2@@std@@V?$Local@VObject@v8@@@v8@@V12@1@Z 000000018000b270 f   common.obj
 0001:0000a590       ?ToStringVector@Topic@Conversion@NodeKafka@@YA?AV?$vector@V?$basic_string@DU?$char_traits@D@std@@V?$allocator@D@2@@std@@V?$allocator@V?$basic_string@DU?$char_traits@D@std@@V?$allocator@D@2@@std@@@2@@std@@V?$Local@VArray@v8@@@v8@@@Z 000000018000b590 f   common.obj
 0001:0000a9a0       ?ToV8Array@Topic@Conversion@NodeKafka@@YA?AV?$Local@VArray@v8@@@v8@@V?$vector@V?$basic_string@DU?$char_traits@D@std@@V?$allocator@D@2@@std@@V?$allocator@V?$basic_string@DU?$char_traits@D@std@@V?$allocator@D@2@@std@@@2@@std@@@Z 000000018000b9a0 f   common.obj
 0001:0000ac80       ?ToV8Array@TopicPartition@Conversion@NodeKafka@@YA?AV?$Local@VArray@v8@@@v8@@AEAV?$vector@PEAVTopicPartition@RdKafka@@V?$allocator@PEAVTopicPartition@RdKafka@@@std@@@std@@@Z 000000018000bc80 f   common.obj
 0001:0000b180       ?FromV8Array@TopicPartition@Conversion@NodeKafka@@YA?AV?$vector@PEAVTopicPartition@RdKafka@@V?$allocator@PEAVTopicPartition@RdKafka@@@std@@@std@@AEBV?$Local@VArray@v8@@@v8@@@Z 000000018000c180 f   common.obj
 0001:0000b300       ?FromV8Object@TopicPartition@Conversion@NodeKafka@@YAPEAV1RdKafka@@V?$Local@VObject@v8@@@v8@@@Z 000000018000c300 f   common.obj
 0001:0000b4c0       ?ToV8Object@Metadata@Conversion@NodeKafka@@YA?AV?$Local@VObject@v8@@@v8@@PEAV1RdKafka@@@Z 000000018000c4c0 f   common.obj
 0001:0000c2c0       ?ToV8Object@Message@Conversion@NodeKafka@@YA?AV?$Local@VObject@v8@@@v8@@PEAV1RdKafka@@_N@Z 000000018000d2c0 f   common.obj
 0001:0000c9f0       ?_Reserve@?$vector@V?$basic_string@DU?$char_traits@D@std@@V?$allocator@D@2@@std@@V?$allocator@V?$basic_string@DU?$char_traits@D@std@@V?$allocator@D@2@@std@@@2@@std@@IEAAX_K@Z 000000018000d9f0 f i common.obj
 0001:0000ca80       ?_Reserve@?$vector@PEAVTopicPartition@RdKafka@@V?$allocator@PEAVTopicPartition@RdKafka@@@std@@@std@@IEAAX_K@Z 000000018000da80 f i common.obj
 0001:0000ca80       ?_Reserve@?$vector@PEAVMessage@RdKafka@@V?$allocator@PEAVMessage@RdKafka@@@std@@@std@@IEAAX_K@Z 000000018000da80 f i workers.obj
 0001:0000cb10       ?append@?$basic_string@DU?$char_traits@D@std@@V?$allocator@D@2@@std@@QEAAAEAV12@PEBD_K@Z 000000018000db10 f i common.obj
 0001:0000cc60       ?append@?$basic_string@DU?$char_traits@D@std@@V?$allocator@D@2@@std@@QEAAAEAV12@AEBV12@_K1@Z 000000018000dc60 f i common.obj
 0001:0000cd90       ?_Reallocate@?$vector@V?$basic_string@DU?$char_traits@D@std@@V?$allocator@D@2@@std@@V?$allocator@V?$basic_string@DU?$char_traits@D@std@@V?$allocator@D@2@@std@@@2@@std@@IEAAX_K@Z 000000018000dd90 f i common.obj
 0001:0000cec0       ?_Reallocate@?$vector@PEAVTopicPartition@RdKafka@@V?$allocator@PEAVTopicPartition@RdKafka@@@std@@@std@@IEAAX_K@Z 000000018000dec0 f i common.obj
 0001:0000cec0       ?_Reallocate@?$vector@PEAVMessage@RdKafka@@V?$allocator@PEAVMessage@RdKafka@@@std@@@std@@IEAAX_K@Z 000000018000dec0 f i workers.obj
 0001:0000cfa0       ?allocate@?$_Wrap_alloc@V?$allocator@V?$basic_string@DU?$char_traits@D@std@@V?$allocator@D@2@@std@@@std@@@std@@QEAAPEAV?$basic_string@DU?$char_traits@D@std@@V?$allocator@D@2@@2@_K@Z 000000018000dfa0 f i common.obj
 0001:0000d010       ??$use_facet@V?$ctype@D@std@@@std@@YAAEBV?$ctype@D@0@AEBVlocale@0@@Z 000000018000e010 f i common.obj
 0001:0000d140       ??$_Immortalize@V_Iostream_error_category@std@@@std@@YAAEAV_Iostream_error_category@0@XZ 000000018000e140 f i common.obj
 0001:0000d1c0       ??$?6U?$char_traits@D@std@@@std@@YAAEAV?$basic_ostream@DU?$char_traits@D@std@@@0@AEAV10@PEBD@Z 000000018000e1c0 f i common.obj
 0001:0000d410       ??0sentry@?$basic_ostream@DU?$char_traits@D@std@@@std@@QEAA@AEAV12@@Z 000000018000e410 f i common.obj
 0001:0000d480       ?flush@?$basic_ostream@DU?$char_traits@D@std@@@std@@QEAAAEAV12@XZ 000000018000e480 f i common.obj
 0001:0000d570       ?put@?$basic_ostream@DU?$char_traits@D@std@@@std@@QEAAAEAV12@D@Z 000000018000e570 f i common.obj
 0001:0000d6c0       ?widen@?$basic_ios@DU?$char_traits@D@std@@@std@@QEBADD@Z 000000018000e6c0 f i common.obj
 0001:0000d760       ??$_Destroy_range1@V?$allocator@V?$basic_string@DU?$char_traits@D@std@@V?$allocator@D@2@@std@@@std@@PEAV?$basic_string@DU?$char_traits@D@std@@V?$allocator@D@2@@2@@std@@YAXPEAV?$basic_string@DU?$char_traits@D@std@@V?$allocator@D@2@@0@0AEAU?$_Wrap_alloc@V?$allocator@V?$basic_string@DU?$char_traits@D@std@@V?$allocator@D@2@@std@@@std@@@0@U?$integral_constant@_N$0A@@0@@Z 000000018000e760 f i common.obj
 0001:0000d820       ?create@Conf@NodeKafka@@SAPEAV12@W4ConfType@1RdKafka@@V?$Local@VObject@v8@@@v8@@AEAV?$basic_string@DU?$char_traits@D@std@@V?$allocator@D@2@@std@@@Z 000000018000e820 f   config.obj
 0001:0000e0b0       ?listen@Conf@NodeKafka@@QEAAXXZ 000000018000f0b0 f   config.obj
 0001:0000e160       ?ThrowError@Nan@@YAXPEBD@Z 000000018000f160 f i connection.obj
 0001:0000e1f0       ?AsyncExecute@Nan@@YAXPEAUuv_work_s@@@Z 000000018000f1f0 f i connection.obj
 0001:0000e200       ?AsyncExecuteComplete@Nan@@YAXPEAUuv_work_s@@@Z 000000018000f200 f i connection.obj
 0001:0000e230       ?AsyncQueueWorker@Nan@@YAXPEAVAsyncWorker@1@@Z 000000018000f230 f i connection.obj
 0001:0000e260       ??1ObjectWrap@Nan@@UEAA@XZ 000000018000f260 f i connection.obj
 0001:0000e2d0       ?Ref@ObjectWrap@Nan@@MEAAXXZ 000000018000f2d0 f i connection.obj
 0001:0000e310       ?Unref@ObjectWrap@Nan@@MEAAXXZ 000000018000f310 f i connection.obj
 0001:0000e3c0       ?WeakCallback@ObjectWrap@Nan@@CAXAEBV?$WeakCallbackInfo@VObjectWrap@Nan@@@v8@@@Z 000000018000f3c0 f i connection.obj
 0001:0000e450       ??_GObjectWrap@Nan@@UEAAPEAXI@Z 000000018000f450 f i connection.obj
 0001:0000e450       ??_EObjectWrap@Nan@@UEAAPEAXI@Z 000000018000f450 f i * CIL library *:* CIL module *
 0001:0000e490       ??0Connection@NodeKafka@@IEAA@PEAVConf@1@0@Z 000000018000f490 f   connection.obj
 0001:0000e690       ??_EConnection@NodeKafka@@MEAAPEAXI@Z 000000018000f690 f i * CIL library *:* CIL module *
 0001:0000e690       ??_GConnection@NodeKafka@@MEAAPEAXI@Z 000000018000f690 f i connection.obj
 0001:0000e6d0       ??1Connection@NodeKafka@@MEAA@XZ 000000018000f6d0 f   connection.obj
 0001:0000e760       ?CreateTopic@Connection@NodeKafka@@QEAA?AVBaton@2@V?$basic_string@DU?$char_traits@D@std@@V?$allocator@D@2@@std@@PEAVConf@RdKafka@@@Z 000000018000f760 f   connection.obj
 0001:0000e9f0       ?QueryWatermarkOffsets@Connection@NodeKafka@@QEAA?AVBaton@2@V?$basic_string@DU?$char_traits@D@std@@V?$allocator@D@2@@std@@HPEA_J1H@Z 000000018000f9f0 f   connection.obj
 0001:0000eae0       ?OffsetsForTimes@Connection@NodeKafka@@QEAA?AVBaton@2@AEAV?$vector@PEAVTopicPartition@RdKafka@@V?$allocator@PEAVTopicPartition@RdKafka@@@std@@@std@@H@Z 000000018000fae0 f   connection.obj
 0001:0000ebb0       ?GetMetadata@Connection@NodeKafka@@QEAA?AVBaton@2@_NV?$basic_string@DU?$char_traits@D@std@@V?$allocator@D@2@@std@@H@Z 000000018000fbb0 f   connection.obj
 0001:0000ed70       ?NodeGetMetadata@Connection@NodeKafka@@KAXAEBV?$FunctionCallbackInfo@VValue@v8@@@Nan@@@Z 000000018000fd70 f   connection.obj
 0001:0000f0d0       ?NodeOffsetsForTimes@Connection@NodeKafka@@KAXAEBV?$FunctionCallbackInfo@VValue@v8@@@Nan@@@Z 00000001800100d0 f   connection.obj
 0001:0000f410       ?NodeQueryWatermarkOffsets@Connection@NodeKafka@@KAXAEBV?$FunctionCallbackInfo@VValue@v8@@@Nan@@@Z 0000000180010410 f   connection.obj
 0001:0000f7e0       ?NodeOnEvent@Connection@NodeKafka@@KAXAEBV?$FunctionCallbackInfo@VValue@v8@@@Nan@@@Z 00000001800107e0 f   connection.obj
 0001:0000f8d0       ??$Unwrap@VProducer@NodeKafka@@@ObjectWrap@Nan@@SAPEAVProducer@NodeKafka@@V?$Local@VObject@v8@@@v8@@@Z 00000001800108d0 f i producer.obj
 0001:0000f8d0       ??$Unwrap@VConnection@NodeKafka@@@ObjectWrap@Nan@@SAPEAVConnection@NodeKafka@@V?$Local@VObject@v8@@@v8@@@Z 00000001800108d0 f i connection.obj
 0001:0000f8d0       ??$Unwrap@VTopic@NodeKafka@@@ObjectWrap@Nan@@SAPEAVTopic@NodeKafka@@V?$Local@VObject@v8@@@v8@@@Z 00000001800108d0 f i producer.obj
 0001:0000f8d0       ??$Unwrap@VKafkaConsumer@NodeKafka@@@ObjectWrap@Nan@@SAPEAVKafkaConsumer@NodeKafka@@V?$Local@VObject@v8@@@v8@@@Z 00000001800108d0 f i kafka-consumer.obj
 0001:0000f950       ?RdKafkaError@NodeKafka@@YA?AV?$Local@VObject@v8@@@v8@@AEBW4ErrorCode@RdKafka@@V?$basic_string@DU?$char_traits@D@std@@V?$allocator@D@2@@std@@@Z 0000000180010950 f   errors.obj
 0001:0000fb10       __local_stdio_printf_options 0000000180010b10 f i kafka-consumer.obj
 0001:0000fb20       ?SetPrototypeMethod@Nan@@YAXV?$Local@VFunctionTemplate@v8@@@v8@@PEBDP6AXAEBV?$FunctionCallbackInfo@VValue@v8@@@1@@Z@Z 0000000180010b20 f i kafka-consumer.obj
 0001:0000fc10       ?Wrap@ObjectWrap@Nan@@IEAAXV?$Local@VObject@v8@@@v8@@@Z 0000000180010c10 f i kafka-consumer.obj
 0001:0000fcf0       ??0KafkaConsumer@NodeKafka@@IEAA@PEAVConf@1@0@Z 0000000180010cf0 f   kafka-consumer.obj
 0001:0000fe60       ??_EKafkaConsumer@NodeKafka@@MEAAPEAXI@Z 0000000180010e60 f i * CIL library *:* CIL module *
 0001:0000fe60       ??_GKafkaConsumer@NodeKafka@@MEAAPEAXI@Z 0000000180010e60 f i kafka-consumer.obj
 0001:0000fea0       ??1KafkaConsumer@NodeKafka@@MEAA@XZ 0000000180010ea0 f   kafka-consumer.obj
 0001:0000ff30       ?Connect@KafkaConsumer@NodeKafka@@QEAA?AVBaton@2@XZ 0000000180010f30 f   kafka-consumer.obj
 0001:00010120       ?ActivateDispatchers@KafkaConsumer@NodeKafka@@UEAAXXZ 0000000180011120 f   kafka-consumer.obj
 0001:00010180       ?Disconnect@KafkaConsumer@NodeKafka@@QEAA?AVBaton@2@XZ 0000000180011180 f   kafka-consumer.obj
 0001:00010260       ?DeactivateDispatchers@KafkaConsumer@NodeKafka@@UEAAXXZ 0000000180011260 f   kafka-consumer.obj
 0001:000102f0       ?Assign@KafkaConsumer@NodeKafka@@QEAA?AVBaton@2@V?$vector@PEAVTopicPartition@RdKafka@@V?$allocator@PEAVTopicPartition@RdKafka@@@std@@@std@@@Z 00000001800112f0 f   kafka-consumer.obj
 0001:00010480       ?Unassign@KafkaConsumer@NodeKafka@@QEAA?AVBaton@2@XZ 0000000180011480 f   kafka-consumer.obj
 0001:00010580       ?Commit@KafkaConsumer@NodeKafka@@QEAA?AVBaton@2@V?$vector@PEAVTopicPartition@RdKafka@@V?$allocator@PEAVTopicPartition@RdKafka@@@std@@@std@@@Z 0000000180011580 f   kafka-consumer.obj
 0001:00010650       ?Commit@KafkaConsumer@NodeKafka@@QEAA?AVBaton@2@PEAVTopicPartition@RdKafka@@@Z 0000000180011650 f   kafka-consumer.obj
 0001:000107c0       ?Commit@KafkaConsumer@NodeKafka@@QEAA?AVBaton@2@XZ 00000001800117c0 f   kafka-consumer.obj
 0001:000108a0       ?CommitSync@KafkaConsumer@NodeKafka@@QEAA?AVBaton@2@V?$vector@PEAVTopicPartition@RdKafka@@V?$allocator@PEAVTopicPartition@RdKafka@@@std@@@std@@@Z 00000001800118a0 f   kafka-consumer.obj
 0001:000109b0       ?CommitSync@KafkaConsumer@NodeKafka@@QEAA?AVBaton@2@PEAVTopicPartition@RdKafka@@@Z 00000001800119b0 f   kafka-consumer.obj
 0001:00010ae0       ?CommitSync@KafkaConsumer@NodeKafka@@QEAA?AVBaton@2@XZ 0000000180011ae0 f   kafka-consumer.obj
 0001:00010bc0       ?Seek@KafkaConsumer@NodeKafka@@QEAA?AVBaton@2@AEBVTopicPartition@RdKafka@@H@Z 0000000180011bc0 f   kafka-consumer.obj
 0001:00010cd0       ?Committed@KafkaConsumer@NodeKafka@@QEAA?AVBaton@2@AEAV?$vector@PEAVTopicPartition@RdKafka@@V?$allocator@PEAVTopicPartition@RdKafka@@@std@@@std@@H@Z 0000000180011cd0 f   kafka-consumer.obj
 0001:00010de0       ?Subscription@KafkaConsumer@NodeKafka@@QEAA?AVBaton@2@XZ 0000000180011de0 f   kafka-consumer.obj
 0001:00010f20       ?Subscribe@KafkaConsumer@NodeKafka@@QEAA?AVBaton@2@V?$vector@V?$basic_string@DU?$char_traits@D@std@@V?$allocator@D@2@@std@@V?$allocator@V?$basic_string@DU?$char_traits@D@std@@V?$allocator@D@2@@std@@@2@@std@@@Z 0000000180011f20 f   kafka-consumer.obj
 0001:00011020       ?Consume@KafkaConsumer@NodeKafka@@QEAA?AVBaton@2@H@Z 0000000180012020 f   kafka-consumer.obj
 0001:00011220       ?RefreshAssignments@KafkaConsumer@NodeKafka@@QEAA?AVBaton@2@XZ 0000000180012220 f   kafka-consumer.obj
 0001:00011380       ?Name@Producer@NodeKafka@@QEAA?AV?$basic_string@DU?$char_traits@D@std@@V?$allocator@D@2@@std@@XZ 0000000180012380 f   producer.obj
 0001:00011380       ?Name@KafkaConsumer@NodeKafka@@QEAA?AV?$basic_string@DU?$char_traits@D@std@@V?$allocator@D@2@@std@@XZ 0000000180012380 f   kafka-consumer.obj
 0001:00011470       ?Init@KafkaConsumer@NodeKafka@@SAXV?$Local@VObject@v8@@@v8@@@Z 0000000180012470 f   kafka-consumer.obj
 0001:00011870       ?New@KafkaConsumer@NodeKafka@@KAXAEBV?$FunctionCallbackInfo@VValue@v8@@@Nan@@@Z 0000000180012870 f   kafka-consumer.obj
 0001:00011ac0       ?NodeCommitted@KafkaConsumer@NodeKafka@@CAXAEBV?$FunctionCallbackInfo@VValue@v8@@@Nan@@@Z 0000000180012ac0 f   kafka-consumer.obj
 0001:00011e00       ?NodeSubscription@KafkaConsumer@NodeKafka@@CAXAEBV?$FunctionCallbackInfo@VValue@v8@@@Nan@@@Z 0000000180012e00 f   kafka-consumer.obj
 0001:00011f90       ?NodePosition@KafkaConsumer@NodeKafka@@CAXAEBV?$FunctionCallbackInfo@VValue@v8@@@Nan@@@Z 0000000180012f90 f   kafka-consumer.obj
 0001:000121f0       ?NodeAssignments@KafkaConsumer@NodeKafka@@CAXAEBV?$FunctionCallbackInfo@VValue@v8@@@Nan@@@Z 00000001800131f0 f   kafka-consumer.obj
 0001:00012300       ?NodeAssign@KafkaConsumer@NodeKafka@@CAXAEBV?$FunctionCallbackInfo@VValue@v8@@@Nan@@@Z 0000000180013300 f   kafka-consumer.obj
 0001:00012900       ?NodeUnassign@KafkaConsumer@NodeKafka@@CAXAEBV?$FunctionCallbackInfo@VValue@v8@@@Nan@@@Z 0000000180013900 f   kafka-consumer.obj
 0001:00012a80       ?NodeUnsubscribe@KafkaConsumer@NodeKafka@@CAXAEBV?$FunctionCallbackInfo@VValue@v8@@@Nan@@@Z 0000000180013a80 f   kafka-consumer.obj
 0001:00012bb0       ?NodeCommit@KafkaConsumer@NodeKafka@@CAXAEBV?$FunctionCallbackInfo@VValue@v8@@@Nan@@@Z 0000000180013bb0 f   kafka-consumer.obj
 0001:00012ea0       ?NodeCommitSync@KafkaConsumer@NodeKafka@@CAXAEBV?$FunctionCallbackInfo@VValue@v8@@@Nan@@@Z 0000000180013ea0 f   kafka-consumer.obj
 0001:00013190       ?NodeSubscribe@KafkaConsumer@NodeKafka@@CAXAEBV?$FunctionCallbackInfo@VValue@v8@@@Nan@@@Z 0000000180014190 f   kafka-consumer.obj
 0001:000133b0       ?NodeSeek@KafkaConsumer@NodeKafka@@CAXAEBV?$FunctionCallbackInfo@VValue@v8@@@Nan@@@Z 00000001800143b0 f   kafka-consumer.obj
 0001:000136b0       ?NodeOffsetsStore@KafkaConsumer@NodeKafka@@CAXAEBV?$FunctionCallbackInfo@VValue@v8@@@Nan@@@Z 00000001800146b0 f   kafka-consumer.obj
 0001:000138e0       ?NodePause@KafkaConsumer@NodeKafka@@CAXAEBV?$FunctionCallbackInfo@VValue@v8@@@Nan@@@Z 00000001800148e0 f   kafka-consumer.obj
 0001:00013b10       ?NodeResume@KafkaConsumer@NodeKafka@@CAXAEBV?$FunctionCallbackInfo@VValue@v8@@@Nan@@@Z 0000000180014b10 f   kafka-consumer.obj
 0001:00013d50       ?NodeConsumeLoop@KafkaConsumer@NodeKafka@@CAXAEBV?$FunctionCallbackInfo@VValue@v8@@@Nan@@@Z 0000000180014d50 f   kafka-consumer.obj
 0001:00013fc0       ?NodeConsume@KafkaConsumer@NodeKafka@@CAXAEBV?$FunctionCallbackInfo@VValue@v8@@@Nan@@@Z 0000000180014fc0 f   kafka-consumer.obj
 0001:00014380       ?NodeConnect@KafkaConsumer@NodeKafka@@CAXAEBV?$FunctionCallbackInfo@VValue@v8@@@Nan@@@Z 0000000180015380 f   kafka-consumer.obj
 0001:00014520       ?NodeDisconnect@KafkaConsumer@NodeKafka@@CAXAEBV?$FunctionCallbackInfo@VValue@v8@@@Nan@@@Z 0000000180015520 f   kafka-consumer.obj
 0001:000146c0       ?NodeGetWatermarkOffsets@KafkaConsumer@NodeKafka@@CAXAEBV?$FunctionCallbackInfo@VValue@v8@@@Nan@@@Z 00000001800156c0 f   kafka-consumer.obj
 0001:00014ba0       ??0?$vector@V?$basic_string@DU?$char_traits@D@std@@V?$allocator@D@2@@std@@V?$allocator@V?$basic_string@DU?$char_traits@D@std@@V?$allocator@D@2@@std@@@2@@std@@QEAA@AEBV01@@Z 0000000180015ba0 f i kafka-consumer.obj
 0001:00014c40       ?append@?$basic_string@DU?$char_traits@D@std@@V?$allocator@D@2@@std@@QEAAAEAV12@_KD@Z 0000000180015c40 f i kafka-consumer.obj
 0001:00014d50       ??$_Uninitialized_copy_al_unchecked@PEBV?$basic_string@DU?$char_traits@D@std@@V?$allocator@D@2@@std@@PEAV12@V?$allocator@V?$basic_string@DU?$char_traits@D@std@@V?$allocator@D@2@@std@@@2@@std@@YAPEAV?$basic_string@DU?$char_traits@D@std@@V?$allocator@D@2@@0@PEBV10@0PEAV10@AEAU?$_Wrap_alloc@V?$allocator@V?$basic_string@DU?$char_traits@D@std@@V?$allocator@D@2@@std@@@std@@@0@@Z 0000000180015d50 f i kafka-consumer.obj
 0001:00014de0       ??0Producer@NodeKafka@@IEAA@PEAVConf@1@0@Z 0000000180015de0 f   producer.obj
 0001:00015060       ??_EProducer@NodeKafka@@MEAAPEAXI@Z 0000000180016060 f i * CIL library *:* CIL module *
 0001:00015060       ??_GProducer@NodeKafka@@MEAAPEAXI@Z 0000000180016060 f i producer.obj
 0001:000150a0       ??1Producer@NodeKafka@@MEAA@XZ 00000001800160a0 f   producer.obj
 0001:00015180       ?Init@Producer@NodeKafka@@SAXV?$Local@VObject@v8@@@v8@@@Z 0000000180016180 f   producer.obj
 0001:00015460       ?New@Producer@NodeKafka@@KAXAEBV?$FunctionCallbackInfo@VValue@v8@@@Nan@@@Z 0000000180016460 f   producer.obj
 0001:000156b0       ?Connect@Producer@NodeKafka@@QEAA?AVBaton@2@XZ 00000001800166b0 f   producer.obj
 0001:000158d0       ?ActivateDispatchers@Producer@NodeKafka@@UEAAXXZ 00000001800168d0 f   producer.obj
 0001:00015970       ?DeactivateDispatchers@Producer@NodeKafka@@UEAAXXZ 0000000180016970 f   producer.obj
 0001:000159c0       ?Produce@Producer@NodeKafka@@QEAA?AVBaton@2@PEAX_KPEAVTopic@RdKafka@@HPEBX10@Z 00000001800169c0 f   producer.obj
 0001:00015b00       ?Produce@Producer@NodeKafka@@QEAA?AVBaton@2@PEAX_KV?$basic_string@DU?$char_traits@D@std@@V?$allocator@D@2@@std@@HPEBX1_J0@Z 0000000180016b00 f   producer.obj
 0001:00015c90       ?NodeProduce@Producer@NodeKafka@@CAXAEBV?$FunctionCallbackInfo@VValue@v8@@@Nan@@@Z 0000000180016c90 f   producer.obj
 0001:000165a0       ?NodeOnDelivery@Producer@NodeKafka@@CAXAEBV?$FunctionCallbackInfo@VValue@v8@@@Nan@@@Z 00000001800175a0 f   producer.obj
 0001:00016720       ?NodeSetPartitioner@Producer@NodeKafka@@CAXAEBV?$FunctionCallbackInfo@VValue@v8@@@Nan@@@Z 0000000180017720 f   producer.obj
 0001:00016810       ?NodeConnect@Producer@NodeKafka@@CAXAEBV?$FunctionCallbackInfo@VValue@v8@@@Nan@@@Z 0000000180017810 f   producer.obj
 0001:000169b0       ?NodePoll@Producer@NodeKafka@@CAXAEBV?$FunctionCallbackInfo@VValue@v8@@@Nan@@@Z 00000001800179b0 f   producer.obj
 0001:00016a60       ?Flush@Producer@NodeKafka@@QEAA?AVBaton@2@H@Z 0000000180017a60 f   producer.obj
 0001:00016b40       ?NodeFlush@Producer@NodeKafka@@CAXAEBV?$FunctionCallbackInfo@VValue@v8@@@Nan@@@Z 0000000180017b40 f   producer.obj
 0001:00016d90       ?NodeDisconnect@Producer@NodeKafka@@CAXAEBV?$FunctionCallbackInfo@VValue@v8@@@Nan@@@Z 0000000180017d90 f   producer.obj
 0001:00016f30       ??0Topic@NodeKafka@@AEAA@V?$basic_string@DU?$char_traits@D@std@@V?$allocator@D@2@@std@@PEAVConf@RdKafka@@@Z 0000000180017f30 f   topic.obj
 0001:00016fb0       ??_ETopic@NodeKafka@@EEAAPEAXI@Z 0000000180017fb0 f i * CIL library *:* CIL module *
 0001:00016fb0       ??_GTopic@NodeKafka@@EEAAPEAXI@Z 0000000180017fb0 f i topic.obj
 0001:00017020       ?toRDKafkaTopic@Topic@NodeKafka@@QEAA?AVBaton@2@PEAVConnection@2@@Z 0000000180018020 f   topic.obj
 0001:00017100       ?Init@Topic@NodeKafka@@SAXV?$Local@VObject@v8@@@v8@@@Z 0000000180018100 f   topic.obj
 0001:00017310       ?New@Topic@NodeKafka@@KAXAEBV?$FunctionCallbackInfo@VValue@v8@@@Nan@@@Z 0000000180018310 f   topic.obj
 0001:00017690       ?NodeGetName@Topic@NodeKafka@@CAXAEBV?$FunctionCallbackInfo@VValue@v8@@@Nan@@@Z 0000000180018690 f   topic.obj
 0001:00017860       ?Call@Callback@Nan@@QEBA?AV?$MaybeLocal@VValue@v8@@@v8@@HQEAV?$Local@VValue@v8@@@4@PEAVAsyncResource@2@@Z 0000000180018860 f i workers.obj
 0001:00017960       ??0AsyncWorker@Nan@@QEAA@PEAVCallback@1@PEBD@Z 0000000180018960 f i workers.obj
 0001:00017a30       ??1AsyncWorker@Nan@@UEAA@XZ 0000000180018a30 f i workers.obj
 0001:00017af0       ?WorkComplete@AsyncWorker@Nan@@UEAAXXZ 0000000180018af0 f i workers.obj
 0001:00017b80       ?Destroy@AsyncWorker@Nan@@UEAAXXZ 0000000180018b80 f i workers.obj
 0001:00017ba0       ?HandleOKCallback@AsyncWorker@Nan@@MEAAXXZ 0000000180018ba0 f i workers.obj
 0001:00017bf0       ?HandleErrorCallback@AsyncWorker@Nan@@MEAAXXZ 0000000180018bf0 f i workers.obj
 0001:00017d60       ??_EAsyncWorker@Nan@@UEAAPEAXI@Z 0000000180018d60 f i * CIL library *:* CIL module *
 0001:00017d60       ??_GAsyncWorker@Nan@@UEAAPEAXI@Z 0000000180018d60 f i workers.obj
 0001:00017da0       ?HandleErrorCallback@KafkaConsumerConnect@Workers@NodeKafka@@UEAAXXZ 0000000180018da0 f i workers.obj
 0001:00017da0       ?HandleErrorCallback@KafkaConsumerConsumeLoop@Workers@NodeKafka@@UEAAXXZ 0000000180018da0 f i workers.obj
 0001:00017da0       ?HandleErrorCallback@ErrorAwareWorker@Workers@NodeKafka@@UEAAXXZ 0000000180018da0 f i workers.obj
 0001:00017f40       ?SetErrorBaton@ErrorAwareWorker@Workers@NodeKafka@@IEAAXAEBVBaton@3@@Z 0000000180018f40 f i workers.obj
 0001:000180a0       ??_EErrorAwareWorker@Workers@NodeKafka@@UEAAPEAXI@Z 00000001800190a0 f i * CIL library *:* CIL module *
 0001:000180a0       ??_GErrorAwareWorker@Workers@NodeKafka@@UEAAPEAXI@Z 00000001800190a0 f i workers.obj
 0001:000180f0       ??0MessageWorker@Workers@NodeKafka@@QEAA@PEAVCallback@Nan@@@Z 00000001800190f0 f i workers.obj
 0001:000181a0       ??1MessageWorker@Workers@NodeKafka@@UEAA@XZ 00000001800191a0 f i workers.obj
 0001:00018220       ?WorkMessage@MessageWorker@Workers@NodeKafka@@QEAAXXZ 0000000180019220 f i workers.obj
 0001:00018370       ?Destroy@MessageWorker@Workers@NodeKafka@@UEAAXXZ 0000000180019370 f i workers.obj
 0001:00018390       ?Execute@MessageWorker@Workers@NodeKafka@@EEAAXXZ 0000000180019390 f i workers.obj
 0001:000183b0       ?Produce_@MessageWorker@Workers@NodeKafka@@AEAAXPEAVMessage@RdKafka@@@Z 00000001800193b0 f i workers.obj
 0001:00018480       ?m_async_message@MessageWorker@Workers@NodeKafka@@CAXPEAUuv_async_s@@@Z 0000000180019480 f i workers.obj
 0001:00018490       ?AsyncClose_@MessageWorker@Workers@NodeKafka@@CAXPEAUuv_handle_s@@@Z 0000000180019490 f i workers.obj
 0001:000184d0       ??_GMessageWorker@Workers@NodeKafka@@UEAAPEAXI@Z 00000001800194d0 f i workers.obj
 0001:000184d0       ??_EMessageWorker@Workers@NodeKafka@@UEAAPEAXI@Z 00000001800194d0 f i * CIL library *:* CIL module *
 0001:00018510       ??_EOffsetsForTimes@Handle@Workers@NodeKafka@@UEAAPEAXI@Z 0000000180019510 f i * CIL library *:* CIL module *
 0001:00018510       ??_GOffsetsForTimes@Handle@Workers@NodeKafka@@UEAAPEAXI@Z 0000000180019510 f i workers.obj
 0001:00018550       ??1OffsetsForTimes@Handle@Workers@NodeKafka@@UEAA@XZ 0000000180019550 f   workers.obj
 0001:000185d0       ?Execute@OffsetsForTimes@Handle@Workers@NodeKafka@@UEAAXXZ 00000001800195d0 f   workers.obj
 0001:00018640       ?HandleOKCallback@KafkaConsumerCommitted@Workers@NodeKafka@@UEAAXXZ 0000000180019640 f   workers.obj
 0001:00018640       ?HandleOKCallback@OffsetsForTimes@Handle@Workers@NodeKafka@@UEAAXXZ 0000000180019640 f   workers.obj
 0001:00018790       ?HandleErrorCallback@KafkaConsumerSeek@Workers@NodeKafka@@UEAAXXZ 0000000180019790 f   workers.obj
 0001:00018790       ?HandleErrorCallback@ProducerConnect@Workers@NodeKafka@@UEAAXXZ 0000000180019790 f   workers.obj
 0001:00018790       ?HandleErrorCallback@ConnectionQueryWatermarkOffsets@Workers@NodeKafka@@UEAAXXZ 0000000180019790 f   workers.obj
 0001:00018790       ?HandleErrorCallback@KafkaConsumerCommitted@Workers@NodeKafka@@UEAAXXZ 0000000180019790 f   workers.obj
 0001:00018790       ?HandleErrorCallback@ConnectionMetadata@Workers@NodeKafka@@UEAAXXZ 0000000180019790 f   workers.obj
 0001:00018790       ?HandleErrorCallback@OffsetsForTimes@Handle@Workers@NodeKafka@@UEAAXXZ 0000000180019790 f   workers.obj
 0001:00018790       ?HandleErrorCallback@KafkaConsumerConsume@Workers@NodeKafka@@UEAAXXZ 0000000180019790 f   workers.obj
 0001:00018920       ??0ConnectionMetadata@Workers@NodeKafka@@QEAA@PEAVCallback@Nan@@PEAVConnection@2@V?$basic_string@DU?$char_traits@D@std@@V?$allocator@D@2@@std@@H_N@Z 0000000180019920 f   workers.obj
 0001:000189d0       ??_EConnectionMetadata@Workers@NodeKafka@@UEAAPEAXI@Z 00000001800199d0 f i * CIL library *:* CIL module *
 0001:000189d0       ??_GConnectionMetadata@Workers@NodeKafka@@UEAAPEAXI@Z 00000001800199d0 f i workers.obj
 0001:00018a40       ?Execute@ConnectionMetadata@Workers@NodeKafka@@UEAAXXZ 0000000180019a40 f   workers.obj
 0001:00018b00       ?HandleOKCallback@ConnectionMetadata@Workers@NodeKafka@@UEAAXXZ 0000000180019b00 f   workers.obj
 0001:00018c60       ??0ConnectionQueryWatermarkOffsets@Workers@NodeKafka@@QEAA@PEAVCallback@Nan@@PEAVConnection@2@V?$basic_string@DU?$char_traits@D@std@@V?$allocator@D@2@@std@@HH@Z 0000000180019c60 f   workers.obj
 0001:00018d10       ??_GConnectionQueryWatermarkOffsets@Workers@NodeKafka@@UEAAPEAXI@Z 0000000180019d10 f i workers.obj
 0001:00018d10       ??_EConnectionQueryWatermarkOffsets@Workers@NodeKafka@@UEAAPEAXI@Z 0000000180019d10 f i * CIL library *:* CIL module *
 0001:00018d80       ?Execute@ConnectionQueryWatermarkOffsets@Workers@NodeKafka@@UEAAXXZ 0000000180019d80 f   workers.obj
 0001:00018e50       ?HandleOKCallback@ConnectionQueryWatermarkOffsets@Workers@NodeKafka@@UEAAXXZ 0000000180019e50 f   workers.obj
 0001:000190e0       ??_GProducerDisconnect@Workers@NodeKafka@@UEAAPEAXI@Z 000000018001a0e0 f i workers.obj
 0001:000190e0       ??_EProducerConnect@Workers@NodeKafka@@UEAAPEAXI@Z 000000018001a0e0 f i * CIL library *:* CIL module *
 0001:000190e0       ??_EKafkaConsumerConnect@Workers@NodeKafka@@UEAAPEAXI@Z 000000018001a0e0 f i * CIL library *:* CIL module *
 0001:000190e0       ??_EKafkaConsumerDisconnect@Workers@NodeKafka@@UEAAPEAXI@Z 000000018001a0e0 f i * CIL library *:* CIL module *
 0001:000190e0       ??_GKafkaConsumerConnect@Workers@NodeKafka@@UEAAPEAXI@Z 000000018001a0e0 f i workers.obj
 0001:000190e0       ??_EProducerDisconnect@Workers@NodeKafka@@UEAAPEAXI@Z 000000018001a0e0 f i * CIL library *:* CIL module *
 0001:000190e0       ??_GKafkaConsumerDisconnect@Workers@NodeKafka@@UEAAPEAXI@Z 000000018001a0e0 f i workers.obj
 0001:000190e0       ??_GProducerConnect@Workers@NodeKafka@@UEAAPEAXI@Z 000000018001a0e0 f i workers.obj
 0001:00019130       ?Execute@ProducerConnect@Workers@NodeKafka@@UEAAXXZ 000000018001a130 f   workers.obj
 0001:00019190       ?HandleOKCallback@ProducerConnect@Workers@NodeKafka@@UEAAXXZ 000000018001a190 f   workers.obj
 0001:00019490       ?Execute@ProducerDisconnect@Workers@NodeKafka@@UEAAXXZ 000000018001a490 f   workers.obj
 0001:00019500       ?HandleOKCallback@ProducerDisconnect@Workers@NodeKafka@@UEAAXXZ 000000018001a500 f   workers.obj
 0001:00019690       ?HandleErrorCallback@ProducerDisconnect@Workers@NodeKafka@@UEAAXXZ 000000018001a690 f   workers.obj
 0001:000196b0       ??_GProducerFlush@Workers@NodeKafka@@UEAAPEAXI@Z 000000018001a6b0 f i workers.obj
 0001:000196b0       ??_EProducerFlush@Workers@NodeKafka@@UEAAPEAXI@Z 000000018001a6b0 f i * CIL library *:* CIL module *
 0001:00019700       ?Execute@ProducerFlush@Workers@NodeKafka@@UEAAXXZ 000000018001a700 f   workers.obj
 0001:000197d0       ?HandleOKCallback@ProducerFlush@Workers@NodeKafka@@UEAAXXZ 000000018001a7d0 f   workers.obj
 0001:000198f0       ?Execute@KafkaConsumerConnect@Workers@NodeKafka@@UEAAXXZ 000000018001a8f0 f   workers.obj
 0001:00019950       ?HandleOKCallback@KafkaConsumerConnect@Workers@NodeKafka@@UEAAXXZ 000000018001a950 f   workers.obj
 0001:00019cb0       ?Execute@KafkaConsumerDisconnect@Workers@NodeKafka@@UEAAXXZ 000000018001acb0 f   workers.obj
 0001:00019d10       ?HandleOKCallback@KafkaConsumerDisconnect@Workers@NodeKafka@@UEAAXXZ 000000018001ad10 f   workers.obj
 0001:00019e50       ?HandleErrorCallback@KafkaConsumerDisconnect@Workers@NodeKafka@@UEAAXXZ 000000018001ae50 f   workers.obj
 0001:00019fe0       ??_GKafkaConsumerConsumeLoop@Workers@NodeKafka@@UEAAPEAXI@Z 000000018001afe0 f i workers.obj
 0001:00019fe0       ??_EKafkaConsumerConsumeLoop@Workers@NodeKafka@@UEAAPEAXI@Z 000000018001afe0 f i * CIL library *:* CIL module *
 0001:0001a020       ?Execute@KafkaConsumerConsumeLoop@Workers@NodeKafka@@UEAAXAEBVExecutionMessageBus@MessageWorker@23@@Z 000000018001b020 f   workers.obj
 0001:0001a160       ?HandleMessageCallback@KafkaConsumerConsumeLoop@Workers@NodeKafka@@UEAAXPEAVMessage@RdKafka@@@Z 000000018001b160 f   workers.obj
 0001:0001a2d0       ?HandleOKCallback@KafkaConsumerConsumeLoop@Workers@NodeKafka@@UEAAXXZ 000000018001b2d0 f   workers.obj
 0001:0001a300       ??_GKafkaConsumerConsumeNum@Workers@NodeKafka@@UEAAPEAXI@Z 000000018001b300 f i workers.obj
 0001:0001a300       ??_EKafkaConsumerConsumeNum@Workers@NodeKafka@@UEAAPEAXI@Z 000000018001b300 f i * CIL library *:* CIL module *
 0001:0001a390       ?Execute@KafkaConsumerConsumeNum@Workers@NodeKafka@@UEAAXXZ 000000018001b390 f   workers.obj
 0001:0001a570       ?HandleOKCallback@KafkaConsumerConsumeNum@Workers@NodeKafka@@UEAAXXZ 000000018001b570 f   workers.obj
 0001:0001a750       ?HandleErrorCallback@KafkaConsumerConsumeNum@Workers@NodeKafka@@UEAAXXZ 000000018001b750 f   workers.obj
 0001:0001a920       ??_EKafkaConsumerConsume@Workers@NodeKafka@@UEAAPEAXI@Z 000000018001b920 f i * CIL library *:* CIL module *
 0001:0001a920       ??_GKafkaConsumerConsume@Workers@NodeKafka@@UEAAPEAXI@Z 000000018001b920 f i workers.obj
 0001:0001a970       ?Execute@KafkaConsumerConsume@Workers@NodeKafka@@UEAAXXZ 000000018001b970 f   workers.obj
 0001:0001a9e0       ?HandleOKCallback@KafkaConsumerConsume@Workers@NodeKafka@@UEAAXXZ 000000018001b9e0 f   workers.obj
 0001:0001ab50       ??_GKafkaConsumerCommitted@Workers@NodeKafka@@UEAAPEAXI@Z 000000018001bb50 f i workers.obj
 0001:0001ab50       ??_EKafkaConsumerCommitted@Workers@NodeKafka@@UEAAPEAXI@Z 000000018001bb50 f i * CIL library *:* CIL module *
 0001:0001ab90       ??1KafkaConsumerCommitted@Workers@NodeKafka@@UEAA@XZ 000000018001bb90 f   workers.obj
 0001:0001ac10       ?Execute@KafkaConsumerCommitted@Workers@NodeKafka@@UEAAXXZ 000000018001bc10 f   workers.obj
 0001:0001ac80       ??_GKafkaConsumerSeek@Workers@NodeKafka@@UEAAPEAXI@Z 000000018001bc80 f i workers.obj
 0001:0001ac80       ??_EKafkaConsumerSeek@Workers@NodeKafka@@UEAAPEAXI@Z 000000018001bc80 f i * CIL library *:* CIL module *
 0001:0001ad00       ?Execute@KafkaConsumerSeek@Workers@NodeKafka@@UEAAXXZ 000000018001bd00 f   workers.obj
 0001:0001ad70       ?HandleOKCallback@KafkaConsumerSeek@Workers@NodeKafka@@UEAAXXZ 000000018001bd70 f   workers.obj
 0001:0001aeec       __imp_load_?Value@External@v8@@QEBAPEAXXZ 000000018001beec f   node:node.exe
 0001:0001aef8       __tailMerge_node_exe       000000018001bef8 f i node:node.exe
 0001:0001af71       __imp_load_?New@External@v8@@SA?AV?$Local@VExternal@v8@@@2@PEAVIsolate@2@PEAX@Z 000000018001bf71 f   node:node.exe
 0001:0001af7d       __imp_load_?GetCurrentContext@Isolate@v8@@QEAA?AV?$Local@VContext@v8@@@2@XZ 000000018001bf7d f   node:node.exe
 0001:0001af89       __imp_load_?GetCurrent@Isolate@v8@@SAPEAV12@XZ 000000018001bf89 f   node:node.exe
 0001:0001af95       __imp_load_?CreateHandle@HandleScope@v8@@KAPEAPEAVObject@internal@2@PEAVIsolate@42@PEAV342@@Z 000000018001bf95 f   node:node.exe
 0001:0001afa1       __imp_load_?CreateHandle@HandleScope@v8@@CAPEAPEAVObject@internal@2@PEAVHeapObject@42@PEAV342@@Z 000000018001bfa1 f   node:node.exe
 0001:0001afad       __imp_load_??1HandleScope@v8@@QEAA@XZ 000000018001bfad f   node:node.exe
 0001:0001afb9       __imp_load_??0HandleScope@v8@@QEAA@PEAVIsolate@1@@Z 000000018001bfb9 f   node:node.exe
 0001:0001afc5       __imp_load_?GetFunction@FunctionTemplate@v8@@QEAA?AV?$MaybeLocal@VFunction@v8@@@2@V?$Local@VContext@v8@@@2@@Z 000000018001bfc5 f   node:node.exe
 0001:0001afd1       __imp_load_?New@FunctionTemplate@v8@@SA?AV?$Local@VFunctionTemplate@v8@@@2@PEAVIsolate@2@P6AXAEBV?$FunctionCallbackInfo@VValue@v8@@@2@@ZV?$Local@VValue@v8@@@2@V?$Local@VSignature@v8@@@2@HW4ConstructorBehavior@2@@Z 000000018001bfd1 f   node:node.exe
 0001:0001afdd       __imp_load_?ToLocalEmpty@V8@v8@@CAXXZ 000000018001bfdd f   node:node.exe
 0001:0001afe9       __imp_load_?FromJustIsNothing@V8@v8@@CAXXZ 000000018001bfe9 f   node:node.exe
 0001:0001aff5       __imp_load_?Int32Value@Value@v8@@QEBA?AV?$Maybe@H@2@V?$Local@VContext@v8@@@2@@Z 000000018001bff5 f   node:node.exe
 0001:0001b001       __imp_load_?Escape@EscapableHandleScope@v8@@AEAAPEAPEAVObject@internal@2@PEAPEAV342@@Z 000000018001c001 f   node:node.exe
 0001:0001b00d       __imp_load_??0EscapableHandleScope@v8@@QEAA@PEAVIsolate@1@@Z 000000018001c00d f   node:node.exe
 0001:0001b019       __imp_load_?NewFromUtf8@String@v8@@SA?AV?$Local@VString@v8@@@2@PEAVIsolate@2@PEBDW4NewStringType@12@H@Z 000000018001c019 f   node:node.exe
 0001:0001b025       __imp_load_?NewFromUtf8@String@v8@@SA?AV?$MaybeLocal@VString@v8@@@2@PEAVIsolate@2@PEBDW4NewStringType@2@H@Z 000000018001c025 f   node:node.exe
 0001:0001b031       __imp_load_?New@Number@v8@@SA?AV?$Local@VNumber@v8@@@2@PEAVIsolate@2@N@Z 000000018001c031 f   node:node.exe
 0001:0001b03d       __imp_load_?SlowGetInternalField@Object@v8@@AEAA?AV?$Local@VValue@v8@@@2@H@Z 000000018001c03d f   node:node.exe
 0001:0001b049       __imp_load_?New@Object@v8@@SA?AV?$Local@VObject@v8@@@2@PEAVIsolate@2@@Z 000000018001c049 f   node:node.exe
 0001:0001b055       __imp_load_?GetIsolate@Object@v8@@QEAAPEAVIsolate@2@XZ 000000018001c055 f   node:node.exe
 0001:0001b061       __imp_load_?SetInternalField@Object@v8@@QEAAXHV?$Local@VValue@v8@@@2@@Z 000000018001c061 f   node:node.exe
 0001:0001b06d       __imp_load_?DefineOwnProperty@Object@v8@@QEAA?AV?$Maybe@_N@2@V?$Local@VContext@v8@@@2@V?$Local@VName@v8@@@2@V?$Local@VValue@v8@@@2@W4PropertyAttribute@2@@Z 000000018001c06d f   node:node.exe
 0001:0001b079       __imp_load_?Set@Object@v8@@QEAA_NV?$Local@VValue@v8@@@2@0@Z 000000018001c079 f   node:node.exe
 0001:0001b085       __imp_load_?SetInternalFieldCount@ObjectTemplate@v8@@QEAAXH@Z 000000018001c085 f   node:node.exe
 0001:0001b091       __imp_load_?NewInstance@ObjectTemplate@v8@@QEAA?AV?$MaybeLocal@VObject@v8@@@2@V?$Local@VContext@v8@@@2@@Z 000000018001c091 f   node:node.exe
 0001:0001b09d       __imp_load_?New@ObjectTemplate@v8@@SA?AV?$Local@VObjectTemplate@v8@@@2@PEAVIsolate@2@V?$Local@VFunctionTemplate@v8@@@2@@Z 000000018001c09d f   node:node.exe
 0001:0001b0a9       __imp_load_?AtExit@node@@YAXP6AXPEAX@Z0@Z 000000018001c0a9 f   node:node.exe
 0001:0001b0b5       __imp_load_node_module_register 000000018001c0b5 f   node:node.exe
 0001:0001b0c1       __imp_load_uv_mutex_unlock 000000018001c0c1 f   node:node.exe
 0001:0001b0cd       __imp_load_?Global@Context@v8@@QEAA?AV?$Local@VObject@v8@@@2@XZ 000000018001c0cd f   node:node.exe
 0001:0001b0d9       __imp_load_?New@Integer@v8@@SA?AV?$Local@VInteger@v8@@@2@PEAVIsolate@2@H@Z 000000018001c0d9 f   node:node.exe
 0001:0001b0e5       __imp_load_?Error@Exception@v8@@SA?AV?$Local@VValue@v8@@@2@V?$Local@VString@v8@@@2@@Z 000000018001c0e5 f   node:node.exe
 0001:0001b0f1       __imp_load_?New@Array@v8@@SA?AV?$Local@VArray@v8@@@2@PEAVIsolate@2@H@Z 000000018001c0f1 f   node:node.exe
 0001:0001b0fd       __imp_load_?DisposeGlobal@V8@v8@@CAXPEAPEAVObject@internal@2@@Z 000000018001c0fd f   node:node.exe
 0001:0001b109       __imp_load_?CopyPersistent@V8@v8@@CAPEAPEAVObject@internal@2@PEAPEAV342@@Z 000000018001c109 f   node:node.exe
 0001:0001b115       __imp_load_?GlobalizeReference@V8@v8@@CAPEAPEAVObject@internal@2@PEAVIsolate@42@PEAPEAV342@@Z 000000018001c115 f   node:node.exe
 0001:0001b121       __imp_load_?ToInt32@Value@v8@@QEBA?AV?$MaybeLocal@VInt32@v8@@@2@V?$Local@VContext@v8@@@2@@Z 000000018001c121 f   node:node.exe
 0001:0001b12d       __imp_load_?Set@Object@v8@@QEAA?AV?$Maybe@_N@2@V?$Local@VContext@v8@@@2@V?$Local@VValue@v8@@@2@1@Z 000000018001c12d f   node:node.exe
 0001:0001b139       __imp_load_?Set@Object@v8@@QEAA_NIV?$Local@VValue@v8@@@2@@Z 000000018001c139 f   node:node.exe
 0001:0001b145       __imp_load_uv_mutex_lock   000000018001c145 f   node:node.exe
 0001:0001b151       __imp_load_uv_close        000000018001c151 f   node:node.exe
 0001:0001b15d       __imp_load_?New@Buffer@node@@YA?AV?$MaybeLocal@VObject@v8@@@v8@@PEAVIsolate@4@PEAD_K@Z 000000018001c15d f   node:node.exe
 0001:0001b169       __imp_load_?MakeCallback@node@@YA?AV?$Local@VValue@v8@@@v8@@PEAVIsolate@3@V?$Local@VObject@v8@@@3@V?$Local@VFunction@v8@@@3@HPEAV23@@Z 000000018001c169 f   node:node.exe
 0001:0001b175       __imp_load_uv_mutex_destroy 000000018001c175 f   node:node.exe
 0001:0001b181       __imp_load_uv_mutex_init   000000018001c181 f   node:node.exe
 0001:0001b18d       __imp_load_uv_async_send   000000018001c18d f   node:node.exe
 0001:0001b199       __imp_load_uv_async_init   000000018001c199 f   node:node.exe
 0001:0001b1a5       __imp_load_uv_default_loop 000000018001c1a5 f   node:node.exe
 0001:0001b1b1       __imp_load_?GetSource@RegExp@v8@@QEBA?AV?$Local@VString@v8@@@2@XZ 000000018001c1b1 f   node:node.exe
 0001:0001b1bd       __imp_load_?Length@Array@v8@@QEBAIXZ 000000018001c1bd f   node:node.exe
 0001:0001b1c9       __imp_load_?IntegerValue@Value@v8@@QEBA?AV?$Maybe@_J@2@V?$Local@VContext@v8@@@2@@Z 000000018001c1c9 f   node:node.exe
 0001:0001b1d5       __imp_load_?BooleanValue@Value@v8@@QEBA?AV?$Maybe@_N@2@V?$Local@VContext@v8@@@2@@Z 000000018001c1d5 f   node:node.exe
 0001:0001b1e1       __imp_load_?ToObject@Value@v8@@QEBA?AV?$MaybeLocal@VObject@v8@@@2@V?$Local@VContext@v8@@@2@@Z 000000018001c1e1 f   node:node.exe
 0001:0001b1ed       __imp_load_?ToString@Value@v8@@QEBA?AV?$MaybeLocal@VString@v8@@@2@V?$Local@VContext@v8@@@2@@Z 000000018001c1ed f   node:node.exe
 0001:0001b1f9       __imp_load_?IsRegExp@Value@v8@@QEBA_NXZ 000000018001c1f9 f   node:node.exe
 0001:0001b205       __imp_load_?IsNumber@Value@v8@@QEBA_NXZ 000000018001c205 f   node:node.exe
 0001:0001b211       __imp_load_?IsBoolean@Value@v8@@QEBA_NXZ 000000018001c211 f   node:node.exe
 0001:0001b21d       __imp_load_?IsObject@Value@v8@@QEBA_NXZ 000000018001c21d f   node:node.exe
 0001:0001b229       __imp_load_?IsArray@Value@v8@@QEBA_NXZ 000000018001c229 f   node:node.exe
 0001:0001b235       __imp_load_?WriteUtf8@String@v8@@QEBAHPEADHPEAHH@Z 000000018001c235 f   node:node.exe
 0001:0001b241       __imp_load_?Length@String@v8@@QEBAHXZ 000000018001c241 f   node:node.exe
 0001:0001b24d       __imp_load_?Has@Object@v8@@QEAA?AV?$Maybe@_N@2@V?$Local@VContext@v8@@@2@V?$Local@VValue@v8@@@2@@Z 000000018001c24d f   node:node.exe
 0001:0001b259       __imp_load_?Get@Object@v8@@QEAA?AV?$MaybeLocal@VValue@v8@@@2@V?$Local@VContext@v8@@@2@V?$Local@VValue@v8@@@2@@Z 000000018001c259 f   node:node.exe
 0001:0001b265       __imp_load_?Get@Object@v8@@QEAA?AV?$Local@VValue@v8@@@2@I@Z 000000018001c265 f   node:node.exe
 0001:0001b271       __imp_load_?Encode@node@@YA?AV?$Local@VValue@v8@@@v8@@PEAVIsolate@3@PEBD_KW4encoding@1@@Z 000000018001c271 f   node:node.exe
 0001:0001b27d       __imp_load_?ToString@Value@v8@@QEBA?AV?$Local@VString@v8@@@2@XZ 000000018001c27d f   node:node.exe
 0001:0001b289       __imp_load_?IsFunction@Value@v8@@QEBA_NXZ 000000018001c289 f   node:node.exe
 0001:0001b295       __imp_load_?GetOwnPropertyNames@Object@v8@@QEAA?AV?$Local@VArray@v8@@@2@XZ 000000018001c295 f   node:node.exe
 0001:0001b2a1       __imp_load_?Get@Object@v8@@QEAA?AV?$Local@VValue@v8@@@2@V32@@Z 000000018001c2a1 f   node:node.exe
 0001:0001b2ad       __imp_load_uv_queue_work   000000018001c2ad f   node:node.exe
 0001:0001b2b9       __imp_load_?ThrowException@Isolate@v8@@QEAA?AV?$Local@VValue@v8@@@2@V32@@Z 000000018001c2b9 f   node:node.exe
 0001:0001b2c5       __imp_load_?ClearWeak@V8@v8@@CAPEAXPEAPEAVObject@internal@2@@Z 000000018001c2c5 f   node:node.exe
 0001:0001b2d1       __imp_load_?MakeWeak@V8@v8@@CAXPEAPEAVObject@internal@2@PEAXP6AXAEBV?$WeakCallbackInfo@X@2@@ZW4WeakCallbackType@2@@Z 000000018001c2d1 f   node:node.exe
 0001:0001b2dd       __imp_load_?Uint32Value@Value@v8@@QEBA?AV?$Maybe@I@2@V?$Local@VContext@v8@@@2@@Z 000000018001c2dd f   node:node.exe
 0001:0001b2e9       __imp_load_?SlowGetAlignedPointerFromInternalField@Object@v8@@AEAAPEAXH@Z 000000018001c2e9 f   node:node.exe
 0001:0001b2f5       __imp_load_?InternalFieldCount@Object@v8@@QEAAHXZ 000000018001c2f5 f   node:node.exe
 0001:0001b301       __imp_load_uv_rwlock_rdlock 000000018001c301 f   node:node.exe
 0001:0001b30d       __imp_load_uv_rwlock_init  000000018001c30d f   node:node.exe
 0001:0001b319       __imp_load_uv_rwlock_rdunlock 000000018001c319 f   node:node.exe
 0001:0001b325       __imp_load_uv_rwlock_destroy 000000018001c325 f   node:node.exe
 0001:0001b331       __imp_load_?New@Signature@v8@@SA?AV?$Local@VSignature@v8@@@2@PEAVIsolate@2@V?$Local@VFunctionTemplate@v8@@@2@@Z 000000018001c331 f   node:node.exe
 0001:0001b33d       __imp_load_?Set@Template@v8@@QEAAXV?$Local@VName@v8@@@2@V?$Local@VData@v8@@@2@W4PropertyAttribute@2@@Z 000000018001c33d f   node:node.exe
 0001:0001b349       __imp_load_?SetClassName@FunctionTemplate@v8@@QEAAXV?$Local@VString@v8@@@2@@Z 000000018001c349 f   node:node.exe
 0001:0001b355       __imp_load_?PrototypeTemplate@FunctionTemplate@v8@@QEAA?AV?$Local@VObjectTemplate@v8@@@2@XZ 000000018001c355 f   node:node.exe
 0001:0001b361       __imp_load_?InstanceTemplate@FunctionTemplate@v8@@QEAA?AV?$Local@VObjectTemplate@v8@@@2@XZ 000000018001c361 f   node:node.exe
 0001:0001b36d       __imp_load_?GetFunction@FunctionTemplate@v8@@QEAA?AV?$Local@VFunction@v8@@@2@XZ 000000018001c36d f   node:node.exe
 0001:0001b379       __imp_load_?SetAlignedPointerInInternalField@Object@v8@@QEAAXHPEAX@Z 000000018001c379 f   node:node.exe
 0001:0001b385       __imp_load_uv_rwlock_wrlock 000000018001c385 f   node:node.exe
 0001:0001b391       __imp_load_uv_rwlock_wrunlock 000000018001c391 f   node:node.exe
 0001:0001b39d       __imp_load_?ToObject@Value@v8@@QEBA?AV?$Local@VObject@v8@@@2@XZ 000000018001c39d f   node:node.exe
 0001:0001b3a9       __imp_load_?HasInstance@Buffer@node@@YA_NV?$Local@VValue@v8@@@v8@@@Z 000000018001c3a9 f   node:node.exe
 0001:0001b3b5       __imp_load_?Data@Buffer@node@@YAPEADV?$Local@VObject@v8@@@v8@@@Z 000000018001c3b5 f   node:node.exe
 0001:0001b3c1       __imp_load_?Length@Buffer@node@@YA_KV?$Local@VObject@v8@@@v8@@@Z 000000018001c3c1 f   node:node.exe
 0001:0001b3d0       ??0bad_alloc@std@@QEAA@AEBV01@@Z 000000018001c3d0 f i libcpmt:xthrow.obj
 0001:0001b410       ??0bad_alloc@std@@QEAA@XZ  000000018001c410 f i libcpmt:xthrow.obj
 0001:0001b430       ??0exception@std@@QEAA@AEBV01@@Z 000000018001c430 f i libcpmt:xthrow.obj
 0001:0001b468       ??0length_error@std@@QEAA@AEBV01@@Z 000000018001c468 f i libcpmt:xthrow.obj
 0001:0001b4a8       ??0length_error@std@@QEAA@PEBD@Z 000000018001c4a8 f i libcpmt:xthrow.obj
 0001:0001b4f4       ??0logic_error@std@@QEAA@AEBV01@@Z 000000018001c4f4 f i libcpmt:xthrow.obj
 0001:0001b534       ??0out_of_range@std@@QEAA@AEBV01@@Z 000000018001c534 f i libcpmt:xthrow.obj
 0001:0001b574       ??0out_of_range@std@@QEAA@PEBD@Z 000000018001c574 f i libcpmt:xthrow.obj
 0001:0001b5c0       ?_Xlength_error@std@@YAXPEBD@Z 000000018001c5c0 f   libcpmt:xthrow.obj
 0001:0001b5e4       ?_Xout_of_range@std@@YAXPEBD@Z 000000018001c5e4 f   libcpmt:xthrow.obj
 0001:0001b608       ?what@exception@std@@UEBAPEBDXZ 000000018001c608 f i libcpmt:xthrow.obj
 0001:0001b61c       ??0_Init_locks@std@@QEAA@XZ 000000018001c61c f   libcpmt:xlock.obj
 0001:0001b668       ??0_Lockit@std@@QEAA@H@Z   000000018001c668 f   libcpmt:xlock.obj
 0001:0001b6a4       ??1_Init_locks@std@@QEAA@XZ 000000018001c6a4 f   libcpmt:xlock.obj
 0001:0001b6e8       ??1_Lockit@std@@QEAA@XZ    000000018001c6e8 f   libcpmt:xlock.obj
 0001:0001b71c       ??4?$_Yarn@D@std@@QEAAAEAV01@PEBD@Z 000000018001c71c f i libcpmt:locale0.obj
 0001:0001b794       ??_G_Fac_node@std@@QEAAPEAXI@Z 000000018001c794 f i libcpmt:locale0.obj
 0001:0001b820       ??_G_Locimp@locale@std@@MEAAPEAXI@Z 000000018001c820 f i libcpmt:locale0.obj
 0001:0001b820       ??_E_Locimp@locale@std@@MEAAPEAXI@Z 000000018001c820 f i libcpmt:locale0.obj
 0001:0001b88c       ?_Facet_Register@std@@YAXPEAV_Facet_base@1@@Z 000000018001c88c f   libcpmt:locale0.obj
 0001:0001b8c4       ?_Getgloballocale@locale@std@@CAPEAV_Locimp@12@XZ 000000018001c8c4 f   libcpmt:locale0.obj
 0001:0001b8cc       ?_Init@locale@std@@CAPEAV_Locimp@12@_N@Z 000000018001c8cc f   libcpmt:locale0.obj
 0001:0001b988       ?_Locimp_dtor@_Locimp@locale@std@@CAXPEAV123@@Z 000000018001c988 f   libcpmt:locale0.obj
 0001:0001ba30       ?_Locinfo_ctor@_Locinfo@std@@SAXPEAV12@PEBD@Z 000000018001ca30 f   libcpmt:locale0.obj
 0001:0001ba9c       ?_Locinfo_dtor@_Locinfo@std@@SAXPEAV12@@Z 000000018001ca9c f   libcpmt:locale0.obj
 0001:0001bac0       ?_New_Locimp@_Locimp@locale@std@@CAPEAV123@_N@Z 000000018001cac0 f   libcpmt:locale0.obj
 0001:0001bb30       ?_Setgloballocale@locale@std@@CAXPEAX@Z 000000018001cb30 f   libcpmt:locale0.obj
 0001:0001bb64       _Deletegloballocale        000000018001cb64 f   libcpmt:locale0.obj
 0001:0001bbec       ??$use_facet@V?$codecvt@DDU_Mbstatet@@@std@@@std@@YAAEBV?$codecvt@DDU_Mbstatet@@@0@AEBVlocale@0@@Z 000000018001cbec f i libcpmt:cerr.obj
 0001:0001bd24       ??0?$basic_ostream@DU?$char_traits@D@std@@@std@@QEAA@PEAV?$basic_streambuf@DU?$char_traits@D@std@@@1@_N@Z 000000018001cd24 f i libcpmt:cerr.obj
 0001:0001bdec       ??0?$basic_streambuf@DU?$char_traits@D@std@@@std@@IEAA@XZ 000000018001cdec f i libcpmt:cerr.obj
 0001:0001be9c       ??0bad_cast@std@@QEAA@AEBV01@@Z 000000018001ce9c f i libcpmt:cerr.obj
 0001:0001bedc       ??0bad_cast@std@@QEAA@XZ   000000018001cedc f i libcpmt:cerr.obj
 0001:0001befc       ??1?$basic_filebuf@DU?$char_traits@D@std@@@std@@UEAA@XZ 000000018001cefc f i libcpmt:cerr.obj
 0001:0001bfa8       ??1?$basic_ios@DU?$char_traits@D@std@@@std@@UEAA@XZ 000000018001cfa8 f i libcpmt:cerr.obj
 0001:0001bfcc       ??_E?$basic_ostream@DU?$char_traits@D@std@@@std@@$4PPPPPPPM@A@EAAPEAXI@Z 000000018001cfcc f i libcpmt:cerr.obj
 0001:0001bfd8       ??_E?$basic_filebuf@DU?$char_traits@D@std@@@std@@UEAAPEAXI@Z 000000018001cfd8 f i libcpmt:cerr.obj
 0001:0001bfd8       ??_G?$basic_filebuf@DU?$char_traits@D@std@@@std@@UEAAPEAXI@Z 000000018001cfd8 f i libcpmt:cerr.obj
 0001:0001c00c       ??_G?$basic_ios@DU?$char_traits@D@std@@@std@@UEAAPEAXI@Z 000000018001d00c f i libcpmt:cerr.obj
 0001:0001c00c       ??_E?$basic_ios@DU?$char_traits@D@std@@@std@@UEAAPEAXI@Z 000000018001d00c f i libcpmt:cerr.obj
 0001:0001c058       ??_E?$basic_ostream@DU?$char_traits@D@std@@@std@@UEAAPEAXI@Z 000000018001d058 f i libcpmt:cerr.obj
 0001:0001c058       ??_G?$basic_ostream@DU?$char_traits@D@std@@@std@@UEAAPEAXI@Z 000000018001d058 f i libcpmt:cerr.obj
 0001:0001c0c8       ??_E?$basic_streambuf@DU?$char_traits@D@std@@@std@@UEAAPEAXI@Z 000000018001d0c8 f i libcpmt:cerr.obj
 0001:0001c0c8       ??_G?$basic_streambuf@DU?$char_traits@D@std@@@std@@UEAAPEAXI@Z 000000018001d0c8 f i libcpmt:cerr.obj
 0001:0001c118       ??_G?$codecvt@DDU_Mbstatet@@@std@@MEAAPEAXI@Z 000000018001d118 f i libcpmt:cerr.obj
 0001:0001c118       ??_E?$codecvt@DDU_Mbstatet@@@std@@MEAAPEAXI@Z 000000018001d118 f i libcpmt:cerr.obj
 0001:0001c144       ??_Gios_base@std@@UEAAPEAXI@Z 000000018001d144 f i libcpmt:cerr.obj
 0001:0001c144       ??_Eios_base@std@@UEAAPEAXI@Z 000000018001d144 f i libcpmt:cerr.obj
 0001:0001c190       ??_Glocale@std@@QEAAPEAXI@Z 000000018001d190 f i libcpmt:cerr.obj
 0001:0001c220       ?_Endwrite@?$basic_filebuf@DU?$char_traits@D@std@@@std@@IEAA_NXZ 000000018001d220 f i libcpmt:cerr.obj
 0001:0001c3d4       ?_Getcat@?$codecvt@DDU_Mbstatet@@@std@@SA_KPEAPEBVfacet@locale@2@PEBV42@@Z 000000018001d3d4 f i libcpmt:cerr.obj
 0001:0001c498       ?_Init@?$basic_filebuf@DU?$char_traits@D@std@@@std@@IEAAXPEAU_iobuf@@W4_Initfl@12@@Z 000000018001d498 f i libcpmt:cerr.obj
 0001:0001c584       ?_Init@ios_base@std@@IEAAXXZ 000000018001d584 f i libcpmt:cerr.obj
 0001:0001c604       ?_Initcvt@?$basic_filebuf@DU?$char_traits@D@std@@@std@@IEAAXPEBV?$codecvt@DDU_Mbstatet@@@2@@Z 000000018001d604 f i libcpmt:cerr.obj
 0001:0001c6a4       ?_Lock@?$basic_filebuf@DU?$char_traits@D@std@@@std@@UEAAXXZ 000000018001d6a4 f i libcpmt:cerr.obj
 0001:0001c6c0       ?_Unlock@?$basic_filebuf@DU?$char_traits@D@std@@@std@@UEAAXXZ 000000018001d6c0 f i libcpmt:cerr.obj
 0001:0001c6dc       ?do_in@?$codecvt@DDU_Mbstatet@@@std@@MEBAHAEAU_Mbstatet@@PEBD1AEAPEBDPEAD3AEAPEAD@Z 000000018001d6dc f i libcpmt:cerr.obj
 0001:0001c6dc       ?do_out@?$codecvt@DDU_Mbstatet@@@std@@MEBAHAEAU_Mbstatet@@PEBD1AEAPEBDPEAD3AEAPEAD@Z 000000018001d6dc f i libcpmt:cerr.obj
 0001:0001c6f8       ?do_length@?$codecvt@DDU_Mbstatet@@@std@@MEBAHAEAU_Mbstatet@@PEBD1_K@Z 000000018001d6f8 f i libcpmt:cerr.obj
 0001:0001c70c       ?do_unshift@?$codecvt@DDU_Mbstatet@@@std@@MEBAHAEAU_Mbstatet@@PEAD1AEAPEAD@Z 000000018001d70c f i libcpmt:cerr.obj
 0001:0001c718       ?imbue@?$basic_filebuf@DU?$char_traits@D@std@@@std@@MEAAXAEBVlocale@2@@Z 000000018001d718 f i libcpmt:cerr.obj
 0001:0001c73c       ?overflow@?$basic_filebuf@DU?$char_traits@D@std@@@std@@MEAAHH@Z 000000018001d73c f i libcpmt:cerr.obj
 0001:0001c99c       ?pbackfail@?$basic_filebuf@DU?$char_traits@D@std@@@std@@MEAAHH@Z 000000018001d99c f i libcpmt:cerr.obj
 0001:0001ca6c       ?pbackfail@?$basic_streambuf@DU?$char_traits@D@std@@@std@@MEAAHH@Z 000000018001da6c f i libcpmt:cerr.obj
 0001:0001ca6c       ?overflow@?$basic_streambuf@DU?$char_traits@D@std@@@std@@MEAAHH@Z 000000018001da6c f i libcpmt:cerr.obj
 0001:0001ca6c       ?underflow@?$basic_streambuf@DU?$char_traits@D@std@@@std@@MEAAHXZ 000000018001da6c f i libcpmt:cerr.obj
 0001:0001ca70       ?seekoff@?$basic_filebuf@DU?$char_traits@D@std@@@std@@MEAA?AV?$fpos@U_Mbstatet@@@2@_JHH@Z 000000018001da70 f i libcpmt:cerr.obj
 0001:0001cb5c       ?seekpos@?$basic_filebuf@DU?$char_traits@D@std@@@std@@MEAA?AV?$fpos@U_Mbstatet@@@2@V32@H@Z 000000018001db5c f i libcpmt:cerr.obj
 0001:0001cc5c       ?seekoff@?$basic_streambuf@DU?$char_traits@D@std@@@std@@MEAA?AV?$fpos@U_Mbstatet@@@2@_JHH@Z 000000018001dc5c f i libcpmt:cerr.obj
 0001:0001cc5c       ?seekpos@?$basic_streambuf@DU?$char_traits@D@std@@@std@@MEAA?AV?$fpos@U_Mbstatet@@@2@V32@H@Z 000000018001dc5c f i libcpmt:cerr.obj
 0001:0001cc78       ?setbuf@?$basic_filebuf@DU?$char_traits@D@std@@@std@@MEAAPEAV?$basic_streambuf@DU?$char_traits@D@std@@@2@PEAD_J@Z 000000018001dc78 f i libcpmt:cerr.obj
 0001:0001cccc       ?setbuf@?$basic_streambuf@DU?$char_traits@D@std@@@std@@MEAAPEAV12@PEAD_J@Z 000000018001dccc f i libcpmt:cerr.obj
 0001:0001ccd0       ?sync@?$basic_filebuf@DU?$char_traits@D@std@@@std@@MEAAHXZ 000000018001dcd0 f i libcpmt:cerr.obj
 0001:0001cd30       ?sync@?$basic_streambuf@DU?$char_traits@D@std@@@std@@MEAAHXZ 000000018001dd30 f i libcpmt:cerr.obj
 0001:0001cd30       ?showmanyc@?$basic_streambuf@DU?$char_traits@D@std@@@std@@MEAA_JXZ 000000018001dd30 f i libcpmt:cerr.obj
 0001:0001cd34       ?uflow@?$basic_filebuf@DU?$char_traits@D@std@@@std@@MEAAHXZ 000000018001dd34 f i libcpmt:cerr.obj
 0001:0001cfcc       ?uflow@?$basic_streambuf@DU?$char_traits@D@std@@@std@@MEAAHXZ 000000018001dfcc f i libcpmt:cerr.obj
 0001:0001d018       ?underflow@?$basic_filebuf@DU?$char_traits@D@std@@@std@@MEAAHXZ 000000018001e018 f i libcpmt:cerr.obj
 0001:0001d090       ?xsgetn@?$basic_streambuf@DU?$char_traits@D@std@@@std@@MEAA_JPEAD_J@Z 000000018001e090 f i libcpmt:cerr.obj
 0001:0001d150       ?xsputn@?$basic_streambuf@DU?$char_traits@D@std@@@std@@MEAA_JPEBD_J@Z 000000018001e150 f i libcpmt:cerr.obj
 0001:0001d214       ?_Syserror_map@std@@YAPEBDH@Z 000000018001e214 f   libcpmt:syserror.obj
 0001:0001d23c       _Getctype                  000000018001e23c f   libcpmt:_tolower.obj
 0001:0001d2fc       _Tolower                   000000018001e2fc f   libcpmt:_tolower.obj
 0001:0001d424       _Toupper                   000000018001e424 f   libcpmt:_toupper.obj
 0001:0001d55c       ??0_Init_cout@std@@QEAA@XZ 000000018001e55c f i libcpmt:cout.obj
 0001:0001d5c8       _Mtxdst                    000000018001e5c8 f   libcpmt:xmtx.obj
 0001:0001d5d0       _Mtxinit                   000000018001e5d0 f   libcpmt:xmtx.obj
 0001:0001d5e0       _Mtxlock                   000000018001e5e0 f   libcpmt:xmtx.obj
 0001:0001d5e8       _Mtxunlock                 000000018001e5e8 f   libcpmt:xmtx.obj
 0001:0001d5f0       ?_Atexit@@YAXP6AXXZ@Z      000000018001e5f0 f   libcpmt:iosptrs.obj
 0001:0001d630       ?_Addstd@ios_base@std@@SAXPEAV12@@Z 000000018001e630 f   libcpmt:ios.obj
 0001:0001d6a0       ?_Ios_base_dtor@ios_base@std@@CAXPEAV12@@Z 000000018001e6a0 f   libcpmt:ios.obj
 0001:0001d6e4       ?_Tidy@ios_base@std@@AEAAXXZ 000000018001e6e4 f i libcpmt:ios.obj
 0001:0001d774       __crtLCMapStringA          000000018001e774 f   libcpmt:StlLCMapStringA.obj
 0001:0001df30       __crtInitializeCriticalSectionEx 000000018001ef30 f   libcpmt:winapisupp.obj
 0001:0001df90       GetTableIndexFromLocaleName 000000018001ef90 f   libcpmt:winapinls.obj
 0001:0001e01c       __crtDownlevelLocaleNameToLCID 000000018001f01c f   libcpmt:winapinls.obj
 0001:0001e050       __crtLCMapStringEx         000000018001f050 f   libcpmt:winapinls.obj
 0001:0001e10c       __wcsnicmp_ascii           000000018001f10c f   libcpmt:winapinls.obj
 0001:0001e180       __security_check_cookie    000000018001f180 f   LIBCMT:_amdsecgs_.obj
 0001:0001e1a4       ??2@YAPEAX_K@Z             000000018001f1a4 f   LIBCMT:new_scalar.obj
 0001:0001e1e0       ??3@YAXPEAX@Z              000000018001f1e0 f   LIBCMT:delete_scalar.obj
 0001:0001e1e8       ??3@YAXPEAX_K@Z            000000018001f1e8 f   LIBCMT:delete_scalar_size.obj
 0001:0001e1e8       ??_V@YAXPEAX@Z             000000018001f1e8 f   LIBCMT:delete_array.obj
 0001:0001e1f0       ??_Etype_info@@UEAAPEAXI@Z 000000018001f1f0 f i LIBCMT:std_type_info_static.obj
 0001:0001e1f0       ??_Gtype_info@@UEAAPEAXI@Z 000000018001f1f0 f i LIBCMT:std_type_info_static.obj
 0001:0001e364       _Init_thread_footer        000000018001f364 f   LIBCMT:thread_safe_statics.obj
 0001:0001e3c4       _Init_thread_header        000000018001f3c4 f   LIBCMT:thread_safe_statics.obj
 0001:0001e42c       _Init_thread_notify        000000018001f42c f   LIBCMT:thread_safe_statics.obj
 0001:0001e488       _Init_thread_wait          000000018001f488 f   LIBCMT:thread_safe_statics.obj
 0001:0001e520       __scrt_acquire_startup_lock 000000018001f520 f   LIBCMT:utility.obj
 0001:0001e55c       __scrt_dllmain_after_initialize_c 000000018001f55c f   LIBCMT:utility.obj
 0001:0001e590       __scrt_dllmain_before_initialize_c 000000018001f590 f   LIBCMT:utility.obj
 0001:0001e5a8       __scrt_dllmain_crt_thread_attach 000000018001f5a8 f   LIBCMT:utility.obj
 0001:0001e5d0       __scrt_dllmain_crt_thread_detach 000000018001f5d0 f   LIBCMT:utility.obj
 0001:0001e5e8       __scrt_dllmain_exception_filter 000000018001f5e8 f   LIBCMT:utility.obj
 0001:0001e64c       __scrt_dllmain_uninitialize_c 000000018001f64c f   LIBCMT:utility.obj
 0001:0001e67c       __scrt_dllmain_uninitialize_critical 000000018001f67c f   LIBCMT:utility.obj
 0001:0001e690       __scrt_initialize_crt      000000018001f690 f   LIBCMT:utility.obj
 0001:0001e6dc       __scrt_initialize_onexit_tables 000000018001f6dc f   LIBCMT:utility.obj
 0001:0001e7a8       __scrt_is_nonwritable_in_current_image 000000018001f7a8 f   LIBCMT:utility.obj
 0001:0001e844       __scrt_release_startup_lock 000000018001f844 f   LIBCMT:utility.obj
 0001:0001e868       __scrt_uninitialize_crt    000000018001f868 f   LIBCMT:utility.obj
 0001:0001e894       _onexit                    000000018001f894 f   LIBCMT:utility.obj
 0001:0001e8e4       atexit                     000000018001f8e4 f   LIBCMT:utility.obj
 0001:0001e8fc       ??_U@YAPEAX_K@Z            000000018001f8fc f   LIBCMT:new_array.obj
 0001:0001ec50       _DllMainCRTStartup         000000018001fc50 f   LIBCMT:dll_dllmain.obj
[...]
 0004:000032d0       $pdata$strrchr             00000001800602d0     libvcruntime:strrchr.obj
 0004:000032dc       $pdata$wcschr              00000001800602dc     libvcruntime:wcschr.obj
 0004:000032e8       $pdata$??0__non_rtti_object@std@@QEAA@AEBV01@@Z 00000001800602e8     libvcruntime:rtti.obj
 0004:000032f4       $pdata$??0bad_typeid@std@@QEAA@AEBV01@@Z 00000001800602f4     libvcruntime:rtti.obj
 0004:00003300       $pdata$?FindMITargetTypeInstance@@YAPEBU_s_RTTIBaseClassDescriptor@@PEAXPEBU_s_RTTICompleteObjectLocator@@PEAUTypeDescriptor@@_J2_K@Z 0000000180060300     libvcruntime:rtti.obj
 0004:0000330c       $pdata$?FindSITargetTypeInstance@@YAPEBU_s_RTTIBaseClassDescriptor@@PEBU_s_RTTICompleteObjectLocator@@PEAUTypeDescriptor@@1_K@Z 000000018006030c     libvcruntime:rtti.obj
 0004:00003318       $pdata$?FindVITargetTypeInstance@@YAPEBU_s_RTTIBaseClassDescriptor@@PEAXPEBU_s_RTTICompleteObjectLocator@@PEAUTypeDescriptor@@_J2_K@Z 0000000180060318     libvcruntime:rtti.obj
 0004:00003324       $pdata$__RTDynamicCast     0000000180060324     libvcruntime:rtti.obj
 0004:0000333c       $pdata$?dtor$0@?0???0?$basic_ostream@DU?$char_traits@D@std@@@std@@QEAA@PEAV?$basic_streambuf@DU?$char_traits@D@std@@@1@_N@Z@4HA 000000018006033c     libcpmt:cerr.obj
 0004:00003348       $pdata$?dtor$0@?0??_Getcat@?$codecvt@DDU_Mbstatet@@@std@@SA_KPEAPEBVfacet@locale@2@PEBV42@@Z@4HA 0000000180060348     libcpmt:cerr.obj
 0004:00003354       $pdata$__scrt_is_nonwritable_in_current_image$filt$0 0000000180060354     LIBCMT:utility.obj
 0004:00003360       $pdata$?fin$0@?0??dllmain_crt_process_attach@@YAHQEAUHINSTANCE__@@QEAX@Z@4HA 0000000180060360     LIBCMT:dll_dllmain.obj
 0004:0000336c       $pdata$?fin$0@?0??dllmain_crt_process_detach@@YAH_N@Z@4HA 000000018006036c     LIBCMT:dll_dllmain.obj
 0004:00003378       $pdata$?filt$0@?0??dllmain_dispatch@@YAHQEAUHINSTANCE__@@KQEAX@Z@4HA 0000000180060378     LIBCMT:dll_dllmain.obj
 0004:00003384       $pdata$__CxxCallCatchBlock$filt$0 0000000180060384     libvcruntime:frame.obj
 0004:00003390       $pdata$__CxxCallCatchBlock$fin$1 0000000180060390     libvcruntime:frame.obj
 0004:0000339c       $pdata$__DestructExceptionObject$filt$0 000000018006039c     libvcruntime:frame.obj
 0004:000033a8       $pdata$__FrameUnwindToState$filt$0 00000001800603a8     libvcruntime:frame.obj
 0004:000033b4       $pdata$__FrameUnwindToState$fin$1 00000001800603b4     libvcruntime:frame.obj
 0004:000033c0       $pdata$_CallSETranslator$filt$0 00000001800603c0     libvcruntime:trnsctrl.obj
 0004:000033cc       $pdata$setlocale$fin$0     00000001800603cc     libucrt:setlocale.obj
 0004:000033d8       $pdata$common_flush_all$fin$0 00000001800603d8     libucrt:fflush.obj
 0004:000033e4       $pdata$common_flush_all$fin$1 00000001800603e4     libucrt:fflush.obj
 0004:000033f0       $pdata$fflush$fin$0        00000001800603f0     libucrt:fflush.obj
 0004:000033f0       $pdata$fclose$fin$0        00000001800603f0     libucrt:fclose.obj
 0004:000033fc       $pdata$fgetc$fin$0         00000001800603fc     libucrt:fgetc.obj
 0004:00003408       $pdata$fputc$fin$0         0000000180060408     libucrt:fputc.obj
 0004:00003414       $pdata$?fin$0@?0??common_fseek@@YAHV__crt_stdio_stream@@_JH@Z@4HA 0000000180060414     libucrt:fseek.obj
 0004:00003414       $pdata$?fin$0@?0???$common_ftell@_J@@YA_JV__crt_stdio_stream@@@Z@4HA 0000000180060414     libucrt:ftell.obj
 0004:00003420       $pdata$?fin$0@?0???$?RV<lambda_7b91131dde12e1c3dfc74ff76b3f2eac>@@AEAV<lambda_dd75445284c072d0bd3768540cc698fa>@@V<lambda_16bc4ecb55b4718497c16bceaea2ceaf>@@@?$__crt_seh_guarded_call@H@@QEAAH$$QEAV<lambda_7b91131dde12e1c3dfc74ff76b3f2eac>@@AEAV<lambda_dd75445284c072d0bd3768540cc698fa>@@$$QEAV<lambda_16bc4ecb55b4718497c16bceaea2ceaf>@@@Z@4HA 0000000180060420     libucrt:output.obj
 0004:00003420       $pdata$?fin$0@?0???$?RV<lambda_7a5ef57ff966f610505f1d28a3d40618>@@AEAV<lambda_b721fa326cdb32351d23dfa67958c160>@@V<lambda_5e0fb27672408a07956fe59e48ccb2aa>@@@?$__crt_seh_guarded_call@H@@QEAAH$$QEAV<lambda_7a5ef57ff966f610505f1d28a3d40618>@@AEAV<lambda_b721fa326cdb32351d23dfa67958c160>@@$$QEAV<lambda_5e0fb27672408a07956fe59e48ccb2aa>@@@Z@4HA 0000000180060420     libucrt:setvbuf.obj
 0004:00003420       $pdata$?fin$0@?0???$?RV<lambda_5d4c3fee44080f75d5d9762853974fe0>@@AEAV<lambda_532e024f4337e6fc7ad266c2bef9f4ed>@@V<lambda_c87bdc10097eb2402edb8ba9bdf0697b>@@@?$__crt_seh_guarded_call@_K@@QEAA_K$$QEAV<lambda_5d4c3fee44080f75d5d9762853974fe0>@@AEAV<lambda_532e024f4337e6fc7ad266c2bef9f4ed>@@$$QEAV<lambda_c87bdc10097eb2402edb8ba9bdf0697b>@@@Z@4HA 0000000180060420     libucrt:fwrite.obj
 0004:0000342c       $pdata$ungetc$fin$0        000000018006042c     libucrt:ungetc.obj
 0004:00003438       $pdata$_query_new_handler$fin$0 0000000180060438     libucrt:new_handler.obj
 0004:00003444       $pdata$?filt$0@?0??common_exit@@YAXHW4_crt_exit_cleanup_mode@@W4_crt_exit_return_mode@@@Z@4HA 0000000180060444     libucrt:exit.obj
 0004:00003450       $pdata$?fin$1@?0??common_exit@@YAXHW4_crt_exit_cleanup_mode@@W4_crt_exit_return_mode@@@Z@4HA 0000000180060450     libucrt:exit.obj
 0004:0000345c       $pdata$?fin$0@?0???$?RV<lambda_e24bbb7b643b32fcea6fa61b31d4c984>@@AEAV<lambda_275893d493268fdec8709772e3fcec0e>@@V<lambda_9d71df4d7cf3f480f8d633942495c3b0>@@@?$__crt_seh_guarded_call@H@@QEAAH$$QEAV<lambda_e24bbb7b643b32fcea6fa61b31d4c984>@@AEAV<lambda_275893d493268fdec8709772e3fcec0e>@@$$QEAV<lambda_9d71df4d7cf3f480f8d633942495c3b0>@@@Z@4HA 000000018006045c     libucrt:onexit.obj
 0004:00003468       $pdata$raise$fin$0         0000000180060468     libucrt:signal.obj
 0004:00003474       $pdata$?fin$0@?0???$?RV<lambda_630b2aca97f6d20d5b5ea6529ea6b6af>@@AEAV<lambda_af91936f1d075d609f72d9d8cba980af>@@V<lambda_e82fa975f615b5c7c7b0e4d178fdae67>@@@?$__crt_seh_guarded_call@H@@QEAAH$$QEAV<lambda_630b2aca97f6d20d5b5ea6529ea6b6af>@@AEAV<lambda_af91936f1d075d609f72d9d8cba980af>@@$$QEAV<lambda_e82fa975f615b5c7c7b0e4d178fdae67>@@@Z@4HA 0000000180060474     libucrt:winapi_thunks.obj
 0004:00003474       $pdata$?fin$0@?0???$?RV<lambda_b8c45f8f788dd370798f47cfe8ac3a86>@@AEAV<lambda_4e60a939b0d047cfe11ddc22648dfba9>@@V<lambda_332c3edc96d0294ec56c57d38c1cdfd5>@@@?$__crt_seh_guarded_call@H@@QEAAH$$QEAV<lambda_b8c45f8f788dd370798f47cfe8ac3a86>@@AEAV<lambda_4e60a939b0d047cfe11ddc22648dfba9>@@$$QEAV<lambda_332c3edc96d0294ec56c57d38c1cdfd5>@@@Z@4HA 0000000180060474     libucrt:onexit.obj
 0004:00003474       $pdata$?fin$0@?0???$?RV<lambda_c36588078e9f5dfd39652860aa6b3aaf>@@AEAV<lambda_ec61778202f4f5fc7e7711acc23c3bca>@@V<lambda_dc9d2797ccde5d239b4a0efae8ebd7db>@@@?$__crt_seh_guarded_call@P6AXH@Z@@QEAAP6AXH@Z$$QEAV<lambda_c36588078e9f5dfd39652860aa6b3aaf>@@AEAV<lambda_ec61778202f4f5fc7e7711acc23c3bca>@@$$QEAV<lambda_dc9d2797ccde5d239b4a0efae8ebd7db>@@@Z@4HA 0000000180060474     libucrt:signal.obj
 0004:00003474       $pdata$?fin$0@?0???$?RV<lambda_d67e8342c384adda8f857579ab50b2ae>@@AEAV<lambda_30712929f77e709619002f448b6a9510>@@V<lambda_4525336fd7e478d965fb7ca7a337cad8>@@@?$__crt_seh_guarded_call@X@@QEAAX$$QEAV<lambda_d67e8342c384adda8f857579ab50b2ae>@@AEAV<lambda_30712929f77e709619002f448b6a9510>@@$$QEAV<lambda_4525336fd7e478d965fb7ca7a337cad8>@@@Z@4HA 0000000180060474     libucrt:wsetlocale.obj
 0004:00003474       $pdata$?fin$0@?0???$?RV<lambda_46352004c1216016012b18bd6f87e700>@@AEAV<lambda_3bd07e1a1191394380780325891bf33f>@@V<lambda_334532d3f185bcaa59b5be82d7d22bff>@@@?$__crt_seh_guarded_call@X@@QEAAX$$QEAV<lambda_46352004c1216016012b18bd6f87e700>@@AEAV<lambda_3bd07e1a1191394380780325891bf33f>@@$$QEAV<lambda_334532d3f185bcaa59b5be82d7d22bff>@@@Z@4HA 0000000180060474     libucrt:per_thread_data.obj
 0004:00003474       $pdata$?fin$0@?0???$?RV<lambda_99476a1ad63dd22509b5d3e65b0ffc95>@@AEAV<lambda_ad1ced32f4ac17aa236e5ef05d6b3b7c>@@V<lambda_f7424dd8d45958661754dc4f2697e9c3>@@@?$__crt_seh_guarded_call@X@@QEAAX$$QEAV<lambda_99476a1ad63dd22509b5d3e65b0ffc95>@@AEAV<lambda_ad1ced32f4ac17aa236e5ef05d6b3b7c>@@$$QEAV<lambda_f7424dd8d45958661754dc4f2697e9c3>@@@Z@4HA 0000000180060474     libucrt:mbctype.obj
 0004:00003474       $pdata$?fin$0@?0???$?RV<lambda_fb3a7dec4e47f37f22dae91bb15c9095>@@AEAV<lambda_698284760c8add0bfb0756c19673e34b>@@V<lambda_dfb8eca1e75fef3034a8fb18dd509707>@@@?$__crt_seh_guarded_call@X@@QEAAX$$QEAV<lambda_fb3a7dec4e47f37f22dae91bb15c9095>@@AEAV<lambda_698284760c8add0bfb0756c19673e34b>@@$$QEAV<lambda_dfb8eca1e75fef3034a8fb18dd509707>@@@Z@4HA 0000000180060474     libucrt:per_thread_data.obj
 0004:00003474       $pdata$?fin$0@?0???$?RV<lambda_5e887d1dcbef67a5eb4283622ba103bf>@@AEAV<lambda_4466841279450cc726390878d4a41900>@@V<lambda_341c25c0346d94847f1f3c463c57e077>@@@?$__crt_seh_guarded_call@X@@QEAAX$$QEAV<lambda_5e887d1dcbef67a5eb4283622ba103bf>@@AEAV<lambda_4466841279450cc726390878d4a41900>@@$$QEAV<lambda_341c25c0346d94847f1f3c463c57e077>@@@Z@4HA 0000000180060474     libucrt:per_thread_data.obj
 0004:00003474       $pdata$?fin$0@?0???$?RV<lambda_72d1df2b273a38828b1ce30cbf4cdab5>@@AEAV<lambda_876a65b173b8412d3a47c70a915b0cf4>@@V<lambda_41932305e351933ebe8f8be3ed8bb5dc>@@@?$__crt_seh_guarded_call@X@@QEAAX$$QEAV<lambda_72d1df2b273a38828b1ce30cbf4cdab5>@@AEAV<lambda_876a65b173b8412d3a47c70a915b0cf4>@@$$QEAV<lambda_41932305e351933ebe8f8be3ed8bb5dc>@@@Z@4HA 0000000180060474     libucrt:per_thread_data.obj
 0004:00003480       $pdata$?fin$0@?0???$?RV<lambda_5df02c53a8f32f81fd64e5bbb78039f1>@@AEAV<lambda_2af78c5f5901b1372d98f9ab3177dfa6>@@AEAV<lambda_f51fe5fd7c79a33db34fc9310f277369>@@@?$__crt_seh_guarded_call@X@@QEAAX$$QEAV<lambda_5df02c53a8f32f81fd64e5bbb78039f1>@@AEAV<lambda_2af78c5f5901b1372d98f9ab3177dfa6>@@AEAV<lambda_f51fe5fd7c79a33db34fc9310f277369>@@@Z@4HA 0000000180060480     libucrt:wsetlocale.obj
 0004:0000348c       $pdata$__acrt_update_thread_locale_data$fin$0 000000018006048c     libucrt:locale_refcounting.obj
 0004:0000348c       $pdata$__acrt_uninitialize_locale$fin$0 000000018006048c     libucrt:wsetlocale.obj
 0004:00003498       $pdata$__acrt_initialize_lowio$fin$0 0000000180060498     libucrt:ioinit.obj
 0004:00003498       $pdata$__acrt_lowio_ensure_fh_exists$fin$0 0000000180060498     libucrt:osfinfo.obj
 0004:000034a4       $pdata$_ctrlfp$filt$0      00000001800604a4     libucrt:fpctrl.obj
 0004:000034a4       $pdata$common_control87$filt$0 00000001800604a4     libucrt:ieee.obj
 0004:000034b0       $pdata$_fcloseall$fin$0    00000001800604b0     libucrt:closeall.obj
 0004:000034bc       $pdata$?fin$0@?0???$?RV<lambda_bfedae4ebbf01fab1bb6dcc6a9e276e0>@@AEAV<lambda_2fe9b910cf3cbf4a0ab98a02ba45b3ec>@@V<lambda_237c231691f317818eb88cc1d5d642d6>@@@?$__crt_seh_guarded_call@H@@QEAAH$$QEAV<lambda_bfedae4ebbf01fab1bb6dcc6a9e276e0>@@AEAV<lambda_2fe9b910cf3cbf4a0ab98a02ba45b3ec>@@$$QEAV<lambda_237c231691f317818eb88cc1d5d642d6>@@@Z@4HA 00000001800604bc     libucrt:close.obj
 0004:000034bc       $pdata$?fin$0@?0???$?RV<lambda_b521505b218e5242e90febf6bfebc422>@@AEAV<lambda_6978c1fb23f02e42e1d9e99668cc68aa>@@V<lambda_314360699dd331753a4119843814e9a7>@@@?$__crt_seh_guarded_call@H@@QEAAH$$QEAV<lambda_b521505b218e5242e90febf6bfebc422>@@AEAV<lambda_6978c1fb23f02e42e1d9e99668cc68aa>@@$$QEAV<lambda_314360699dd331753a4119843814e9a7>@@@Z@4HA 00000001800604bc     libucrt:commit.obj
 0004:000034c8       $pdata$?fin$0@?0???$common_lseek@_J@@YA_JH_JH@Z@4HA 00000001800604c8     libucrt:lseek.obj
 0004:000034c8       $pdata$_write$fin$0        00000001800604c8     libucrt:write.obj
 0004:000034c8       $pdata$_read$fin$0         00000001800604c8     libucrt:read.obj
 0004:000034d4       $pdata$__acrt_update_thread_multibyte_data$fin$0 00000001800604d4     libucrt:mbctype.obj
 0004:000034e0       $pdata$_IsNonwritableInCurrentImage$filt$0 00000001800604e0     LIBCMT:pesect.obj
 0004:000034ec       $pdata$__RTDynamicCast$filt$0 00000001800604ec     libvcruntime:rtti.obj
 0004:000034f8       $pdata$??__F_Fac_tidy_reg@std@@YAXXZ 00000001800604f8     libcpmt:locale0.obj
 0004:00003504       $pdata$??__Fclassic_locale@std@@YAXXZ 0000000180060504     libcpmt:locale0.obj
 0004:00003510       $pdata$??__Fcerr@std@@YAXXZ 0000000180060510     libcpmt:cerr.obj
 0004:0000351c       $pdata$??__Fcout@std@@YAXXZ 000000018006051c     libcpmt:cout.obj
 0004:00003528       $pdata$??__Finit_atexit@@YAXXZ 0000000180060528     libcpmt:iosptrs.obj
 0005:00000000       __guard_fids__             0000000180061000     libucrt:initialization.obj
 0005:00000060       __guard_fids___acrt_show_wide_message_box 0000000180061060     libucrt:crtmbox.obj
 0005:00000064       __guard_fids___acrt_initialize_ptd 0000000180061064     libucrt:per_thread_data.obj
 0005:00000068       __guard_fids__             0000000180061068     libucrt:wsetlocale.obj
 0005:00000080       __guard_fids_??$?RV<lambda_630b2aca97f6d20d5b5ea6529ea6b6af>@@AEAV<lambda_af91936f1d075d609f72d9d8cba980af>@@V<lambda_e82fa975f615b5c7c7b0e4d178fdae67>@@@?$__crt_seh_guarded_call@H@@QEAAH$$QEAV<lambda_630b2aca97f6d20d5b5ea6529ea6b6af>@@AEAV<lambda_af91936f1d075d609f72d9d8cba980af>@@$$QEAV<lambda_e82fa975f615b5c7c7b0e4d178fdae67>@@@Z 0000000180061080     libucrt:winapi_thunks.obj
 0005:00000084       __guard_fids__             0000000180061084     libucrt:stdio_initializer.obj
 0005:00000088       __guard_fids__             0000000180061088     libucrt:stdio_initializer.obj
 0005:0000008c       __guard_fids_??$expand_argument_wildcards@D@@YAHQEAD0AEAV?$argument_list@D@?A0xca0879c4@@@Z 000000018006108c     libucrt:argv_wildcards.obj
 0005:00000090       __guard_fids__             0000000180061090     libucrt:locale_initializer.obj
 0005:00000094       __guard_fids_GetLocaleNameFromLangCountry 0000000180061094     libucrt:get_qualified_locale.obj
 0005:00000098       __guard_fids_GetLocaleNameFromLanguage 0000000180061098     libucrt:get_qualified_locale.obj
 0005:0000009c       __guard_fids___acrt_get_qualified_locale_downlevel 000000018006109c     libucrt:getqloc_downlevel.obj
 0005:000000a0       __guard_fids_GetLcidFromLangCountry 00000001800610a0     libucrt:getqloc_downlevel.obj
 0005:000000a4       __guard_fids_GetLcidFromLanguage 00000001800610a4     libucrt:getqloc_downlevel.obj
 0005:000000a8       __guard_fids__             00000001800610a8     libucrt:fma3_initializer.obj
 0005:000000ac       __guard_fids__             00000001800610ac     libucrt:timeset_initializer.obj
 0005:000000b0       __guard_fids__             00000001800610b0     libucrt:multibyte_initializer.obj
 0005:000000b4       __guard_fids__             00000001800610b4     libucrt:console_output_initializer.obj
 0005:000000b8       __guard_fids__             00000001800610b8     libcpmt:xthrow.obj
 0005:000000c0       __guard_fids__             00000001800610c0     libcpmt:xthrow.obj
 0005:000000c8       __guard_fids__             00000001800610c8     libcpmt:xthrow.obj
 0005:000000d0       __guard_fids__             00000001800610d0     libcpmt:xthrow.obj
 0005:000000d8       __guard_fids__             00000001800610d8     libcpmt:xthrow.obj
 0005:000000e0       __guard_fids_??__Einitlocks@std@@YAXXZ 00000001800610e0     libcpmt:xlock.obj
 0005:000000e4       __guard_fids__             00000001800610e4     libcpmt:xlock.obj
 0005:000000e8       __guard_fids_??__E_Fac_tidy_reg@std@@YAXXZ 00000001800610e8     libcpmt:locale0.obj
 0005:000000ec       __guard_fids_?_Setgloballocale@locale@std@@CAXPEAX@Z 00000001800610ec     libcpmt:locale0.obj
 0005:000000f0       __guard_fids_??__Eclassic_locale@std@@YAXXZ 00000001800610f0     libcpmt:locale0.obj
 0005:000000f4       __guard_fids__             00000001800610f4     libcpmt:locale0.obj
 0005:00000100       __guard_fids__             0000000180061100     libcpmt:locale0.obj
 0005:0000010c       __guard_fids__             000000018006110c     libcpmt:locale0.obj
 0005:00000110       __guard_fids__             0000000180061110     libcpmt:locale0.obj
 0005:00000114       __guard_fids_??__Einitlocks@@YAXXZ 0000000180061114     libcpmt:cerr.obj
 0005:00000118       __guard_fids_??__Eferr@std@@YAXXZ 0000000180061118     libcpmt:cerr.obj
 0005:0000011c       __guard_fids_??__Ecerr@std@@YAXXZ 000000018006111c     libcpmt:cerr.obj
 0005:00000120       __guard_fids__             0000000180061120     libcpmt:cerr.obj
 0005:00000128       __guard_fids__             0000000180061128     libcpmt:cerr.obj
 0005:00000154       __guard_fids__             0000000180061154     libcpmt:cerr.obj
 0005:0000016c       __guard_fids__             000000018006116c     libcpmt:cerr.obj
 0005:00000184       __guard_fids__             0000000180061184     libcpmt:cerr.obj
 0005:00000188       __guard_fids__             0000000180061188     libcpmt:cerr.obj
 0005:000001c4       __guard_fids__             00000001800611c4     libcpmt:cerr.obj
 0005:00000200       __guard_fids__             0000000180061200     libcpmt:cerr.obj
 0005:00000204       __guard_fids__             0000000180061204     libcpmt:cerr.obj
 0005:00000208       __guard_fids__             0000000180061208     libcpmt:cerr.obj
 0005:00000230       __guard_fids__             0000000180061230     libcpmt:cerr.obj
 0005:00000234       __guard_fids__             0000000180061234     libcpmt:cerr.obj
 0005:00000238       __guard_fids__             0000000180061238     libcpmt:cerr.obj
 0005:0000023c       __guard_fids__             000000018006123c     libcpmt:cerr.obj
 0005:00000240       __guard_fids_??__Einitlocks@@YAXXZ 0000000180061240     libcpmt:cout.obj
 0005:00000244       __guard_fids_??__Efout@std@@YAXXZ 0000000180061244     libcpmt:cout.obj
 0005:00000248       __guard_fids_??__Ecout@std@@YAXXZ 0000000180061248     libcpmt:cout.obj
 0005:0000024c       __guard_fids__             000000018006124c     libcpmt:cout.obj
 0005:00000250       __guard_fids__             0000000180061250     libcpmt:cout.obj
 0005:00000254       __guard_fids__             0000000180061254     libcpmt:cout.obj
 0005:00000258       __guard_fids__             0000000180061258     libcpmt:cout.obj
 0005:0000025c       __guard_fids_??__Einitlocks@std@@YAXXZ 000000018006125c     libcpmt:iosptrs.obj
 0005:00000260       __guard_fids_??__Einit_atexit@@YAXXZ 0000000180061260     libcpmt:iosptrs.obj
 0005:00000264       __guard_fids__             0000000180061264     libcpmt:iosptrs.obj
 0005:00000268       __guard_fids__             0000000180061268     libcpmt:iosptrs.obj
 0005:0000026c       __guard_fids__             000000018006126c     libcpmt:winapisupp.obj
 0005:00000270       __guard_fids__             0000000180061270     LIBCMT:std_type_info_static.obj
 0005:00000274       __guard_fids__             0000000180061274     LIBCMT:thread_safe_statics.obj
 0005:00000278       __guard_fids_?__scrt_initialize_thread_safe_statics@@YAHXZ 0000000180061278     LIBCMT:thread_safe_statics.obj
 0005:0000027c       __guard_fids_?dllmain_crt_process_attach@@YAHQEAUHINSTANCE__@@QEAX@Z 000000018006127c     LIBCMT:dll_dllmain.obj
 0005:00000284       __guard_fids_?dllmain_dispatch@@YAHQEAUHINSTANCE__@@KQEAX@Z 0000000180061284     LIBCMT:dll_dllmain.obj
 0005:00000288       __guard_fids__             0000000180061288     LIBCMT:throw_bad_alloc.obj
 0005:00000290       __guard_fids__             0000000180061290     LIBCMT:guard_support.obj
 0005:00000294       __guard_fids__             0000000180061294     libvcruntime:frame.obj
 0005:00000298       __guard_fids__             0000000180061298     libvcruntime:frame.obj
 0005:000002a0       __guard_fids__UnwindNestedFrames 00000001800612a0     libvcruntime:trnsctrl.obj
 0005:000002a4       __guard_fids___vcrt_initialize_ptd 00000001800612a4     libvcruntime:per_thread_data.obj
 0005:000002a8       __guard_fids__             00000001800612a8     libvcruntime:rtti.obj
 0005:000002b0       __guard_fids__             00000001800612b0     libvcruntime:rtti.obj
 0007:00000060       $R000000                   0000000180063060     * linker generated manifest res *

 Exports

  ordinal    name

        1    _register_kafka_
