 node-librdkafka

 Timestamp is 5bb23ab8 (Mon Oct  1 11:18:16 2018)

 Preferred load address is 0000000180000000

 Start         Length     Name                   Class
 0001:00000000 00000240H .text$di                CODE
 0001:00000240 0003bcf0H .text$mn                CODE
 0001:0003bf30 00000020H .text$mn$00             CODE
 0001:0003bf50 000004f0H .text$x                 CODE
 0001:0003c440 0000021cH .text$yd                CODE
 0002:00000000 00000370H .idata$5                DATA
 0002:00000370 00000010H .00cfg                  DATA
 0002:00000380 00000008H .CRT$XCA                DATA
 0002:00000388 00000058H .CRT$XCC                DATA
 0002:000003e0 00000010H .CRT$XCL                DATA
 0002:000003f0 00000020H .CRT$XCU                DATA
 0002:00000410 00000008H .CRT$XCZ                DATA
 0002:00000418 00000008H .CRT$XIA                DATA
 0002:00000420 00000030H .CRT$XIC                DATA
 0002:00000450 00000008H .CRT$XIZ                DATA
 0002:00000458 00000008H .CRT$XLA                DATA
 0002:00000460 00000008H .CRT$XLZ                DATA
 0002:00000468 00000008H .CRT$XPA                DATA
 0002:00000470 00000010H .CRT$XPX                DATA
 0002:00000480 00000008H .CRT$XPXA               DATA
 0002:00000488 00000008H .CRT$XPZ                DATA
 0002:00000490 00000008H .CRT$XTA                DATA
 0002:00000498 00000008H .CRT$XTZ                DATA
 0002:000004a0 00011d78H .rdata                  DATA
 0002:00012218 00000028H .rdata$T                DATA
 0002:00012240 00002244H .rdata$r                DATA
 0002:00014484 0000048cH .rdata$zzzdbg           DATA
 0002:00014910 00000008H .rtc$IAA                DATA
 0002:00014918 00000008H .rtc$IZZ                DATA
 0002:00014920 00000008H .rtc$TAA                DATA
 0002:00014928 00000008H .rtc$TZZ                DATA
 0002:00014930 000036d8H .xdata                  DATA
 0002:00018008 00000334H .xdata$x                DATA
 0002:0001833c 00000020H .didat$2                DATA
 0002:0001835c 00000024H .didat$3                DATA
 0002:00018380 000002f8H .didat$4                DATA
 0002:00018678 000015d0H .didat$6                DATA
 0002:00019c48 000002f8H .didat$7                DATA
 0002:00019f40 00000058H .edata                  DATA
 0002:00019f98 00000028H .idata$2                DATA
 0002:00019fc0 00000018H .idata$3                DATA
 0002:00019fd8 00000370H .idata$4                DATA
 0002:0001a348 00000bc6H .idata$6                DATA
 0003:00000000 00000b90H .data                   DATA
 0003:00000b90 00000e90H .data$r                 DATA
 0003:00001a20 00000300H .didat$5                DATA
 0003:00001d20 00001ab4H .bss                    DATA
 0004:00000000 00003534H .pdata                  DATA
 0005:00000000 000000b8H .gfids$x                DATA
 0005:000000b8 00000200H .gfids$y                DATA
 0006:00000000 00000004H .tls                    DATA
 0006:00000004 00000004H .tls$                   DATA
 0006:00000008 00000001H .tls$ZZZ                DATA
 0007:00000000 00000060H .rsrc$01                DATA
 0007:00000060 00000180H .rsrc$02                DATA

  Address         Publics by Value              Rva+Base               Lib:Object

 0000:00000000       __guard_iat_table          0000000000000000     <absolute>
 0000:00000000       __dynamic_value_reloc_table 0000000000000000     <absolute>
 0000:00000000       __guard_iat_count          0000000000000000     <absolute>
 0000:00000000       __guard_longjmp_table      0000000000000000     <absolute>
 0000:00000000       __guard_longjmp_count      0000000000000000     <absolute>
 0000:00000000       __guard_fids_count         0000000000000000     <absolute>
 0000:00000000       ___safe_se_handler_table   0000000000000000     <absolute>
 0000:00000000       ___safe_se_handler_count   0000000000000000     <absolute>
 0000:00000000       __guard_fids_table         0000000000000000     <absolute>
 0000:00000100       __guard_flags              0000000000000100     <absolute>
 0000:00000000       __ImageBase                0000000180000000     <linker-defined>
 0001:00000240       ?_Deallocate@std@@YAXPEAX_K1@Z 0000000180001240 f i binding.obj
 0001:00000360       ?New@?$Factory@VFunctionTemplate@v8@@@imp@Nan@@SA?AV?$Local@VFunctionTemplate@v8@@@v8@@P6AXAEBV?$FunctionCallbackInfo@VValue@v8@@@3@@ZV?$Local@VValue@v8@@@5@V?$Local@VSignature@v8@@@5@@Z 0000000180001360 f i binding.obj
 0001:00000540       ?NodeRdKafkaErr2Str@@YAXAEBV?$FunctionCallbackInfo@VValue@v8@@@Nan@@@Z 0000000180001540 f   binding.obj
 0001:00000720       ?NodeRdKafkaBuildInFeatures@@YAXAEBV?$FunctionCallbackInfo@VValue@v8@@@Nan@@@Z 0000000180001720 f   binding.obj
 0001:00000980       ?ConstantsInit@@YAXV?$Local@VObject@v8@@@v8@@@Z 0000000180001980 f   binding.obj
 0001:00003170       ?Init@@YAXV?$Local@VObject@v8@@@v8@@0@Z 0000000180004170 f   binding.obj
 0001:000032f0       ??1?$basic_string@DU?$char_traits@D@std@@V?$allocator@D@2@@std@@QEAA@XZ 00000001800042f0 f i binding.obj
 0001:00003380       ??0?$basic_string@DU?$char_traits@D@std@@V?$allocator@D@2@@std@@QEAA@PEBD@Z 0000000180004380 f i binding.obj
 0001:000033c0       ?assign@?$basic_string@DU?$char_traits@D@std@@V?$allocator@D@2@@std@@QEAAAEAV12@PEBD_K@Z 00000001800043c0 f i binding.obj
 0001:000034f0       ?assign@?$basic_string@DU?$char_traits@D@std@@V?$allocator@D@2@@std@@QEAAAEAV12@AEBV12@_K1@Z 00000001800044f0 f i binding.obj
 0001:00003620       ?erase@?$basic_string@DU?$char_traits@D@std@@V?$allocator@D@2@@std@@QEAAAEAV12@_K0@Z 0000000180004620 f i binding.obj
 0001:000036f0       ?_Copy@?$basic_string@DU?$char_traits@D@std@@V?$allocator@D@2@@std@@QEAAX_K0@Z 00000001800046f0 f i binding.obj
 0001:00003870       ?Call@Callback@Nan@@QEBA?AV?$Local@VValue@v8@@@v8@@HQEAV34@@Z 0000000180004870 f i callbacks.obj
 0001:00003970       ?AsyncMessage_@Dispatcher@Callbacks@NodeKafka@@CAXPEAUuv_async_s@@@Z 0000000180004970 f i callbacks.obj
 0001:00003980       ??0rebalance_event_t@Callbacks@NodeKafka@@QEAA@W4ErrorCode@RdKafka@@V?$vector@PEAVTopicPartition@RdKafka@@V?$allocator@PEAVTopicPartition@RdKafka@@@std@@@std@@@Z 0000000180004980 f i callbacks.obj
 0001:00003cf0       ??0offset_commit_event_t@Callbacks@NodeKafka@@QEAA@W4ErrorCode@RdKafka@@AEBV?$vector@PEAVTopicPartition@RdKafka@@V?$allocator@PEAVTopicPartition@RdKafka@@@std@@@std@@@Z 0000000180004cf0 f i callbacks.obj
 0001:00003fc0       ?TopicPartitionListToV8Array@Callbacks@NodeKafka@@YA?AV?$Local@VArray@v8@@@v8@@V?$vector@Uevent_topic_partition_t@Callbacks@NodeKafka@@V?$allocator@Uevent_topic_partition_t@Callbacks@NodeKafka@@@std@@@std@@@Z 0000000180004fc0 f   callbacks.obj
 0001:00004460       ??1Dispatcher@Callbacks@NodeKafka@@QEAA@XZ 0000000180005460 f   callbacks.obj
 0001:000045b0       ?Dispatch@Dispatcher@Callbacks@NodeKafka@@QEAAXHQEAV?$Local@VValue@v8@@@v8@@@Z 00000001800055b0 f   callbacks.obj
 0001:00004760       ?AddCallback@Dispatcher@Callbacks@NodeKafka@@QEAAXV?$Local@VFunction@v8@@@v8@@@Z 0000000180005760 f   callbacks.obj
 0001:00004760       ?AddCallback@DeliveryReportDispatcher@Callbacks@NodeKafka@@QEAAXV?$Local@VFunction@v8@@@v8@@@Z 0000000180005760 f   callbacks.obj
 0001:000047f0       ??0event_t@Callbacks@NodeKafka@@QEAA@AEBVEvent@RdKafka@@@Z 00000001800057f0 f   callbacks.obj
 0001:00004c90       ??_EEvent@Callbacks@NodeKafka@@UEAAPEAXI@Z 0000000180005c90 f i * CIL library *:* CIL module *
 0001:00004c90       ??_GEvent@Callbacks@NodeKafka@@UEAAPEAXI@Z 0000000180005c90 f i callbacks.obj
 0001:00004ce0       ?event_cb@Event@Callbacks@NodeKafka@@UEAAXAEAV1RdKafka@@@Z 0000000180005ce0 f   callbacks.obj
 0001:00004e40       ??1EventDispatcher@Callbacks@NodeKafka@@QEAA@XZ 0000000180005e40 f   callbacks.obj
 0001:00004eb0       ?Flush@EventDispatcher@Callbacks@NodeKafka@@UEAAXXZ 0000000180005eb0 f   callbacks.obj
 0001:00005aa0       ??1DeliveryReportDispatcher@Callbacks@NodeKafka@@QEAA@XZ 0000000180006aa0 f   callbacks.obj
 0001:00005b10       ?Flush@DeliveryReportDispatcher@Callbacks@NodeKafka@@UEAAXXZ 0000000180006b10 f   callbacks.obj
 0001:00006800       ??0DeliveryReport@Callbacks@NodeKafka@@QEAA@AEBV012@@Z 0000000180007800 f i callbacks.obj
 0001:000068d0       ??0DeliveryReport@Callbacks@NodeKafka@@QEAA@AEAVMessage@RdKafka@@_N@Z 00000001800078d0 f   callbacks.obj
 0001:00006b90       ??_EDelivery@Callbacks@NodeKafka@@UEAAPEAXI@Z 0000000180007b90 f i * CIL library *:* CIL module *
 0001:00006b90       ??_GDelivery@Callbacks@NodeKafka@@UEAAPEAXI@Z 0000000180007b90 f i callbacks.obj
 0001:00006be0       ?dr_cb@Delivery@Callbacks@NodeKafka@@UEAAXAEAVMessage@RdKafka@@@Z 0000000180007be0 f   callbacks.obj
 0001:00006d40       ?Add@RebalanceDispatcher@Callbacks@NodeKafka@@QEAAXAEBUrebalance_event_t@23@@Z 0000000180007d40 f   callbacks.obj
 0001:00006d40       ?Add@OffsetCommitDispatcher@Callbacks@NodeKafka@@QEAAXAEBUoffset_commit_event_t@23@@Z 0000000180007d40 f   callbacks.obj
 0001:00006de0       ?Flush@RebalanceDispatcher@Callbacks@NodeKafka@@UEAAXXZ 0000000180007de0 f   callbacks.obj
 0001:00007140       ??_GRebalance@Callbacks@NodeKafka@@UEAAPEAXI@Z 0000000180008140 f i callbacks.obj
 0001:00007140       ??_ERebalance@Callbacks@NodeKafka@@UEAAPEAXI@Z 0000000180008140 f i * CIL library *:* CIL module *
 0001:00007180       ??1Rebalance@Callbacks@NodeKafka@@UEAA@XZ 0000000180008180 f   callbacks.obj
 0001:00007200       ?rebalance_cb@Rebalance@Callbacks@NodeKafka@@UEAAXPEAVKafkaConsumer@RdKafka@@W4ErrorCode@5@AEAV?$vector@PEAVTopicPartition@RdKafka@@V?$allocator@PEAVTopicPartition@RdKafka@@@std@@@std@@@Z 0000000180008200 f   callbacks.obj
 0001:000072a0       ?Flush@OffsetCommitDispatcher@Callbacks@NodeKafka@@UEAAXXZ 00000001800082a0 f   callbacks.obj
 0001:000074f0       ??_EOffsetCommit@Callbacks@NodeKafka@@UEAAPEAXI@Z 00000001800084f0 f i * CIL library *:* CIL module *
 0001:000074f0       ??_GOffsetCommit@Callbacks@NodeKafka@@UEAAPEAXI@Z 00000001800084f0 f i callbacks.obj
 0001:00007530       ??1OffsetCommit@Callbacks@NodeKafka@@UEAA@XZ 0000000180008530 f   callbacks.obj
 0001:000075b0       ?offset_commit_cb@OffsetCommit@Callbacks@NodeKafka@@UEAAXW4ErrorCode@RdKafka@@AEAV?$vector@PEAVTopicPartition@RdKafka@@V?$allocator@PEAVTopicPartition@RdKafka@@@std@@@std@@@Z 00000001800085b0 f   callbacks.obj
 0001:00007630       ??_GPartitioner@Callbacks@NodeKafka@@UEAAPEAXI@Z 0000000180008630 f i callbacks.obj
 0001:00007630       ??_EPartitioner@Callbacks@NodeKafka@@UEAAPEAXI@Z 0000000180008630 f i * CIL library *:* CIL module *
 0001:00007690       ?partitioner_cb@Partitioner@Callbacks@NodeKafka@@UEAAHPEBVTopic@RdKafka@@PEBV?$basic_string@DU?$char_traits@D@std@@V?$allocator@D@2@@std@@HPEAX@Z 0000000180008690 f   callbacks.obj
 0001:00007930       ?SetCallback@Partitioner@Callbacks@NodeKafka@@QEAAXV?$Local@VFunction@v8@@@v8@@@Z 0000000180008930 f   callbacks.obj
 0001:000079d0       ??0?$vector@Uevent_topic_partition_t@Callbacks@NodeKafka@@V?$allocator@Uevent_topic_partition_t@Callbacks@NodeKafka@@@std@@@std@@QEAA@AEBV01@@Z 00000001800089d0 f i callbacks.obj
 0001:00007a90       ?push_back@?$vector@V?$Persistent@VFunction@v8@@U?$CopyablePersistentTraits@VFunction@v8@@@2@@v8@@V?$allocator@V?$Persistent@VFunction@v8@@U?$CopyablePersistentTraits@VFunction@v8@@@2@@v8@@@std@@@std@@QEAAX$$QEAV?$Persistent@VFunction@v8@@U?$CopyablePersistentTraits@VFunction@v8@@@2@@v8@@@Z 0000000180008a90 f i callbacks.obj
 0001:00007b50       ??0?$vector@PEAVTopicPartition@RdKafka@@V?$allocator@PEAVTopicPartition@RdKafka@@@std@@@std@@QEAA@AEBV01@@Z 0000000180008b50 f i callbacks.obj
 0001:00007c00       ??4?$basic_string@DU?$char_traits@D@std@@V?$allocator@D@2@@std@@QEAAAEAV01@$$QEAV01@@Z 0000000180008c00 f i callbacks.obj
 0001:00007cb0       ?_Reserve@?$vector@Uoffset_commit_event_t@Callbacks@NodeKafka@@V?$allocator@Uoffset_commit_event_t@Callbacks@NodeKafka@@@std@@@std@@IEAAX_K@Z 0000000180008cb0 f i callbacks.obj
 0001:00007cb0       ?_Reserve@?$vector@Urebalance_event_t@Callbacks@NodeKafka@@V?$allocator@Urebalance_event_t@Callbacks@NodeKafka@@@std@@@std@@IEAAX_K@Z 0000000180008cb0 f i callbacks.obj
 0001:00007d40       ?_Reserve@?$vector@Uevent_topic_partition_t@Callbacks@NodeKafka@@V?$allocator@Uevent_topic_partition_t@Callbacks@NodeKafka@@@std@@@std@@IEAAX_K@Z 0000000180008d40 f i callbacks.obj
 0001:00007e10       ?_Reserve@?$vector@VDeliveryReport@Callbacks@NodeKafka@@V?$allocator@VDeliveryReport@Callbacks@NodeKafka@@@std@@@std@@IEAAX_K@Z 0000000180008e10 f i callbacks.obj
 0001:00007ee0       ?_Reserve@?$vector@Uevent_t@Callbacks@NodeKafka@@V?$allocator@Uevent_t@Callbacks@NodeKafka@@@std@@@std@@IEAAX_K@Z 0000000180008ee0 f i callbacks.obj
 0001:00007fb0       ?_Reserve@?$vector@V?$Persistent@VFunction@v8@@U?$CopyablePersistentTraits@VFunction@v8@@@2@@v8@@V?$allocator@V?$Persistent@VFunction@v8@@U?$CopyablePersistentTraits@VFunction@v8@@@2@@v8@@@std@@@std@@IEAAX_K@Z 0000000180008fb0 f i callbacks.obj
 0001:00008040       ?_Assign_rv@?$basic_string@DU?$char_traits@D@std@@V?$allocator@D@2@@std@@QEAAX$$QEAV12@@Z 0000000180009040 f i callbacks.obj
 0001:000080c0       ?deallocate@?$_Wrap_alloc@V?$allocator@Urebalance_event_t@Callbacks@NodeKafka@@@std@@@std@@QEAAXPEAUrebalance_event_t@Callbacks@NodeKafka@@_K@Z 00000001800090c0 f i callbacks.obj
 0001:000080c0       ?deallocate@?$_Wrap_alloc@V?$allocator@Uoffset_commit_event_t@Callbacks@NodeKafka@@@std@@@std@@QEAAXPEAUoffset_commit_event_t@Callbacks@NodeKafka@@_K@Z 00000001800090c0 f i callbacks.obj
 0001:000080c0       ?deallocate@?$_Wrap_alloc@V?$allocator@V?$basic_string@DU?$char_traits@D@std@@V?$allocator@D@2@@std@@@std@@@std@@QEAAXPEAV?$basic_string@DU?$char_traits@D@std@@V?$allocator@D@2@@2@_K@Z 00000001800090c0 f i common.obj
 0001:00008130       ?_Reallocate@?$vector@Uoffset_commit_event_t@Callbacks@NodeKafka@@V?$allocator@Uoffset_commit_event_t@Callbacks@NodeKafka@@@std@@@std@@IEAAX_K@Z 0000000180009130 f i callbacks.obj
 0001:00008130       ?_Reallocate@?$vector@Urebalance_event_t@Callbacks@NodeKafka@@V?$allocator@Urebalance_event_t@Callbacks@NodeKafka@@@std@@@std@@IEAAX_K@Z 0000000180009130 f i callbacks.obj
 0001:00008270       ?deallocate@?$_Wrap_alloc@V?$allocator@PEAVMessage@RdKafka@@@std@@@std@@QEAAXPEAPEAVMessage@RdKafka@@_K@Z 0000000180009270 f i workers.obj
 0001:00008270       ?deallocate@?$_Wrap_alloc@V?$allocator@V?$Persistent@VFunction@v8@@U?$CopyablePersistentTraits@VFunction@v8@@@2@@v8@@@std@@@std@@QEAAXPEAV?$Persistent@VFunction@v8@@U?$CopyablePersistentTraits@VFunction@v8@@@2@@v8@@_K@Z 0000000180009270 f i callbacks.obj
 0001:00008270       ?deallocate@?$_Wrap_alloc@V?$allocator@PEAVTopicPartition@RdKafka@@@std@@@std@@QEAAXPEAPEAVTopicPartition@RdKafka@@_K@Z 0000000180009270 f i callbacks.obj
 0001:000082e0       ?allocate@?$_Wrap_alloc@V?$allocator@PEAVTopicPartition@RdKafka@@@std@@@std@@QEAAPEAPEAVTopicPartition@RdKafka@@_K@Z 00000001800092e0 f i callbacks.obj
 0001:00008350       ?deallocate@?$_Wrap_alloc@V?$allocator@Uevent_topic_partition_t@Callbacks@NodeKafka@@@std@@@std@@QEAAXPEAUevent_topic_partition_t@Callbacks@NodeKafka@@_K@Z 0000000180009350 f i callbacks.obj
 0001:000083c0       ?allocate@?$_Wrap_alloc@V?$allocator@Uevent_topic_partition_t@Callbacks@NodeKafka@@@std@@@std@@QEAAPEAUevent_topic_partition_t@Callbacks@NodeKafka@@_K@Z 00000001800093c0 f i callbacks.obj
 0001:00008430       ?_Reallocate@?$vector@Uevent_topic_partition_t@Callbacks@NodeKafka@@V?$allocator@Uevent_topic_partition_t@Callbacks@NodeKafka@@@std@@@std@@IEAAX_K@Z 0000000180009430 f i callbacks.obj
 0001:00008560       ?deallocate@?$_Wrap_alloc@V?$allocator@VDeliveryReport@Callbacks@NodeKafka@@@std@@@std@@QEAAXPEAVDeliveryReport@Callbacks@NodeKafka@@_K@Z 0000000180009560 f i callbacks.obj
 0001:000085d0       ?_Reallocate@?$vector@VDeliveryReport@Callbacks@NodeKafka@@V?$allocator@VDeliveryReport@Callbacks@NodeKafka@@@std@@@std@@IEAAX_K@Z 00000001800095d0 f i callbacks.obj
 0001:00008720       ?deallocate@?$_Wrap_alloc@V?$allocator@Uevent_t@Callbacks@NodeKafka@@@std@@@std@@QEAAXPEAUevent_t@Callbacks@NodeKafka@@_K@Z 0000000180009720 f i callbacks.obj
 0001:00008790       ?_Reallocate@?$vector@Uevent_t@Callbacks@NodeKafka@@V?$allocator@Uevent_t@Callbacks@NodeKafka@@@std@@@std@@IEAAX_K@Z 0000000180009790 f i callbacks.obj
 0001:000088d0       ?_Reallocate@?$vector@V?$Persistent@VFunction@v8@@U?$CopyablePersistentTraits@VFunction@v8@@@2@@v8@@V?$allocator@V?$Persistent@VFunction@v8@@U?$CopyablePersistentTraits@VFunction@v8@@@2@@v8@@@std@@@std@@IEAAX_K@Z 00000001800098d0 f i callbacks.obj
 0001:00008a10       ??$_Destroy_range1@V?$allocator@Uoffset_commit_event_t@Callbacks@NodeKafka@@@std@@PEAUoffset_commit_event_t@Callbacks@NodeKafka@@@std@@YAXPEAUoffset_commit_event_t@Callbacks@NodeKafka@@0AEAU?$_Wrap_alloc@V?$allocator@Uoffset_commit_event_t@Callbacks@NodeKafka@@@std@@@0@U?$integral_constant@_N$0A@@0@@Z 0000000180009a10 f i callbacks.obj
 0001:00008a10       ??$_Destroy_range1@V?$allocator@Urebalance_event_t@Callbacks@NodeKafka@@@std@@PEAUrebalance_event_t@Callbacks@NodeKafka@@@std@@YAXPEAUrebalance_event_t@Callbacks@NodeKafka@@0AEAU?$_Wrap_alloc@V?$allocator@Urebalance_event_t@Callbacks@NodeKafka@@@std@@@0@U?$integral_constant@_N$0A@@0@@Z 0000000180009a10 f i callbacks.obj
 0001:00008b20       ??$_Destroy_range1@V?$allocator@Uevent_topic_partition_t@Callbacks@NodeKafka@@@std@@PEAUevent_topic_partition_t@Callbacks@NodeKafka@@@std@@YAXPEAUevent_topic_partition_t@Callbacks@NodeKafka@@0AEAU?$_Wrap_alloc@V?$allocator@Uevent_topic_partition_t@Callbacks@NodeKafka@@@std@@@0@U?$integral_constant@_N$0A@@0@@Z 0000000180009b20 f i callbacks.obj
 0001:00008be0       ??$_Destroy_range1@V?$allocator@VDeliveryReport@Callbacks@NodeKafka@@@std@@PEAVDeliveryReport@Callbacks@NodeKafka@@@std@@YAXPEAVDeliveryReport@Callbacks@NodeKafka@@0AEAU?$_Wrap_alloc@V?$allocator@VDeliveryReport@Callbacks@NodeKafka@@@std@@@0@U?$integral_constant@_N$0A@@0@@Z 0000000180009be0 f i callbacks.obj
 0001:00008d30       ??$_Destroy_range1@V?$allocator@Uevent_t@Callbacks@NodeKafka@@@std@@PEAUevent_t@Callbacks@NodeKafka@@@std@@YAXPEAUevent_t@Callbacks@NodeKafka@@0AEAU?$_Wrap_alloc@V?$allocator@Uevent_t@Callbacks@NodeKafka@@@std@@@0@U?$integral_constant@_N$0A@@0@@Z 0000000180009d30 f i callbacks.obj
 0001:00008f00       ??$_Uninitialized_copy_al_unchecked@PEBUevent_topic_partition_t@Callbacks@NodeKafka@@PEAU123@V?$allocator@Uevent_topic_partition_t@Callbacks@NodeKafka@@@std@@@std@@YAPEAUevent_topic_partition_t@Callbacks@NodeKafka@@PEBU123@0PEAU123@AEAU?$_Wrap_alloc@V?$allocator@Uevent_topic_partition_t@Callbacks@NodeKafka@@@std@@@0@@Z 0000000180009f00 f i callbacks.obj
 0001:00008fa0       ??$_Uninitialized_move_al_unchecked@PEAUevent_topic_partition_t@Callbacks@NodeKafka@@PEAU123@V?$allocator@Uevent_topic_partition_t@Callbacks@NodeKafka@@@std@@@std@@YAPEAUevent_topic_partition_t@Callbacks@NodeKafka@@PEAU123@00AEAU?$_Wrap_alloc@V?$allocator@Uevent_topic_partition_t@Callbacks@NodeKafka@@@std@@@0@@Z 0000000180009fa0 f i callbacks.obj
 0001:00009030       ??0event_t@Callbacks@NodeKafka@@QEAA@AEBU012@@Z 000000018000a030 f i callbacks.obj
 0001:000090e0       ?what@exception@stdext@@UEBAPEBDXZ 000000018000a0e0 f i common.obj
 0001:00009100       ?_Doraise@exception@stdext@@MEBAXXZ 000000018000a100 f i common.obj
 0001:00009100       __except_validate_context_record 000000018000a100 f i libvcruntime:jbcxrval.obj
 0001:00009100       ?_Lock@?$basic_streambuf@DU?$char_traits@D@std@@@std@@UEAAXXZ 000000018000a100 f i libcpmt:cerr.obj
 0001:00009100       _guard_check_icall_nop     000000018000a100 f i LIBCMT:guard_support.obj
 0001:00009100       ?_Unlock@?$basic_streambuf@DU?$char_traits@D@std@@@std@@UEAAXXZ 000000018000a100 f i libcpmt:cerr.obj
 0001:00009100       ?imbue@?$basic_streambuf@DU?$char_traits@D@std@@@std@@MEAAXAEBVlocale@2@@Z 000000018000a100 f i libcpmt:cerr.obj
 0001:00009110       ??_Eexception@stdext@@UEAAPEAXI@Z 000000018000a110 f i * CIL library *:* CIL module *
 0001:00009110       ??_Gruntime_error@std@@UEAAPEAXI@Z 000000018000a110 f i common.obj
 0001:00009110       ??_Gexception@stdext@@UEAAPEAXI@Z 000000018000a110 f i common.obj
 0001:00009110       ??_Eruntime_error@std@@UEAAPEAXI@Z 000000018000a110 f i * CIL library *:* CIL module *
 0001:00009140       ?_Doraise@failure@ios_base@std@@MEBAXXZ 000000018000a140 f i common.obj
 0001:00009140       ?_Doraise@runtime_error@std@@MEBAXXZ 000000018000a140 f i common.obj
 0001:00009160       ??0_Locinfo@std@@QEAA@PEBD@Z 000000018000a160 f i common.obj
 0001:00009220       ??1_Locinfo@std@@QEAA@XZ   000000018000a220 f i common.obj
 0001:000092c0       ??_E_Facet_base@std@@UEAAPEAXI@Z 000000018000a2c0 f i * CIL library *:* CIL module *
 0001:000092c0       ??_G_Facet_base@std@@UEAAPEAXI@Z 000000018000a2c0 f i common.obj
 0001:000092f0       ?_Incref@facet@locale@std@@UEAAXXZ 000000018000a2f0 f i common.obj
 0001:00009300       ?_Decref@facet@locale@std@@UEAAPEAV_Facet_base@3@XZ 000000018000a300 f i common.obj
 0001:00009310       ?_Getcat@?$ctype@D@std@@SA_KPEAPEBVfacet@locale@2@PEBV42@@Z 000000018000a310 f i common.obj
 0001:000093d0       ?do_tolower@?$ctype@D@std@@MEBADD@Z 000000018000a3d0 f i common.obj
 0001:000093e0       ?do_tolower@?$ctype@D@std@@MEBAPEBDPEADPEBD@Z 000000018000a3e0 f i common.obj
 0001:00009440       ?do_toupper@?$ctype@D@std@@MEBADD@Z 000000018000a440 f i common.obj
 0001:00009450       ?do_toupper@?$ctype@D@std@@MEBAPEBDPEADPEBD@Z 000000018000a450 f i common.obj
 0001:000094b0       ?do_widen@?$ctype@D@std@@MEBADD@Z 000000018000a4b0 f i common.obj
 0001:000094b0       ?do_narrow@?$ctype@D@std@@MEBADDD@Z 000000018000a4b0 f i common.obj
 0001:000094c0       ?do_widen@?$ctype@D@std@@MEBAPEBDPEBD0PEAD@Z 000000018000a4c0 f i common.obj
 0001:000094e0       ?do_narrow@?$ctype@D@std@@MEBAPEBDPEBD0DPEAD@Z 000000018000a4e0 f i common.obj
 0001:00009500       ??_E?$ctype@D@std@@MEAAPEAXI@Z 000000018000a500 f i * CIL library *:* CIL module *
 0001:00009500       ??_G?$ctype@D@std@@MEAAPEAXI@Z 000000018000a500 f i common.obj
 0001:00009570       ??_Gerror_category@std@@UEAAPEAXI@Z 000000018000a570 f i common.obj
 0001:00009570       ??_G_Iostream_error_category@std@@UEAAPEAXI@Z 000000018000a570 f i common.obj
 0001:00009570       ??_E_Iostream_error_category@std@@UEAAPEAXI@Z 000000018000a570 f i * CIL library *:* CIL module *
 0001:00009570       ??_Eerror_category@std@@UEAAPEAXI@Z 000000018000a570 f i * CIL library *:* CIL module *
 0001:000095a0       ?default_error_condition@error_category@std@@UEBA?AVerror_condition@2@H@Z 000000018000a5a0 f i common.obj
 0001:000095b0       ?equivalent@error_category@std@@UEBA_NHAEBVerror_condition@2@@Z 000000018000a5b0 f i common.obj
 0001:00009610       ?equivalent@error_category@std@@UEBA_NAEBVerror_code@2@H@Z 000000018000a610 f i common.obj
 0001:00009630       ?_Makestr@_System_error@std@@CA?AV?$basic_string@DU?$char_traits@D@std@@V?$allocator@D@2@@2@Verror_code@2@V32@@Z 000000018000a630 f i common.obj
 0001:00009730       ??_Gfailure@ios_base@std@@UEAAPEAXI@Z 000000018000a730 f i common.obj
 0001:00009730       ??_G_System_error@std@@UEAAPEAXI@Z 000000018000a730 f i common.obj
 0001:00009730       ??_E_System_error@std@@UEAAPEAXI@Z 000000018000a730 f i * CIL library *:* CIL module *
 0001:00009730       ??_Efailure@ios_base@std@@UEAAPEAXI@Z 000000018000a730 f i * CIL library *:* CIL module *
 0001:00009760       ?name@_Iostream_error_category@std@@UEBAPEBDXZ 000000018000a760 f i common.obj
 0001:00009770       ?message@_Iostream_error_category@std@@UEBA?AV?$basic_string@DU?$char_traits@D@std@@V?$allocator@D@2@@2@H@Z 000000018000a770 f i common.obj
 0001:000097f0       ?clear@ios_base@std@@QEAAXH_N@Z 000000018000a7f0 f i common.obj
 0001:00009d40       ??0Utf8String@Nan@@QEAA@V?$Local@VValue@v8@@@v8@@@Z 000000018000ad40 f i common.obj
 0001:00009e50       ?Log@NodeKafka@@YAXV?$basic_string@DU?$char_traits@D@std@@V?$allocator@D@2@@std@@@Z 000000018000ae50 f   common.obj
 0001:00009ed0       ??$GetParameter@_J@NodeKafka@@YA_JV?$Local@VObject@v8@@@v8@@V?$basic_string@DU?$char_traits@D@std@@V?$allocator@D@2@@std@@_J@Z 000000018000aed0 f   common.obj
 0001:0000a090       ??$GetParameter@_N@NodeKafka@@YA_NV?$Local@VObject@v8@@@v8@@V?$basic_string@DU?$char_traits@D@std@@V?$allocator@D@2@@std@@_N@Z 000000018000b090 f   common.obj
 0001:0000a240       ??$GetParameter@V?$basic_string@DU?$char_traits@D@std@@V?$allocator@D@2@@std@@@NodeKafka@@YA?AV?$basic_string@DU?$char_traits@D@std@@V?$allocator@D@2@@std@@V?$Local@VObject@v8@@@v8@@V12@1@Z 000000018000b240 f   common.obj
 0001:0000a560       ?ToStringVector@Topic@Conversion@NodeKafka@@YA?AV?$vector@V?$basic_string@DU?$char_traits@D@std@@V?$allocator@D@2@@std@@V?$allocator@V?$basic_string@DU?$char_traits@D@std@@V?$allocator@D@2@@std@@@2@@std@@V?$Local@VArray@v8@@@v8@@@Z 000000018000b560 f   common.obj
 0001:0000a970       ?ToV8Array@Topic@Conversion@NodeKafka@@YA?AV?$Local@VArray@v8@@@v8@@V?$vector@V?$basic_string@DU?$char_traits@D@std@@V?$allocator@D@2@@std@@V?$allocator@V?$basic_string@DU?$char_traits@D@std@@V?$allocator@D@2@@std@@@2@@std@@@Z 000000018000b970 f   common.obj
 0001:0000ac50       ?ToV8Array@TopicPartition@Conversion@NodeKafka@@YA?AV?$Local@VArray@v8@@@v8@@AEAV?$vector@PEAVTopicPartition@RdKafka@@V?$allocator@PEAVTopicPartition@RdKafka@@@std@@@std@@@Z 000000018000bc50 f   common.obj
 0001:0000b150       ?FromV8Array@TopicPartition@Conversion@NodeKafka@@YA?AV?$vector@PEAVTopicPartition@RdKafka@@V?$allocator@PEAVTopicPartition@RdKafka@@@std@@@std@@AEBV?$Local@VArray@v8@@@v8@@@Z 000000018000c150 f   common.obj
 0001:0000b2d0       ?FromV8Object@TopicPartition@Conversion@NodeKafka@@YAPEAV1RdKafka@@V?$Local@VObject@v8@@@v8@@@Z 000000018000c2d0 f   common.obj
 0001:0000b490       ?ToV8Object@Metadata@Conversion@NodeKafka@@YA?AV?$Local@VObject@v8@@@v8@@PEAV1RdKafka@@@Z 000000018000c490 f   common.obj
 0001:0000c290       ?ToV8Object@Message@Conversion@NodeKafka@@YA?AV?$Local@VObject@v8@@@v8@@PEAV1RdKafka@@_N@Z 000000018000d290 f   common.obj
 0001:0000c9c0       ?_Reserve@?$vector@V?$basic_string@DU?$char_traits@D@std@@V?$allocator@D@2@@std@@V?$allocator@V?$basic_string@DU?$char_traits@D@std@@V?$allocator@D@2@@std@@@2@@std@@IEAAX_K@Z 000000018000d9c0 f i common.obj
 0001:0000ca50       ?_Reserve@?$vector@PEAVTopicPartition@RdKafka@@V?$allocator@PEAVTopicPartition@RdKafka@@@std@@@std@@IEAAX_K@Z 000000018000da50 f i common.obj
 0001:0000ca50       ?_Reserve@?$vector@PEAVMessage@RdKafka@@V?$allocator@PEAVMessage@RdKafka@@@std@@@std@@IEAAX_K@Z 000000018000da50 f i workers.obj
 0001:0000cae0       ?append@?$basic_string@DU?$char_traits@D@std@@V?$allocator@D@2@@std@@QEAAAEAV12@PEBD_K@Z 000000018000dae0 f i common.obj
 0001:0000cc30       ?append@?$basic_string@DU?$char_traits@D@std@@V?$allocator@D@2@@std@@QEAAAEAV12@AEBV12@_K1@Z 000000018000dc30 f i common.obj
 0001:0000cd60       ?_Reallocate@?$vector@V?$basic_string@DU?$char_traits@D@std@@V?$allocator@D@2@@std@@V?$allocator@V?$basic_string@DU?$char_traits@D@std@@V?$allocator@D@2@@std@@@2@@std@@IEAAX_K@Z 000000018000dd60 f i common.obj
 0001:0000ce90       ?_Reallocate@?$vector@PEAVTopicPartition@RdKafka@@V?$allocator@PEAVTopicPartition@RdKafka@@@std@@@std@@IEAAX_K@Z 000000018000de90 f i common.obj
 0001:0000ce90       ?_Reallocate@?$vector@PEAVMessage@RdKafka@@V?$allocator@PEAVMessage@RdKafka@@@std@@@std@@IEAAX_K@Z 000000018000de90 f i workers.obj
 0001:0000cf70       ?allocate@?$_Wrap_alloc@V?$allocator@V?$basic_string@DU?$char_traits@D@std@@V?$allocator@D@2@@std@@@std@@@std@@QEAAPEAV?$basic_string@DU?$char_traits@D@std@@V?$allocator@D@2@@2@_K@Z 000000018000df70 f i common.obj
 0001:0000cfe0       ??$use_facet@V?$ctype@D@std@@@std@@YAAEBV?$ctype@D@0@AEBVlocale@0@@Z 000000018000dfe0 f i common.obj
 0001:0000d110       ??$_Immortalize@V_Iostream_error_category@std@@@std@@YAAEAV_Iostream_error_category@0@XZ 000000018000e110 f i common.obj
 0001:0000d190       ??$?6U?$char_traits@D@std@@@std@@YAAEAV?$basic_ostream@DU?$char_traits@D@std@@@0@AEAV10@PEBD@Z 000000018000e190 f i common.obj
 0001:0000d3e0       ??0sentry@?$basic_ostream@DU?$char_traits@D@std@@@std@@QEAA@AEAV12@@Z 000000018000e3e0 f i common.obj
 0001:0000d450       ?flush@?$basic_ostream@DU?$char_traits@D@std@@@std@@QEAAAEAV12@XZ 000000018000e450 f i common.obj
 0001:0000d540       ?put@?$basic_ostream@DU?$char_traits@D@std@@@std@@QEAAAEAV12@D@Z 000000018000e540 f i common.obj
 0001:0000d690       ?widen@?$basic_ios@DU?$char_traits@D@std@@@std@@QEBADD@Z 000000018000e690 f i common.obj
 0001:0000d730       ??$_Destroy_range1@V?$allocator@V?$basic_string@DU?$char_traits@D@std@@V?$allocator@D@2@@std@@@std@@PEAV?$basic_string@DU?$char_traits@D@std@@V?$allocator@D@2@@2@@std@@YAXPEAV?$basic_string@DU?$char_traits@D@std@@V?$allocator@D@2@@0@0AEAU?$_Wrap_alloc@V?$allocator@V?$basic_string@DU?$char_traits@D@std@@V?$allocator@D@2@@std@@@std@@@0@U?$integral_constant@_N$0A@@0@@Z 000000018000e730 f i common.obj
 0001:0000d7f0       ?create@Conf@NodeKafka@@SAPEAV12@W4ConfType@1RdKafka@@V?$Local@VObject@v8@@@v8@@AEAV?$basic_string@DU?$char_traits@D@std@@V?$allocator@D@2@@std@@@Z 000000018000e7f0 f   config.obj
 0001:0000e080       ?listen@Conf@NodeKafka@@QEAAXXZ 000000018000f080 f   config.obj
 0001:0000e130       ?ThrowError@Nan@@YAXPEBD@Z 000000018000f130 f i connection.obj
 0001:0000e1c0       ?AsyncExecute@Nan@@YAXPEAUuv_work_s@@@Z 000000018000f1c0 f i connection.obj
 0001:0000e1d0       ?AsyncExecuteComplete@Nan@@YAXPEAUuv_work_s@@@Z 000000018000f1d0 f i connection.obj
 0001:0000e200       ?AsyncQueueWorker@Nan@@YAXPEAVAsyncWorker@1@@Z 000000018000f200 f i connection.obj
 0001:0000e230       ??1ObjectWrap@Nan@@UEAA@XZ 000000018000f230 f i connection.obj
 0001:0000e2a0       ?Ref@ObjectWrap@Nan@@MEAAXXZ 000000018000f2a0 f i connection.obj
 0001:0000e2e0       ?Unref@ObjectWrap@Nan@@MEAAXXZ 000000018000f2e0 f i connection.obj
 0001:0000e390       ?WeakCallback@ObjectWrap@Nan@@CAXAEBV?$WeakCallbackInfo@VObjectWrap@Nan@@@v8@@@Z 000000018000f390 f i connection.obj
 0001:0000e420       ??_EObjectWrap@Nan@@UEAAPEAXI@Z 000000018000f420 f i * CIL library *:* CIL module *
 0001:0000e420       ??_GObjectWrap@Nan@@UEAAPEAXI@Z 000000018000f420 f i connection.obj
 0001:0000e460       ??0Connection@NodeKafka@@IEAA@PEAVConf@1@0@Z 000000018000f460 f   connection.obj
 0001:0000e660       ??_GConnection@NodeKafka@@MEAAPEAXI@Z 000000018000f660 f i connection.obj
 0001:0000e660       ??_EConnection@NodeKafka@@MEAAPEAXI@Z 000000018000f660 f i * CIL library *:* CIL module *
 0001:0000e6a0       ??1Connection@NodeKafka@@MEAA@XZ 000000018000f6a0 f   connection.obj
 0001:0000e730       ?CreateTopic@Connection@NodeKafka@@QEAA?AVBaton@2@V?$basic_string@DU?$char_traits@D@std@@V?$allocator@D@2@@std@@PEAVConf@RdKafka@@@Z 000000018000f730 f   connection.obj
 0001:0000e9c0       ?QueryWatermarkOffsets@Connection@NodeKafka@@QEAA?AVBaton@2@V?$basic_string@DU?$char_traits@D@std@@V?$allocator@D@2@@std@@HPEA_J1H@Z 000000018000f9c0 f   connection.obj
 0001:0000eab0       ?OffsetsForTimes@Connection@NodeKafka@@QEAA?AVBaton@2@AEAV?$vector@PEAVTopicPartition@RdKafka@@V?$allocator@PEAVTopicPartition@RdKafka@@@std@@@std@@H@Z 000000018000fab0 f   connection.obj
 0001:0000eb80       ?GetMetadata@Connection@NodeKafka@@QEAA?AVBaton@2@_NV?$basic_string@DU?$char_traits@D@std@@V?$allocator@D@2@@std@@H@Z 000000018000fb80 f   connection.obj
 0001:0000ed40       ?NodeGetMetadata@Connection@NodeKafka@@KAXAEBV?$FunctionCallbackInfo@VValue@v8@@@Nan@@@Z 000000018000fd40 f   connection.obj
 0001:0000f0a0       ?NodeOffsetsForTimes@Connection@NodeKafka@@KAXAEBV?$FunctionCallbackInfo@VValue@v8@@@Nan@@@Z 00000001800100a0 f   connection.obj
 0001:0000f3e0       ?NodeQueryWatermarkOffsets@Connection@NodeKafka@@KAXAEBV?$FunctionCallbackInfo@VValue@v8@@@Nan@@@Z 00000001800103e0 f   connection.obj
 0001:0000f7b0       ?NodeOnEvent@Connection@NodeKafka@@KAXAEBV?$FunctionCallbackInfo@VValue@v8@@@Nan@@@Z 00000001800107b0 f   connection.obj
 0001:0000f8a0       ??$Unwrap@VProducer@NodeKafka@@@ObjectWrap@Nan@@SAPEAVProducer@NodeKafka@@V?$Local@VObject@v8@@@v8@@@Z 00000001800108a0 f i producer.obj
 0001:0000f8a0       ??$Unwrap@VConnection@NodeKafka@@@ObjectWrap@Nan@@SAPEAVConnection@NodeKafka@@V?$Local@VObject@v8@@@v8@@@Z 00000001800108a0 f i connection.obj
 0001:0000f8a0       ??$Unwrap@VTopic@NodeKafka@@@ObjectWrap@Nan@@SAPEAVTopic@NodeKafka@@V?$Local@VObject@v8@@@v8@@@Z 00000001800108a0 f i producer.obj
 0001:0000f8a0       ??$Unwrap@VKafkaConsumer@NodeKafka@@@ObjectWrap@Nan@@SAPEAVKafkaConsumer@NodeKafka@@V?$Local@VObject@v8@@@v8@@@Z 00000001800108a0 f i kafka-consumer.obj
 0001:0000f920       ?RdKafkaError@NodeKafka@@YA?AV?$Local@VObject@v8@@@v8@@AEBW4ErrorCode@RdKafka@@V?$basic_string@DU?$char_traits@D@std@@V?$allocator@D@2@@std@@@Z 0000000180010920 f   errors.obj
 0001:0000fae0       __local_stdio_printf_options 0000000180010ae0 f i kafka-consumer.obj
 0001:0000faf0       ?SetPrototypeMethod@Nan@@YAXV?$Local@VFunctionTemplate@v8@@@v8@@PEBDP6AXAEBV?$FunctionCallbackInfo@VValue@v8@@@1@@Z@Z 0000000180010af0 f i kafka-consumer.obj
 0001:0000fbe0       ?Wrap@ObjectWrap@Nan@@IEAAXV?$Local@VObject@v8@@@v8@@@Z 0000000180010be0 f i kafka-consumer.obj
 0001:0000fcc0       ??0KafkaConsumer@NodeKafka@@IEAA@PEAVConf@1@0@Z 0000000180010cc0 f   kafka-consumer.obj
 0001:0000fe30       ??_GKafkaConsumer@NodeKafka@@MEAAPEAXI@Z 0000000180010e30 f i kafka-consumer.obj
 0001:0000fe30       ??_EKafkaConsumer@NodeKafka@@MEAAPEAXI@Z 0000000180010e30 f i * CIL library *:* CIL module *
 0001:0000fe70       ??1KafkaConsumer@NodeKafka@@MEAA@XZ 0000000180010e70 f   kafka-consumer.obj
 0001:0000ff00       ?Connect@KafkaConsumer@NodeKafka@@QEAA?AVBaton@2@XZ 0000000180010f00 f   kafka-consumer.obj
 0001:000100f0       ?ActivateDispatchers@KafkaConsumer@NodeKafka@@UEAAXXZ 00000001800110f0 f   kafka-consumer.obj
 0001:00010150       ?Disconnect@KafkaConsumer@NodeKafka@@QEAA?AVBaton@2@XZ 0000000180011150 f   kafka-consumer.obj
 0001:00010230       ?DeactivateDispatchers@KafkaConsumer@NodeKafka@@UEAAXXZ 0000000180011230 f   kafka-consumer.obj
 0001:000102c0       ?Assign@KafkaConsumer@NodeKafka@@QEAA?AVBaton@2@V?$vector@PEAVTopicPartition@RdKafka@@V?$allocator@PEAVTopicPartition@RdKafka@@@std@@@std@@@Z 00000001800112c0 f   kafka-consumer.obj
 0001:00010450       ?Unassign@KafkaConsumer@NodeKafka@@QEAA?AVBaton@2@XZ 0000000180011450 f   kafka-consumer.obj
 0001:00010550       ?Commit@KafkaConsumer@NodeKafka@@QEAA?AVBaton@2@V?$vector@PEAVTopicPartition@RdKafka@@V?$allocator@PEAVTopicPartition@RdKafka@@@std@@@std@@@Z 0000000180011550 f   kafka-consumer.obj
 0001:00010620       ?Commit@KafkaConsumer@NodeKafka@@QEAA?AVBaton@2@PEAVTopicPartition@RdKafka@@@Z 0000000180011620 f   kafka-consumer.obj
 0001:00010790       ?Commit@KafkaConsumer@NodeKafka@@QEAA?AVBaton@2@XZ 0000000180011790 f   kafka-consumer.obj
 0001:00010870       ?CommitSync@KafkaConsumer@NodeKafka@@QEAA?AVBaton@2@V?$vector@PEAVTopicPartition@RdKafka@@V?$allocator@PEAVTopicPartition@RdKafka@@@std@@@std@@@Z 0000000180011870 f   kafka-consumer.obj
 0001:00010980       ?CommitSync@KafkaConsumer@NodeKafka@@QEAA?AVBaton@2@PEAVTopicPartition@RdKafka@@@Z 0000000180011980 f   kafka-consumer.obj
 0001:00010ab0       ?CommitSync@KafkaConsumer@NodeKafka@@QEAA?AVBaton@2@XZ 0000000180011ab0 f   kafka-consumer.obj
 0001:00010b90       ?Seek@KafkaConsumer@NodeKafka@@QEAA?AVBaton@2@AEBVTopicPartition@RdKafka@@H@Z 0000000180011b90 f   kafka-consumer.obj
 0001:00010ca0       ?Committed@KafkaConsumer@NodeKafka@@QEAA?AVBaton@2@AEAV?$vector@PEAVTopicPartition@RdKafka@@V?$allocator@PEAVTopicPartition@RdKafka@@@std@@@std@@H@Z 0000000180011ca0 f   kafka-consumer.obj
 0001:00010db0       ?Subscription@KafkaConsumer@NodeKafka@@QEAA?AVBaton@2@XZ 0000000180011db0 f   kafka-consumer.obj
 0001:00010ef0       ?Subscribe@KafkaConsumer@NodeKafka@@QEAA?AVBaton@2@V?$vector@V?$basic_string@DU?$char_traits@D@std@@V?$allocator@D@2@@std@@V?$allocator@V?$basic_string@DU?$char_traits@D@std@@V?$allocator@D@2@@std@@@2@@std@@@Z 0000000180011ef0 f   kafka-consumer.obj
 0001:00010ff0       ?Consume@KafkaConsumer@NodeKafka@@QEAA?AVBaton@2@H@Z 0000000180011ff0 f   kafka-consumer.obj
 0001:000111f0       ?RefreshAssignments@KafkaConsumer@NodeKafka@@QEAA?AVBaton@2@XZ 00000001800121f0 f   kafka-consumer.obj
 0001:00011350       ?Name@KafkaConsumer@NodeKafka@@QEAA?AV?$basic_string@DU?$char_traits@D@std@@V?$allocator@D@2@@std@@XZ 0000000180012350 f   kafka-consumer.obj
 0001:00011350       ?Name@Producer@NodeKafka@@QEAA?AV?$basic_string@DU?$char_traits@D@std@@V?$allocator@D@2@@std@@XZ 0000000180012350 f   producer.obj
 0001:00011440       ?Init@KafkaConsumer@NodeKafka@@SAXV?$Local@VObject@v8@@@v8@@@Z 0000000180012440 f   kafka-consumer.obj
 0001:00011840       ?New@KafkaConsumer@NodeKafka@@KAXAEBV?$FunctionCallbackInfo@VValue@v8@@@Nan@@@Z 0000000180012840 f   kafka-consumer.obj
 0001:00011a70       ?NodeCommitted@KafkaConsumer@NodeKafka@@CAXAEBV?$FunctionCallbackInfo@VValue@v8@@@Nan@@@Z 0000000180012a70 f   kafka-consumer.obj
 0001:00011db0       ?NodeSubscription@KafkaConsumer@NodeKafka@@CAXAEBV?$FunctionCallbackInfo@VValue@v8@@@Nan@@@Z 0000000180012db0 f   kafka-consumer.obj
 0001:00011f40       ?NodePosition@KafkaConsumer@NodeKafka@@CAXAEBV?$FunctionCallbackInfo@VValue@v8@@@Nan@@@Z 0000000180012f40 f   kafka-consumer.obj
 0001:000121a0       ?NodeAssignments@KafkaConsumer@NodeKafka@@CAXAEBV?$FunctionCallbackInfo@VValue@v8@@@Nan@@@Z 00000001800131a0 f   kafka-consumer.obj
 0001:000122b0       ?NodeAssign@KafkaConsumer@NodeKafka@@CAXAEBV?$FunctionCallbackInfo@VValue@v8@@@Nan@@@Z 00000001800132b0 f   kafka-consumer.obj
 0001:000128b0       ?NodeUnassign@KafkaConsumer@NodeKafka@@CAXAEBV?$FunctionCallbackInfo@VValue@v8@@@Nan@@@Z 00000001800138b0 f   kafka-consumer.obj
 0001:00012a30       ?NodeUnsubscribe@KafkaConsumer@NodeKafka@@CAXAEBV?$FunctionCallbackInfo@VValue@v8@@@Nan@@@Z 0000000180013a30 f   kafka-consumer.obj
 0001:00012b60       ?NodeCommit@KafkaConsumer@NodeKafka@@CAXAEBV?$FunctionCallbackInfo@VValue@v8@@@Nan@@@Z 0000000180013b60 f   kafka-consumer.obj
 0001:00012e50       ?NodeCommitSync@KafkaConsumer@NodeKafka@@CAXAEBV?$FunctionCallbackInfo@VValue@v8@@@Nan@@@Z 0000000180013e50 f   kafka-consumer.obj
 0001:00013140       ?NodeSubscribe@KafkaConsumer@NodeKafka@@CAXAEBV?$FunctionCallbackInfo@VValue@v8@@@Nan@@@Z 0000000180014140 f   kafka-consumer.obj
 0001:00013360       ?NodeSeek@KafkaConsumer@NodeKafka@@CAXAEBV?$FunctionCallbackInfo@VValue@v8@@@Nan@@@Z 0000000180014360 f   kafka-consumer.obj
 0001:00013660       ?NodeOffsetsStore@KafkaConsumer@NodeKafka@@CAXAEBV?$FunctionCallbackInfo@VValue@v8@@@Nan@@@Z 0000000180014660 f   kafka-consumer.obj
 0001:00013890       ?NodePause@KafkaConsumer@NodeKafka@@CAXAEBV?$FunctionCallbackInfo@VValue@v8@@@Nan@@@Z 0000000180014890 f   kafka-consumer.obj
 0001:00013ac0       ?NodeResume@KafkaConsumer@NodeKafka@@CAXAEBV?$FunctionCallbackInfo@VValue@v8@@@Nan@@@Z 0000000180014ac0 f   kafka-consumer.obj
 0001:00013d00       ?NodeConsumeLoop@KafkaConsumer@NodeKafka@@CAXAEBV?$FunctionCallbackInfo@VValue@v8@@@Nan@@@Z 0000000180014d00 f   kafka-consumer.obj
 0001:00013f70       ?NodeConsume@KafkaConsumer@NodeKafka@@CAXAEBV?$FunctionCallbackInfo@VValue@v8@@@Nan@@@Z 0000000180014f70 f   kafka-consumer.obj
 0001:00014330       ?NodeConnect@KafkaConsumer@NodeKafka@@CAXAEBV?$FunctionCallbackInfo@VValue@v8@@@Nan@@@Z 0000000180015330 f   kafka-consumer.obj
 0001:000144d0       ?NodeDisconnect@KafkaConsumer@NodeKafka@@CAXAEBV?$FunctionCallbackInfo@VValue@v8@@@Nan@@@Z 00000001800154d0 f   kafka-consumer.obj
 0001:00014670       ?NodeGetWatermarkOffsets@KafkaConsumer@NodeKafka@@CAXAEBV?$FunctionCallbackInfo@VValue@v8@@@Nan@@@Z 0000000180015670 f   kafka-consumer.obj
 0001:00014b50       ??0?$vector@V?$basic_string@DU?$char_traits@D@std@@V?$allocator@D@2@@std@@V?$allocator@V?$basic_string@DU?$char_traits@D@std@@V?$allocator@D@2@@std@@@2@@std@@QEAA@AEBV01@@Z 0000000180015b50 f i kafka-consumer.obj
 0001:00014bf0       ?append@?$basic_string@DU?$char_traits@D@std@@V?$allocator@D@2@@std@@QEAAAEAV12@_KD@Z 0000000180015bf0 f i kafka-consumer.obj
 0001:00014d00       ??$_Uninitialized_copy_al_unchecked@PEBV?$basic_string@DU?$char_traits@D@std@@V?$allocator@D@2@@std@@PEAV12@V?$allocator@V?$basic_string@DU?$char_traits@D@std@@V?$allocator@D@2@@std@@@2@@std@@YAPEAV?$basic_string@DU?$char_traits@D@std@@V?$allocator@D@2@@0@PEBV10@0PEAV10@AEAU?$_Wrap_alloc@V?$allocator@V?$basic_string@DU?$char_traits@D@std@@V?$allocator@D@2@@std@@@std@@@0@@Z 0000000180015d00 f i kafka-consumer.obj
 0001:00014d90       ??0Producer@NodeKafka@@IEAA@PEAVConf@1@0@Z 0000000180015d90 f   producer.obj
 0001:00015010       ??_EProducer@NodeKafka@@MEAAPEAXI@Z 0000000180016010 f i * CIL library *:* CIL module *
 0001:00015010       ??_GProducer@NodeKafka@@MEAAPEAXI@Z 0000000180016010 f i producer.obj
 0001:00015050       ??1Producer@NodeKafka@@MEAA@XZ 0000000180016050 f   producer.obj
 0001:00015130       ?Init@Producer@NodeKafka@@SAXV?$Local@VObject@v8@@@v8@@@Z 0000000180016130 f   producer.obj
 0001:00015410       ?New@Producer@NodeKafka@@KAXAEBV?$FunctionCallbackInfo@VValue@v8@@@Nan@@@Z 0000000180016410 f   producer.obj
 0001:00015640       ?Connect@Producer@NodeKafka@@QEAA?AVBaton@2@XZ 0000000180016640 f   producer.obj
 0001:00015860       ?ActivateDispatchers@Producer@NodeKafka@@UEAAXXZ 0000000180016860 f   producer.obj
 0001:00015900       ?DeactivateDispatchers@Producer@NodeKafka@@UEAAXXZ 0000000180016900 f   producer.obj
 0001:00015950       ?Produce@Producer@NodeKafka@@QEAA?AVBaton@2@PEAX_KPEAVTopic@RdKafka@@HPEBX10@Z 0000000180016950 f   producer.obj
 0001:00015a90       ?Produce@Producer@NodeKafka@@QEAA?AVBaton@2@PEAX_KV?$basic_string@DU?$char_traits@D@std@@V?$allocator@D@2@@std@@HPEBX1_J0@Z 0000000180016a90 f   producer.obj
 0001:00015c20       ?NodeProduce@Producer@NodeKafka@@CAXAEBV?$FunctionCallbackInfo@VValue@v8@@@Nan@@@Z 0000000180016c20 f   producer.obj
 0001:00016530       ?NodeOnDelivery@Producer@NodeKafka@@CAXAEBV?$FunctionCallbackInfo@VValue@v8@@@Nan@@@Z 0000000180017530 f   producer.obj
 0001:000166b0       ?NodeSetPartitioner@Producer@NodeKafka@@CAXAEBV?$FunctionCallbackInfo@VValue@v8@@@Nan@@@Z 00000001800176b0 f   producer.obj
 0001:000167a0       ?NodeConnect@Producer@NodeKafka@@CAXAEBV?$FunctionCallbackInfo@VValue@v8@@@Nan@@@Z 00000001800177a0 f   producer.obj
 0001:00016940       ?NodePoll@Producer@NodeKafka@@CAXAEBV?$FunctionCallbackInfo@VValue@v8@@@Nan@@@Z 0000000180017940 f   producer.obj
 0001:000169f0       ?Flush@Producer@NodeKafka@@QEAA?AVBaton@2@H@Z 00000001800179f0 f   producer.obj
 0001:00016ad0       ?NodeFlush@Producer@NodeKafka@@CAXAEBV?$FunctionCallbackInfo@VValue@v8@@@Nan@@@Z 0000000180017ad0 f   producer.obj
 0001:00016d20       ?NodeDisconnect@Producer@NodeKafka@@CAXAEBV?$FunctionCallbackInfo@VValue@v8@@@Nan@@@Z 0000000180017d20 f   producer.obj
 0001:00016ec0       ??0Topic@NodeKafka@@AEAA@V?$basic_string@DU?$char_traits@D@std@@V?$allocator@D@2@@std@@PEAVConf@RdKafka@@@Z 0000000180017ec0 f   topic.obj
 0001:00016f40       ??_ETopic@NodeKafka@@EEAAPEAXI@Z 0000000180017f40 f i * CIL library *:* CIL module *
 0001:00016f40       ??_GTopic@NodeKafka@@EEAAPEAXI@Z 0000000180017f40 f i topic.obj
 0001:00016fb0       ?toRDKafkaTopic@Topic@NodeKafka@@QEAA?AVBaton@2@PEAVConnection@2@@Z 0000000180017fb0 f   topic.obj
 0001:00017090       ?Init@Topic@NodeKafka@@SAXV?$Local@VObject@v8@@@v8@@@Z 0000000180018090 f   topic.obj
 0001:000172a0       ?New@Topic@NodeKafka@@KAXAEBV?$FunctionCallbackInfo@VValue@v8@@@Nan@@@Z 00000001800182a0 f   topic.obj
 0001:000175f0       ?NodeGetName@Topic@NodeKafka@@CAXAEBV?$FunctionCallbackInfo@VValue@v8@@@Nan@@@Z 00000001800185f0 f   topic.obj
 0001:000177c0       ?Call@Callback@Nan@@QEBA?AV?$MaybeLocal@VValue@v8@@@v8@@HQEAV?$Local@VValue@v8@@@4@PEAVAsyncResource@2@@Z 00000001800187c0 f i workers.obj
 0001:000178c0       ??0AsyncWorker@Nan@@QEAA@PEAVCallback@1@PEBD@Z 00000001800188c0 f i workers.obj
 0001:00017990       ??1AsyncWorker@Nan@@UEAA@XZ 0000000180018990 f i workers.obj
 0001:00017a50       ?WorkComplete@AsyncWorker@Nan@@UEAAXXZ 0000000180018a50 f i workers.obj
 0001:00017ae0       ?Destroy@AsyncWorker@Nan@@UEAAXXZ 0000000180018ae0 f i workers.obj
 0001:00017b00       ?HandleOKCallback@AsyncWorker@Nan@@MEAAXXZ 0000000180018b00 f i workers.obj
 0001:00017b50       ?HandleErrorCallback@AsyncWorker@Nan@@MEAAXXZ 0000000180018b50 f i workers.obj
 0001:00017cc0       ??_GAsyncWorker@Nan@@UEAAPEAXI@Z 0000000180018cc0 f i workers.obj
 0001:00017cc0       ??_EAsyncWorker@Nan@@UEAAPEAXI@Z 0000000180018cc0 f i * CIL library *:* CIL module *
 0001:00017d00       ?HandleErrorCallback@KafkaConsumerConsumeLoop@Workers@NodeKafka@@UEAAXXZ 0000000180018d00 f i workers.obj
 0001:00017d00       ?HandleErrorCallback@KafkaConsumerConnect@Workers@NodeKafka@@UEAAXXZ 0000000180018d00 f i workers.obj
 0001:00017d00       ?HandleErrorCallback@ErrorAwareWorker@Workers@NodeKafka@@UEAAXXZ 0000000180018d00 f i workers.obj
 0001:00017ea0       ?SetErrorBaton@ErrorAwareWorker@Workers@NodeKafka@@IEAAXAEBVBaton@3@@Z 0000000180018ea0 f i workers.obj
 0001:00018000       ??_GErrorAwareWorker@Workers@NodeKafka@@UEAAPEAXI@Z 0000000180019000 f i workers.obj
 0001:00018000       ??_EErrorAwareWorker@Workers@NodeKafka@@UEAAPEAXI@Z 0000000180019000 f i * CIL library *:* CIL module *
 0001:00018050       ??0MessageWorker@Workers@NodeKafka@@QEAA@PEAVCallback@Nan@@@Z 0000000180019050 f i workers.obj
 0001:00018100       ??1MessageWorker@Workers@NodeKafka@@UEAA@XZ 0000000180019100 f i workers.obj
 0001:00018180       ?WorkMessage@MessageWorker@Workers@NodeKafka@@QEAAXXZ 0000000180019180 f i workers.obj
 0001:000182d0       ?Destroy@MessageWorker@Workers@NodeKafka@@UEAAXXZ 00000001800192d0 f i workers.obj
 0001:000182f0       ?Execute@MessageWorker@Workers@NodeKafka@@EEAAXXZ 00000001800192f0 f i workers.obj
 0001:00018310       ?Produce_@MessageWorker@Workers@NodeKafka@@AEAAXPEAVMessage@RdKafka@@@Z 0000000180019310 f i workers.obj
 0001:000183e0       ?m_async_message@MessageWorker@Workers@NodeKafka@@CAXPEAUuv_async_s@@@Z 00000001800193e0 f i workers.obj
 0001:000183f0       ?AsyncClose_@MessageWorker@Workers@NodeKafka@@CAXPEAUuv_handle_s@@@Z 00000001800193f0 f i workers.obj
 0001:00018430       ??_GMessageWorker@Workers@NodeKafka@@UEAAPEAXI@Z 0000000180019430 f i workers.obj
 0001:00018430       ??_EMessageWorker@Workers@NodeKafka@@UEAAPEAXI@Z 0000000180019430 f i * CIL library *:* CIL module *
 0001:00018470       ??_GOffsetsForTimes@Handle@Workers@NodeKafka@@UEAAPEAXI@Z 0000000180019470 f i workers.obj
 0001:00018470       ??_EOffsetsForTimes@Handle@Workers@NodeKafka@@UEAAPEAXI@Z 0000000180019470 f i * CIL library *:* CIL module *
 0001:000184b0       ??1OffsetsForTimes@Handle@Workers@NodeKafka@@UEAA@XZ 00000001800194b0 f   workers.obj
 0001:00018530       ?Execute@OffsetsForTimes@Handle@Workers@NodeKafka@@UEAAXXZ 0000000180019530 f   workers.obj
 0001:000185a0       ?HandleOKCallback@OffsetsForTimes@Handle@Workers@NodeKafka@@UEAAXXZ 00000001800195a0 f   workers.obj
 0001:000185a0       ?HandleOKCallback@KafkaConsumerCommitted@Workers@NodeKafka@@UEAAXXZ 00000001800195a0 f   workers.obj
 0001:000186f0       ?HandleErrorCallback@ProducerConnect@Workers@NodeKafka@@UEAAXXZ 00000001800196f0 f   workers.obj
 0001:000186f0       ?HandleErrorCallback@KafkaConsumerCommitted@Workers@NodeKafka@@UEAAXXZ 00000001800196f0 f   workers.obj
 0001:000186f0       ?HandleErrorCallback@ConnectionMetadata@Workers@NodeKafka@@UEAAXXZ 00000001800196f0 f   workers.obj
 0001:000186f0       ?HandleErrorCallback@KafkaConsumerConsume@Workers@NodeKafka@@UEAAXXZ 00000001800196f0 f   workers.obj
 0001:000186f0       ?HandleErrorCallback@ConnectionQueryWatermarkOffsets@Workers@NodeKafka@@UEAAXXZ 00000001800196f0 f   workers.obj
 0001:000186f0       ?HandleErrorCallback@OffsetsForTimes@Handle@Workers@NodeKafka@@UEAAXXZ 00000001800196f0 f   workers.obj
 0001:000186f0       ?HandleErrorCallback@KafkaConsumerSeek@Workers@NodeKafka@@UEAAXXZ 00000001800196f0 f   workers.obj
 0001:00018880       ??0ConnectionMetadata@Workers@NodeKafka@@QEAA@PEAVCallback@Nan@@PEAVConnection@2@V?$basic_string@DU?$char_traits@D@std@@V?$allocator@D@2@@std@@H_N@Z 0000000180019880 f   workers.obj
 0001:00018930       ??_EConnectionMetadata@Workers@NodeKafka@@UEAAPEAXI@Z 0000000180019930 f i * CIL library *:* CIL module *
 0001:00018930       ??_GConnectionMetadata@Workers@NodeKafka@@UEAAPEAXI@Z 0000000180019930 f i workers.obj
 0001:000189a0       ?Execute@ConnectionMetadata@Workers@NodeKafka@@UEAAXXZ 00000001800199a0 f   workers.obj
 0001:00018a60       ?HandleOKCallback@ConnectionMetadata@Workers@NodeKafka@@UEAAXXZ 0000000180019a60 f   workers.obj
 0001:00018bc0       ??0ConnectionQueryWatermarkOffsets@Workers@NodeKafka@@QEAA@PEAVCallback@Nan@@PEAVConnection@2@V?$basic_string@DU?$char_traits@D@std@@V?$allocator@D@2@@std@@HH@Z 0000000180019bc0 f   workers.obj
 0001:00018c70       ??_GConnectionQueryWatermarkOffsets@Workers@NodeKafka@@UEAAPEAXI@Z 0000000180019c70 f i workers.obj
 0001:00018c70       ??_EConnectionQueryWatermarkOffsets@Workers@NodeKafka@@UEAAPEAXI@Z 0000000180019c70 f i * CIL library *:* CIL module *
 0001:00018ce0       ?Execute@ConnectionQueryWatermarkOffsets@Workers@NodeKafka@@UEAAXXZ 0000000180019ce0 f   workers.obj
 0001:00018db0       ?HandleOKCallback@ConnectionQueryWatermarkOffsets@Workers@NodeKafka@@UEAAXXZ 0000000180019db0 f   workers.obj
 0001:00019040       ??_GKafkaConsumerConnect@Workers@NodeKafka@@UEAAPEAXI@Z 000000018001a040 f i workers.obj
 0001:00019040       ??_GKafkaConsumerDisconnect@Workers@NodeKafka@@UEAAPEAXI@Z 000000018001a040 f i workers.obj
 0001:00019040       ??_EKafkaConsumerConnect@Workers@NodeKafka@@UEAAPEAXI@Z 000000018001a040 f i * CIL library *:* CIL module *
 0001:00019040       ??_EProducerDisconnect@Workers@NodeKafka@@UEAAPEAXI@Z 000000018001a040 f i * CIL library *:* CIL module *
 0001:00019040       ??_EKafkaConsumerDisconnect@Workers@NodeKafka@@UEAAPEAXI@Z 000000018001a040 f i * CIL library *:* CIL module *
 0001:00019040       ??_GProducerDisconnect@Workers@NodeKafka@@UEAAPEAXI@Z 000000018001a040 f i workers.obj
 0001:00019040       ??_GProducerConnect@Workers@NodeKafka@@UEAAPEAXI@Z 000000018001a040 f i workers.obj
 0001:00019040       ??_EProducerConnect@Workers@NodeKafka@@UEAAPEAXI@Z 000000018001a040 f i * CIL library *:* CIL module *
 0001:00019090       ?Execute@ProducerConnect@Workers@NodeKafka@@UEAAXXZ 000000018001a090 f   workers.obj
 0001:000190f0       ?HandleOKCallback@ProducerConnect@Workers@NodeKafka@@UEAAXXZ 000000018001a0f0 f   workers.obj
 0001:000193f0       ?Execute@ProducerDisconnect@Workers@NodeKafka@@UEAAXXZ 000000018001a3f0 f   workers.obj
 0001:00019460       ?HandleOKCallback@ProducerDisconnect@Workers@NodeKafka@@UEAAXXZ 000000018001a460 f   workers.obj
 0001:000195f0       ?HandleErrorCallback@ProducerDisconnect@Workers@NodeKafka@@UEAAXXZ 000000018001a5f0 f   workers.obj
 0001:00019610       ??_GProducerFlush@Workers@NodeKafka@@UEAAPEAXI@Z 000000018001a610 f i workers.obj
 0001:00019610       ??_EProducerFlush@Workers@NodeKafka@@UEAAPEAXI@Z 000000018001a610 f i * CIL library *:* CIL module *
 0001:00019660       ?Execute@ProducerFlush@Workers@NodeKafka@@UEAAXXZ 000000018001a660 f   workers.obj
 0001:00019730       ?HandleOKCallback@ProducerFlush@Workers@NodeKafka@@UEAAXXZ 000000018001a730 f   workers.obj
 0001:00019850       ?Execute@KafkaConsumerConnect@Workers@NodeKafka@@UEAAXXZ 000000018001a850 f   workers.obj
 0001:000198b0       ?HandleOKCallback@KafkaConsumerConnect@Workers@NodeKafka@@UEAAXXZ 000000018001a8b0 f   workers.obj
 0001:00019c10       ?Execute@KafkaConsumerDisconnect@Workers@NodeKafka@@UEAAXXZ 000000018001ac10 f   workers.obj
 0001:00019c70       ?HandleOKCallback@KafkaConsumerDisconnect@Workers@NodeKafka@@UEAAXXZ 000000018001ac70 f   workers.obj
 0001:00019db0       ?HandleErrorCallback@KafkaConsumerDisconnect@Workers@NodeKafka@@UEAAXXZ 000000018001adb0 f   workers.obj
 0001:00019f40       ??_GKafkaConsumerConsumeLoop@Workers@NodeKafka@@UEAAPEAXI@Z 000000018001af40 f i workers.obj
 0001:00019f40       ??_EKafkaConsumerConsumeLoop@Workers@NodeKafka@@UEAAPEAXI@Z 000000018001af40 f i * CIL library *:* CIL module *
 0001:00019f80       ?Execute@KafkaConsumerConsumeLoop@Workers@NodeKafka@@UEAAXAEBVExecutionMessageBus@MessageWorker@23@@Z 000000018001af80 f   workers.obj
 0001:0001a0c0       ?HandleMessageCallback@KafkaConsumerConsumeLoop@Workers@NodeKafka@@UEAAXPEAVMessage@RdKafka@@@Z 000000018001b0c0 f   workers.obj
 0001:0001a230       ?HandleOKCallback@KafkaConsumerConsumeLoop@Workers@NodeKafka@@UEAAXXZ 000000018001b230 f   workers.obj
 0001:0001a260       ??_GKafkaConsumerConsumeNum@Workers@NodeKafka@@UEAAPEAXI@Z 000000018001b260 f i workers.obj
 0001:0001a260       ??_EKafkaConsumerConsumeNum@Workers@NodeKafka@@UEAAPEAXI@Z 000000018001b260 f i * CIL library *:* CIL module *
 0001:0001a2f0       ?Execute@KafkaConsumerConsumeNum@Workers@NodeKafka@@UEAAXXZ 000000018001b2f0 f   workers.obj
 0001:0001a4d0       ?HandleOKCallback@KafkaConsumerConsumeNum@Workers@NodeKafka@@UEAAXXZ 000000018001b4d0 f   workers.obj
 0001:0001a6b0       ?HandleErrorCallback@KafkaConsumerConsumeNum@Workers@NodeKafka@@UEAAXXZ 000000018001b6b0 f   workers.obj
 0001:0001a880       ??_EKafkaConsumerConsume@Workers@NodeKafka@@UEAAPEAXI@Z 000000018001b880 f i * CIL library *:* CIL module *
 0001:0001a880       ??_GKafkaConsumerConsume@Workers@NodeKafka@@UEAAPEAXI@Z 000000018001b880 f i workers.obj
 0001:0001a8d0       ?Execute@KafkaConsumerConsume@Workers@NodeKafka@@UEAAXXZ 000000018001b8d0 f   workers.obj
 0001:0001a940       ?HandleOKCallback@KafkaConsumerConsume@Workers@NodeKafka@@UEAAXXZ 000000018001b940 f   workers.obj
 0001:0001aab0       ??_EKafkaConsumerCommitted@Workers@NodeKafka@@UEAAPEAXI@Z 000000018001bab0 f i * CIL library *:* CIL module *
 0001:0001aab0       ??_GKafkaConsumerCommitted@Workers@NodeKafka@@UEAAPEAXI@Z 000000018001bab0 f i workers.obj
 0001:0001aaf0       ??1KafkaConsumerCommitted@Workers@NodeKafka@@UEAA@XZ 000000018001baf0 f   workers.obj
 0001:0001ab70       ?Execute@KafkaConsumerCommitted@Workers@NodeKafka@@UEAAXXZ 000000018001bb70 f   workers.obj
 0001:0001abe0       ??_EKafkaConsumerSeek@Workers@NodeKafka@@UEAAPEAXI@Z 000000018001bbe0 f i * CIL library *:* CIL module *
 0001:0001abe0       ??_GKafkaConsumerSeek@Workers@NodeKafka@@UEAAPEAXI@Z 000000018001bbe0 f i workers.obj
 0001:0001ac60       ?Execute@KafkaConsumerSeek@Workers@NodeKafka@@UEAAXXZ 000000018001bc60 f   workers.obj
 0001:0001acd0       ?HandleOKCallback@KafkaConsumerSeek@Workers@NodeKafka@@UEAAXXZ 000000018001bcd0 f   workers.obj
 0001:0001ae4c       __imp_load_?Value@External@v8@@QEBAPEAXXZ 000000018001be4c f   node:node.exe
 0001:0001ae58       __tailMerge_node_exe       000000018001be58 f i node:node.exe
 0001:0001aed1       __imp_load_?New@External@v8@@SA?AV?$Local@VExternal@v8@@@2@PEAVIsolate@2@PEAX@Z 000000018001bed1 f   node:node.exe
 0001:0001aedd       __imp_load_?GetCurrentContext@Isolate@v8@@QEAA?AV?$Local@VContext@v8@@@2@XZ 000000018001bedd f   node:node.exe
 0001:0001aee9       __imp_load_?GetCurrent@Isolate@v8@@SAPEAV12@XZ 000000018001bee9 f   node:node.exe
 0001:0001aef5       __imp_load_?CreateHandle@HandleScope@v8@@KAPEAPEAVObject@internal@2@PEAVIsolate@42@PEAV342@@Z 000000018001bef5 f   node:node.exe
 0001:0001af01       __imp_load_?CreateHandle@HandleScope@v8@@CAPEAPEAVObject@internal@2@PEAVHeapObject@42@PEAV342@@Z 000000018001bf01 f   node:node.exe
 0001:0001af0d       __imp_load_??1HandleScope@v8@@QEAA@XZ 000000018001bf0d f   node:node.exe
 0001:0001af19       __imp_load_??0HandleScope@v8@@QEAA@PEAVIsolate@1@@Z 000000018001bf19 f   node:node.exe
 0001:0001af25       __imp_load_?GetFunction@FunctionTemplate@v8@@QEAA?AV?$MaybeLocal@VFunction@v8@@@2@V?$Local@VContext@v8@@@2@@Z 000000018001bf25 f   node:node.exe
 0001:0001af31       __imp_load_?New@FunctionTemplate@v8@@SA?AV?$Local@VFunctionTemplate@v8@@@2@PEAVIsolate@2@P6AXAEBV?$FunctionCallbackInfo@VValue@v8@@@2@@ZV?$Local@VValue@v8@@@2@V?$Local@VSignature@v8@@@2@H@Z 000000018001bf31 f   node:node.exe
 0001:0001af3d       __imp_load_?ToLocalEmpty@V8@v8@@CAXXZ 000000018001bf3d f   node:node.exe
 0001:0001af49       __imp_load_?FromJustIsNothing@V8@v8@@CAXXZ 000000018001bf49 f   node:node.exe
 0001:0001af55       __imp_load_?Int32Value@Value@v8@@QEBA?AV?$Maybe@H@2@V?$Local@VContext@v8@@@2@@Z 000000018001bf55 f   node:node.exe
 0001:0001af61       __imp_load_?Escape@EscapableHandleScope@v8@@AEAAPEAPEAVObject@internal@2@PEAPEAV342@@Z 000000018001bf61 f   node:node.exe
 0001:0001af6d       __imp_load_??0EscapableHandleScope@v8@@QEAA@PEAVIsolate@1@@Z 000000018001bf6d f   node:node.exe
 0001:0001af79       __imp_load_?NewFromUtf8@String@v8@@SA?AV?$Local@VString@v8@@@2@PEAVIsolate@2@PEBDW4NewStringType@12@H@Z 000000018001bf79 f   node:node.exe
 0001:0001af85       __imp_load_?NewFromUtf8@String@v8@@SA?AV?$MaybeLocal@VString@v8@@@2@PEAVIsolate@2@PEBDW4NewStringType@2@H@Z 000000018001bf85 f   node:node.exe
 0001:0001af91       __imp_load_?New@Number@v8@@SA?AV?$Local@VNumber@v8@@@2@PEAVIsolate@2@N@Z 000000018001bf91 f   node:node.exe
 0001:0001af9d       __imp_load_?SlowGetInternalField@Object@v8@@AEAA?AV?$Local@VValue@v8@@@2@H@Z 000000018001bf9d f   node:node.exe
 0001:0001afa9       __imp_load_?New@Object@v8@@SA?AV?$Local@VObject@v8@@@2@PEAVIsolate@2@@Z 000000018001bfa9 f   node:node.exe
 0001:0001afb5       __imp_load_?GetIsolate@Object@v8@@QEAAPEAVIsolate@2@XZ 000000018001bfb5 f   node:node.exe
 0001:0001afc1       __imp_load_?SetInternalField@Object@v8@@QEAAXHV?$Local@VValue@v8@@@2@@Z 000000018001bfc1 f   node:node.exe
 0001:0001afcd       __imp_load_?DefineOwnProperty@Object@v8@@QEAA?AV?$Maybe@_N@2@V?$Local@VContext@v8@@@2@V?$Local@VName@v8@@@2@V?$Local@VValue@v8@@@2@W4PropertyAttribute@2@@Z 000000018001bfcd f   node:node.exe
 0001:0001afd9       __imp_load_?Set@Object@v8@@QEAA_NV?$Local@VValue@v8@@@2@0@Z 000000018001bfd9 f   node:node.exe
 0001:0001afe5       __imp_load_?SetInternalFieldCount@ObjectTemplate@v8@@QEAAXH@Z 000000018001bfe5 f   node:node.exe
 0001:0001aff1       __imp_load_?NewInstance@ObjectTemplate@v8@@QEAA?AV?$MaybeLocal@VObject@v8@@@2@V?$Local@VContext@v8@@@2@@Z 000000018001bff1 f   node:node.exe
 0001:0001affd       __imp_load_?New@ObjectTemplate@v8@@SA?AV?$Local@VObjectTemplate@v8@@@2@PEAVIsolate@2@V?$Local@VFunctionTemplate@v8@@@2@@Z 000000018001bffd f   node:node.exe
 0001:0001b009       __imp_load_?AtExit@node@@YAXP6AXPEAX@Z0@Z 000000018001c009 f   node:node.exe
 0001:0001b015       __imp_load_node_module_register 000000018001c015 f   node:node.exe
 0001:0001b021       __imp_load_uv_mutex_unlock 000000018001c021 f   node:node.exe
 0001:0001b02d       __imp_load_?Global@Context@v8@@QEAA?AV?$Local@VObject@v8@@@2@XZ 000000018001c02d f   node:node.exe
 0001:0001b039       __imp_load_?New@Integer@v8@@SA?AV?$Local@VInteger@v8@@@2@PEAVIsolate@2@H@Z 000000018001c039 f   node:node.exe
 0001:0001b045       __imp_load_?Error@Exception@v8@@SA?AV?$Local@VValue@v8@@@2@V?$Local@VString@v8@@@2@@Z 000000018001c045 f   node:node.exe
 0001:0001b051       __imp_load_?New@Array@v8@@SA?AV?$Local@VArray@v8@@@2@PEAVIsolate@2@H@Z 000000018001c051 f   node:node.exe
 0001:0001b05d       __imp_load_?DisposeGlobal@V8@v8@@CAXPEAPEAVObject@internal@2@@Z 000000018001c05d f   node:node.exe
 0001:0001b069       __imp_load_?CopyPersistent@V8@v8@@CAPEAPEAVObject@internal@2@PEAPEAV342@@Z 000000018001c069 f   node:node.exe
 0001:0001b075       __imp_load_?GlobalizeReference@V8@v8@@CAPEAPEAVObject@internal@2@PEAVIsolate@42@PEAPEAV342@@Z 000000018001c075 f   node:node.exe
 0001:0001b081       __imp_load_?ToInt32@Value@v8@@QEBA?AV?$MaybeLocal@VInt32@v8@@@2@V?$Local@VContext@v8@@@2@@Z 000000018001c081 f   node:node.exe
 0001:0001b08d       __imp_load_?Set@Object@v8@@QEAA?AV?$Maybe@_N@2@V?$Local@VContext@v8@@@2@V?$Local@VValue@v8@@@2@1@Z 000000018001c08d f   node:node.exe
 0001:0001b099       __imp_load_?Set@Object@v8@@QEAA_NIV?$Local@VValue@v8@@@2@@Z 000000018001c099 f   node:node.exe
 0001:0001b0a5       __imp_load_uv_mutex_lock   000000018001c0a5 f   node:node.exe
 0001:0001b0b1       __imp_load_uv_close        000000018001c0b1 f   node:node.exe
 0001:0001b0bd       __imp_load_?New@Buffer@node@@YA?AV?$MaybeLocal@VObject@v8@@@v8@@PEAVIsolate@4@PEAD_K@Z 000000018001c0bd f   node:node.exe
 0001:0001b0c9       __imp_load_?MakeCallback@node@@YA?AV?$Local@VValue@v8@@@v8@@PEAVIsolate@3@V?$Local@VObject@v8@@@3@V?$Local@VFunction@v8@@@3@HPEAV23@@Z 000000018001c0c9 f   node:node.exe
 0001:0001b0d5       __imp_load_uv_mutex_destroy 000000018001c0d5 f   node:node.exe
 0001:0001b0e1       __imp_load_uv_mutex_init   000000018001c0e1 f   node:node.exe
 0001:0001b0ed       __imp_load_uv_async_send   000000018001c0ed f   node:node.exe
 0001:0001b0f9       __imp_load_uv_async_init   000000018001c0f9 f   node:node.exe
 0001:0001b105       __imp_load_uv_default_loop 000000018001c105 f   node:node.exe
 0001:0001b111       __imp_load_?GetSource@RegExp@v8@@QEBA?AV?$Local@VString@v8@@@2@XZ 000000018001c111 f   node:node.exe
 0001:0001b11d       __imp_load_?Length@Array@v8@@QEBAIXZ 000000018001c11d f   node:node.exe
 0001:0001b129       __imp_load_?IntegerValue@Value@v8@@QEBA?AV?$Maybe@_J@2@V?$Local@VContext@v8@@@2@@Z 000000018001c129 f   node:node.exe
 0001:0001b135       __imp_load_?BooleanValue@Value@v8@@QEBA?AV?$Maybe@_N@2@V?$Local@VContext@v8@@@2@@Z 000000018001c135 f   node:node.exe
 0001:0001b141       __imp_load_?ToObject@Value@v8@@QEBA?AV?$MaybeLocal@VObject@v8@@@2@V?$Local@VContext@v8@@@2@@Z 000000018001c141 f   node:node.exe
 0001:0001b14d       __imp_load_?ToString@Value@v8@@QEBA?AV?$MaybeLocal@VString@v8@@@2@V?$Local@VContext@v8@@@2@@Z 000000018001c14d f   node:node.exe
 0001:0001b159       __imp_load_?IsRegExp@Value@v8@@QEBA_NXZ 000000018001c159 f   node:node.exe
 0001:0001b165       __imp_load_?IsNumber@Value@v8@@QEBA_NXZ 000000018001c165 f   node:node.exe
 0001:0001b171       __imp_load_?IsBoolean@Value@v8@@QEBA_NXZ 000000018001c171 f   node:node.exe
 0001:0001b17d       __imp_load_?IsObject@Value@v8@@QEBA_NXZ 000000018001c17d f   node:node.exe
 0001:0001b189       __imp_load_?IsArray@Value@v8@@QEBA_NXZ 000000018001c189 f   node:node.exe
 0001:0001b195       __imp_load_?WriteUtf8@String@v8@@QEBAHPEADHPEAHH@Z 000000018001c195 f   node:node.exe
 0001:0001b1a1       __imp_load_?Length@String@v8@@QEBAHXZ 000000018001c1a1 f   node:node.exe
 0001:0001b1ad       __imp_load_?Has@Object@v8@@QEAA?AV?$Maybe@_N@2@V?$Local@VContext@v8@@@2@V?$Local@VValue@v8@@@2@@Z 000000018001c1ad f   node:node.exe
 0001:0001b1b9       __imp_load_?Get@Object@v8@@QEAA?AV?$MaybeLocal@VValue@v8@@@2@V?$Local@VContext@v8@@@2@V?$Local@VValue@v8@@@2@@Z 000000018001c1b9 f   node:node.exe
 0001:0001b1c5       __imp_load_?Get@Object@v8@@QEAA?AV?$Local@VValue@v8@@@2@I@Z 000000018001c1c5 f   node:node.exe
 0001:0001b1d1       __imp_load_?Encode@node@@YA?AV?$Local@VValue@v8@@@v8@@PEAVIsolate@3@PEBD_KW4encoding@1@@Z 000000018001c1d1 f   node:node.exe
 0001:0001b1dd       __imp_load_?ToString@Value@v8@@QEBA?AV?$Local@VString@v8@@@2@XZ 000000018001c1dd f   node:node.exe
 0001:0001b1e9       __imp_load_?IsFunction@Value@v8@@QEBA_NXZ 000000018001c1e9 f   node:node.exe
 0001:0001b1f5       __imp_load_?GetOwnPropertyNames@Object@v8@@QEAA?AV?$Local@VArray@v8@@@2@XZ 000000018001c1f5 f   node:node.exe
 0001:0001b201       __imp_load_?Get@Object@v8@@QEAA?AV?$Local@VValue@v8@@@2@V32@@Z 000000018001c201 f   node:node.exe
 0001:0001b20d       __imp_load_uv_queue_work   000000018001c20d f   node:node.exe
 0001:0001b219       __imp_load_?ThrowException@Isolate@v8@@QEAA?AV?$Local@VValue@v8@@@2@V32@@Z 000000018001c219 f   node:node.exe
 0001:0001b225       __imp_load_?ClearWeak@V8@v8@@CAPEAXPEAPEAVObject@internal@2@@Z 000000018001c225 f   node:node.exe
 0001:0001b231       __imp_load_?MakeWeak@V8@v8@@CAXPEAPEAVObject@internal@2@PEAXP6AXAEBV?$WeakCallbackInfo@X@2@@ZW4WeakCallbackType@2@@Z 000000018001c231 f   node:node.exe
 0001:0001b23d       __imp_load_?Uint32Value@Value@v8@@QEBA?AV?$Maybe@I@2@V?$Local@VContext@v8@@@2@@Z 000000018001c23d f   node:node.exe
 0001:0001b249       __imp_load_?SlowGetAlignedPointerFromInternalField@Object@v8@@AEAAPEAXH@Z 000000018001c249 f   node:node.exe
 0001:0001b255       __imp_load_?InternalFieldCount@Object@v8@@QEAAHXZ 000000018001c255 f   node:node.exe
 0001:0001b261       __imp_load_uv_rwlock_rdlock 000000018001c261 f   node:node.exe
 0001:0001b26d       __imp_load_uv_rwlock_init  000000018001c26d f   node:node.exe
 0001:0001b279       __imp_load_uv_rwlock_rdunlock 000000018001c279 f   node:node.exe
 0001:0001b285       __imp_load_uv_rwlock_destroy 000000018001c285 f   node:node.exe
 0001:0001b291       __imp_load_?New@Signature@v8@@SA?AV?$Local@VSignature@v8@@@2@PEAVIsolate@2@V?$Local@VFunctionTemplate@v8@@@2@@Z 000000018001c291 f   node:node.exe
 0001:0001b29d       __imp_load_?Set@Template@v8@@QEAAXV?$Local@VName@v8@@@2@V?$Local@VData@v8@@@2@W4PropertyAttribute@2@@Z 000000018001c29d f   node:node.exe
 0001:0001b2a9       __imp_load_?SetClassName@FunctionTemplate@v8@@QEAAXV?$Local@VString@v8@@@2@@Z 000000018001c2a9 f   node:node.exe
 0001:0001b2b5       __imp_load_?PrototypeTemplate@FunctionTemplate@v8@@QEAA?AV?$Local@VObjectTemplate@v8@@@2@XZ 000000018001c2b5 f   node:node.exe
 0001:0001b2c1       __imp_load_?InstanceTemplate@FunctionTemplate@v8@@QEAA?AV?$Local@VObjectTemplate@v8@@@2@XZ 000000018001c2c1 f   node:node.exe
 0001:0001b2cd       __imp_load_?GetFunction@FunctionTemplate@v8@@QEAA?AV?$Local@VFunction@v8@@@2@XZ 000000018001c2cd f   node:node.exe
 0001:0001b2d9       __imp_load_?SetAlignedPointerInInternalField@Object@v8@@QEAAXHPEAX@Z 000000018001c2d9 f   node:node.exe
 0001:0001b2e5       __imp_load_uv_rwlock_wrlock 000000018001c2e5 f   node:node.exe
 0001:0001b2f1       __imp_load_uv_rwlock_wrunlock 000000018001c2f1 f   node:node.exe
 0001:0001b2fd       __imp_load_?ToObject@Value@v8@@QEBA?AV?$Local@VObject@v8@@@2@XZ 000000018001c2fd f   node:node.exe
 0001:0001b309       __imp_load_?HasInstance@Buffer@node@@YA_NV?$Local@VValue@v8@@@v8@@@Z 000000018001c309 f   node:node.exe
 0001:0001b315       __imp_load_?Data@Buffer@node@@YAPEADV?$Local@VObject@v8@@@v8@@@Z 000000018001c315 f   node:node.exe
 0001:0001b321       __imp_load_?Length@Buffer@node@@YA_KV?$Local@VObject@v8@@@v8@@@Z 000000018001c321 f   node:node.exe
 0001:0001b330       ??0bad_alloc@std@@QEAA@AEBV01@@Z 000000018001c330 f i libcpmt:xthrow.obj
 0001:0001b370       ??0bad_alloc@std@@QEAA@XZ  000000018001c370 f i libcpmt:xthrow.obj
 0001:0001b390       ??0exception@std@@QEAA@AEBV01@@Z 000000018001c390 f i libcpmt:xthrow.obj
 0001:0001b3c8       ??0length_error@std@@QEAA@AEBV01@@Z 000000018001c3c8 f i libcpmt:xthrow.obj
 0001:0001b408       ??0length_error@std@@QEAA@PEBD@Z 000000018001c408 f i libcpmt:xthrow.obj
 0001:0001b454       ??0logic_error@std@@QEAA@AEBV01@@Z 000000018001c454 f i libcpmt:xthrow.obj
 0001:0001b494       ??0out_of_range@std@@QEAA@AEBV01@@Z 000000018001c494 f i libcpmt:xthrow.obj
 0001:0001b4d4       ??0out_of_range@std@@QEAA@PEBD@Z 000000018001c4d4 f i libcpmt:xthrow.obj
 0001:0001b520       ?_Xlength_error@std@@YAXPEBD@Z 000000018001c520 f   libcpmt:xthrow.obj
 0001:0001b544       ?_Xout_of_range@std@@YAXPEBD@Z 000000018001c544 f   libcpmt:xthrow.obj
 0001:0001b568       ?what@exception@std@@UEBAPEBDXZ 000000018001c568 f i libcpmt:xthrow.obj
 0001:0001b57c       ??0_Init_locks@std@@QEAA@XZ 000000018001c57c f   libcpmt:xlock.obj
 0001:0001b5c8       ??0_Lockit@std@@QEAA@H@Z   000000018001c5c8 f   libcpmt:xlock.obj
 0001:0001b604       ??1_Init_locks@std@@QEAA@XZ 000000018001c604 f   libcpmt:xlock.obj
 0001:0001b648       ??1_Lockit@std@@QEAA@XZ    000000018001c648 f   libcpmt:xlock.obj
 0001:0001b67c       ??4?$_Yarn@D@std@@QEAAAEAV01@PEBD@Z 000000018001c67c f i libcpmt:locale0.obj
 0001:0001b6f4       ??_G_Fac_node@std@@QEAAPEAXI@Z 000000018001c6f4 f i libcpmt:locale0.obj
 0001:0001b780       ??_E_Locimp@locale@std@@MEAAPEAXI@Z 000000018001c780 f i libcpmt:locale0.obj
 0001:0001b780       ??_G_Locimp@locale@std@@MEAAPEAXI@Z 000000018001c780 f i libcpmt:locale0.obj
 0001:0001b7ec       ?_Facet_Register@std@@YAXPEAV_Facet_base@1@@Z 000000018001c7ec f   libcpmt:locale0.obj
 0001:0001b824       ?_Getgloballocale@locale@std@@CAPEAV_Locimp@12@XZ 000000018001c824 f   libcpmt:locale0.obj
 0001:0001b82c       ?_Init@locale@std@@CAPEAV_Locimp@12@_N@Z 000000018001c82c f   libcpmt:locale0.obj
 0001:0001b8e8       ?_Locimp_dtor@_Locimp@locale@std@@CAXPEAV123@@Z 000000018001c8e8 f   libcpmt:locale0.obj
 0001:0001b990       ?_Locinfo_ctor@_Locinfo@std@@SAXPEAV12@PEBD@Z 000000018001c990 f   libcpmt:locale0.obj
 0001:0001b9fc       ?_Locinfo_dtor@_Locinfo@std@@SAXPEAV12@@Z 000000018001c9fc f   libcpmt:locale0.obj
 0001:0001ba20       ?_New_Locimp@_Locimp@locale@std@@CAPEAV123@_N@Z 000000018001ca20 f   libcpmt:locale0.obj
 0001:0001ba90       ?_Setgloballocale@locale@std@@CAXPEAX@Z 000000018001ca90 f   libcpmt:locale0.obj
 0001:0001bac4       _Deletegloballocale        000000018001cac4 f   libcpmt:locale0.obj
 0001:0001bb4c       ??$use_facet@V?$codecvt@DDU_Mbstatet@@@std@@@std@@YAAEBV?$codecvt@DDU_Mbstatet@@@0@AEBVlocale@0@@Z 000000018001cb4c f i libcpmt:cerr.obj
 0001:0001bc84       ??0?$basic_ostream@DU?$char_traits@D@std@@@std@@QEAA@PEAV?$basic_streambuf@DU?$char_traits@D@std@@@1@_N@Z 000000018001cc84 f i libcpmt:cerr.obj
 0001:0001bd4c       ??0?$basic_streambuf@DU?$char_traits@D@std@@@std@@IEAA@XZ 000000018001cd4c f i libcpmt:cerr.obj
 0001:0001bdfc       ??0bad_cast@std@@QEAA@AEBV01@@Z 000000018001cdfc f i libcpmt:cerr.obj
 0001:0001be3c       ??0bad_cast@std@@QEAA@XZ   000000018001ce3c f i libcpmt:cerr.obj
 0001:0001be5c       ??1?$basic_filebuf@DU?$char_traits@D@std@@@std@@UEAA@XZ 000000018001ce5c f i libcpmt:cerr.obj
 0001:0001bf08       ??1?$basic_ios@DU?$char_traits@D@std@@@std@@UEAA@XZ 000000018001cf08 f i libcpmt:cerr.obj
 0001:0001bf2c       ??_E?$basic_ostream@DU?$char_traits@D@std@@@std@@$4PPPPPPPM@A@EAAPEAXI@Z 000000018001cf2c f i libcpmt:cerr.obj
 0001:0001bf38       ??_E?$basic_filebuf@DU?$char_traits@D@std@@@std@@UEAAPEAXI@Z 000000018001cf38 f i libcpmt:cerr.obj
 0001:0001bf38       ??_G?$basic_filebuf@DU?$char_traits@D@std@@@std@@UEAAPEAXI@Z 000000018001cf38 f i libcpmt:cerr.obj
 0001:0001bf6c       ??_E?$basic_ios@DU?$char_traits@D@std@@@std@@UEAAPEAXI@Z 000000018001cf6c f i libcpmt:cerr.obj
 0001:0001bf6c       ??_G?$basic_ios@DU?$char_traits@D@std@@@std@@UEAAPEAXI@Z 000000018001cf6c f i libcpmt:cerr.obj
 0001:0001bfb8       ??_E?$basic_ostream@DU?$char_traits@D@std@@@std@@UEAAPEAXI@Z 000000018001cfb8 f i libcpmt:cerr.obj
 0001:0001bfb8       ??_G?$basic_ostream@DU?$char_traits@D@std@@@std@@UEAAPEAXI@Z 000000018001cfb8 f i libcpmt:cerr.obj
 0001:0001c028       ??_G?$basic_streambuf@DU?$char_traits@D@std@@@std@@UEAAPEAXI@Z 000000018001d028 f i libcpmt:cerr.obj
 0001:0001c028       ??_E?$basic_streambuf@DU?$char_traits@D@std@@@std@@UEAAPEAXI@Z 000000018001d028 f i libcpmt:cerr.obj
 0001:0001c078       ??_E?$codecvt@DDU_Mbstatet@@@std@@MEAAPEAXI@Z 000000018001d078 f i libcpmt:cerr.obj
 0001:0001c078       ??_G?$codecvt@DDU_Mbstatet@@@std@@MEAAPEAXI@Z 000000018001d078 f i libcpmt:cerr.obj
 0001:0001c0a4       ??_Eios_base@std@@UEAAPEAXI@Z 000000018001d0a4 f i libcpmt:cerr.obj
 0001:0001c0a4       ??_Gios_base@std@@UEAAPEAXI@Z 000000018001d0a4 f i libcpmt:cerr.obj
 0001:0001c0f0       ??_Glocale@std@@QEAAPEAXI@Z 000000018001d0f0 f i libcpmt:cerr.obj
 0001:0001c180       ?_Endwrite@?$basic_filebuf@DU?$char_traits@D@std@@@std@@IEAA_NXZ 000000018001d180 f i libcpmt:cerr.obj
 0001:0001c334       ?_Getcat@?$codecvt@DDU_Mbstatet@@@std@@SA_KPEAPEBVfacet@locale@2@PEBV42@@Z 000000018001d334 f i libcpmt:cerr.obj
 0001:0001c3f8       ?_Init@?$basic_filebuf@DU?$char_traits@D@std@@@std@@IEAAXPEAU_iobuf@@W4_Initfl@12@@Z 000000018001d3f8 f i libcpmt:cerr.obj
 0001:0001c4e4       ?_Init@ios_base@std@@IEAAXXZ 000000018001d4e4 f i libcpmt:cerr.obj
 0001:0001c564       ?_Initcvt@?$basic_filebuf@DU?$char_traits@D@std@@@std@@IEAAXPEBV?$codecvt@DDU_Mbstatet@@@2@@Z 000000018001d564 f i libcpmt:cerr.obj
 0001:0001c604       ?_Lock@?$basic_filebuf@DU?$char_traits@D@std@@@std@@UEAAXXZ 000000018001d604 f i libcpmt:cerr.obj
 0001:0001c620       ?_Unlock@?$basic_filebuf@DU?$char_traits@D@std@@@std@@UEAAXXZ 000000018001d620 f i libcpmt:cerr.obj
 0001:0001c63c       ?do_length@?$codecvt@DDU_Mbstatet@@@std@@MEBAHAEAU_Mbstatet@@PEBD1_K@Z 000000018001d63c f i libcpmt:cerr.obj
 0001:0001c650       ?do_max_length@codecvt_base@std@@MEBAHXZ 000000018001d650 f i libcpmt:cerr.obj
 0001:0001c650       DllMain                    000000018001d650 f i LIBCMT:dll_dllmain_stub.obj
 0001:0001c650       _get_startup_argv_mode     000000018001d650 f i LIBCMT:argv_mode.obj
 0001:0001c650       ?do_encoding@codecvt_base@std@@MEBAHXZ 000000018001d650 f i libcpmt:cerr.obj
 0001:0001c658       ?do_out@?$codecvt@DDU_Mbstatet@@@std@@MEBAHAEAU_Mbstatet@@PEBD1AEAPEBDPEAD3AEAPEAD@Z 000000018001d658 f i libcpmt:cerr.obj
 0001:0001c658       ?do_in@?$codecvt@DDU_Mbstatet@@@std@@MEBAHAEAU_Mbstatet@@PEBD1AEAPEBDPEAD3AEAPEAD@Z 000000018001d658 f i libcpmt:cerr.obj
 0001:0001c674       ?do_unshift@?$codecvt@DDU_Mbstatet@@@std@@MEBAHAEAU_Mbstatet@@PEAD1AEAPEAD@Z 000000018001d674 f i libcpmt:cerr.obj
 0001:0001c680       ?imbue@?$basic_filebuf@DU?$char_traits@D@std@@@std@@MEAAXAEBVlocale@2@@Z 000000018001d680 f i libcpmt:cerr.obj
 0001:0001c6a4       ?overflow@?$basic_filebuf@DU?$char_traits@D@std@@@std@@MEAAHH@Z 000000018001d6a4 f i libcpmt:cerr.obj
 0001:0001c904       ?pbackfail@?$basic_filebuf@DU?$char_traits@D@std@@@std@@MEAAHH@Z 000000018001d904 f i libcpmt:cerr.obj
 0001:0001c9d4       ?seekoff@?$basic_filebuf@DU?$char_traits@D@std@@@std@@MEAA?AV?$fpos@U_Mbstatet@@@2@_JHH@Z 000000018001d9d4 f i libcpmt:cerr.obj
 0001:0001cac0       ?seekpos@?$basic_streambuf@DU?$char_traits@D@std@@@std@@MEAA?AV?$fpos@U_Mbstatet@@@2@V32@H@Z 000000018001dac0 f i libcpmt:cerr.obj
 0001:0001cac0       ?seekoff@?$basic_streambuf@DU?$char_traits@D@std@@@std@@MEAA?AV?$fpos@U_Mbstatet@@@2@_JHH@Z 000000018001dac0 f i libcpmt:cerr.obj
 0001:0001cadc       ?seekpos@?$basic_filebuf@DU?$char_traits@D@std@@@std@@MEAA?AV?$fpos@U_Mbstatet@@@2@V32@H@Z 000000018001dadc f i libcpmt:cerr.obj
 0001:0001cbdc       ?setbuf@?$basic_filebuf@DU?$char_traits@D@std@@@std@@MEAAPEAV?$basic_streambuf@DU?$char_traits@D@std@@@2@PEAD_J@Z 000000018001dbdc f i libcpmt:cerr.obj
 0001:0001cc30       ?setbuf@?$basic_streambuf@DU?$char_traits@D@std@@@std@@MEAAPEAV12@PEAD_J@Z 000000018001dc30 f i libcpmt:cerr.obj
 0001:0001cc34       ?sync@?$basic_filebuf@DU?$char_traits@D@std@@@std@@MEAAHXZ 000000018001dc34 f i libcpmt:cerr.obj
 0001:0001cc94       ?uflow@?$basic_filebuf@DU?$char_traits@D@std@@@std@@MEAAHXZ 000000018001dc94 f i libcpmt:cerr.obj
 0001:0001cf2c       ?uflow@?$basic_streambuf@DU?$char_traits@D@std@@@std@@MEAAHXZ 000000018001df2c f i libcpmt:cerr.obj
 0001:0001cf78       ?underflow@?$basic_filebuf@DU?$char_traits@D@std@@@std@@MEAAHXZ 000000018001df78 f i libcpmt:cerr.obj
 0001:0001cff0       ?underflow@?$basic_streambuf@DU?$char_traits@D@std@@@std@@MEAAHXZ 000000018001dff0 f i libcpmt:cerr.obj
 0001:0001cff0       ?overflow@?$basic_streambuf@DU?$char_traits@D@std@@@std@@MEAAHH@Z 000000018001dff0 f i libcpmt:cerr.obj
 0001:0001cff0       ?pbackfail@?$basic_streambuf@DU?$char_traits@D@std@@@std@@MEAAHH@Z 000000018001dff0 f i libcpmt:cerr.obj
 0001:0001cff4       ?xsgetn@?$basic_streambuf@DU?$char_traits@D@std@@@std@@MEAA_JPEAD_J@Z 000000018001dff4 f i libcpmt:cerr.obj
 0001:0001d0b4       ?xsputn@?$basic_streambuf@DU?$char_traits@D@std@@@std@@MEAA_JPEBD_J@Z 000000018001e0b4 f i libcpmt:cerr.obj
 0001:0001d178       ?_Syserror_map@std@@YAPEBDH@Z 000000018001e178 f   libcpmt:syserror.obj
 0001:0001d1a0       _Getctype                  000000018001e1a0 f   libcpmt:_tolower.obj
 0001:0001d260       _Tolower                   000000018001e260 f   libcpmt:_tolower.obj
 0001:0001d388       _Toupper                   000000018001e388 f   libcpmt:_toupper.obj
 0001:0001d4c0       ??0_Init_cout@std@@QEAA@XZ 000000018001e4c0 f i libcpmt:cout.obj
 0001:0001d52c       _Mtxdst                    000000018001e52c f   libcpmt:xmtx.obj
 0001:0001d534       _Mtxinit                   000000018001e534 f   libcpmt:xmtx.obj
 0001:0001d544       _Mtxlock                   000000018001e544 f   libcpmt:xmtx.obj
 0001:0001d54c       _Mtxunlock                 000000018001e54c f   libcpmt:xmtx.obj
 0001:0001d554       ?_Atexit@@YAXP6AXXZ@Z      000000018001e554 f   libcpmt:iosptrs.obj
 0001:0001d594       ?_Addstd@ios_base@std@@SAXPEAV12@@Z 000000018001e594 f   libcpmt:ios.obj
 0001:0001d604       ?_Ios_base_dtor@ios_base@std@@CAXPEAV12@@Z 000000018001e604 f   libcpmt:ios.obj
 0001:0001d648       ?_Tidy@ios_base@std@@AEAAXXZ 000000018001e648 f i libcpmt:ios.obj
 0001:0001d6d8       __crtLCMapStringA          000000018001e6d8 f   libcpmt:StlLCMapStringA.obj
 0001:0001de94       __crtInitializeCriticalSectionEx 000000018001ee94 f   libcpmt:winapisupp.obj
 0001:0001def4       GetTableIndexFromLocaleName 000000018001eef4 f   libcpmt:winapinls.obj
 0001:0001df80       __crtDownlevelLocaleNameToLCID 000000018001ef80 f   libcpmt:winapinls.obj
 0001:0001dfb4       __crtLCMapStringEx         000000018001efb4 f   libcpmt:winapinls.obj
 0001:0001e070       __wcsnicmp_ascii           000000018001f070 f   libcpmt:winapinls.obj
 0001:0001e0e0       __security_check_cookie    000000018001f0e0 f   LIBCMT:_amdsecgs_.obj
 0001:0001e104       ??2@YAPEAX_K@Z             000000018001f104 f   LIBCMT:new_scalar.obj
 0001:0001e140       ??3@YAXPEAX@Z              000000018001f140 f   LIBCMT:delete_scalar.obj
 0001:0001e148       ??_Etype_info@@UEAAPEAXI@Z 000000018001f148 f i LIBCMT:std_type_info_static.obj
 0001:0001e148       ??_Gtype_info@@UEAAPEAXI@Z 000000018001f148 f i LIBCMT:std_type_info_static.obj
 0001:0001e174       ??3@YAXPEAX_K@Z            000000018001f174 f   LIBCMT:delete_scalar_size.obj
 0001:0001e174       ??_V@YAXPEAX@Z             000000018001f174 f   LIBCMT:delete_array.obj
 0001:0001e2c4       _Init_thread_footer        000000018001f2c4 f   LIBCMT:thread_safe_statics.obj
 0001:0001e324       _Init_thread_header        000000018001f324 f   LIBCMT:thread_safe_statics.obj
 0001:0001e38c       _Init_thread_notify        000000018001f38c f   LIBCMT:thread_safe_statics.obj
 0001:0001e3e8       _Init_thread_wait          000000018001f3e8 f   LIBCMT:thread_safe_statics.obj
 0001:0001e480       __scrt_acquire_startup_lock 000000018001f480 f   LIBCMT:utility.obj
 0001:0001e4bc       __scrt_dllmain_after_initialize_c 000000018001f4bc f   LIBCMT:utility.obj
 0001:0001e4f0       __scrt_dllmain_before_initialize_c 000000018001f4f0 f   LIBCMT:utility.obj
 0001:0001e508       __scrt_dllmain_crt_thread_attach 000000018001f508 f   LIBCMT:utility.obj
 0001:0001e530       __scrt_dllmain_crt_thread_detach 000000018001f530 f   LIBCMT:utility.obj
 0001:0001e548       __scrt_dllmain_exception_filter 000000018001f548 f   LIBCMT:utility.obj
 0001:0001e5ac       __scrt_dllmain_uninitialize_c 000000018001f5ac f   LIBCMT:utility.obj
 0001:0001e5dc       __scrt_dllmain_uninitialize_critical 000000018001f5dc f   LIBCMT:utility.obj
 0001:0001e5f0       __scrt_initialize_crt      000000018001f5f0 f   LIBCMT:utility.obj
 0001:0001e63c       __scrt_initialize_onexit_tables 000000018001f63c f   LIBCMT:utility.obj
 0001:0001e708       __scrt_is_nonwritable_in_current_image 000000018001f708 f   LIBCMT:utility.obj
 0001:0001e7a4       __scrt_release_startup_lock 000000018001f7a4 f   LIBCMT:utility.obj
 0001:0001e7c8       __scrt_uninitialize_crt    000000018001f7c8 f   LIBCMT:utility.obj
 0001:0001e7f4       _onexit                    000000018001f7f4 f   LIBCMT:utility.obj
 0001:0001e844       atexit                     000000018001f844 f   LIBCMT:utility.obj
 0001:0001e85c       ??_U@YAPEAX_K@Z            000000018001f85c f   LIBCMT:new_array.obj
[...]
 0004:000032d0       $pdata$strrchr             00000001800602d0     libvcruntime:strrchr.obj
 0004:000032dc       $pdata$wcschr              00000001800602dc     libvcruntime:wcschr.obj
 0004:000032e8       $pdata$??0__non_rtti_object@std@@QEAA@AEBV01@@Z 00000001800602e8     libvcruntime:rtti.obj
 0004:000032f4       $pdata$??0bad_typeid@std@@QEAA@AEBV01@@Z 00000001800602f4     libvcruntime:rtti.obj
 0004:00003300       $pdata$?FindMITargetTypeInstance@@YAPEBU_s_RTTIBaseClassDescriptor@@PEAXPEBU_s_RTTICompleteObjectLocator@@PEAUTypeDescriptor@@_J2_K@Z 0000000180060300     libvcruntime:rtti.obj
 0004:0000330c       $pdata$?FindSITargetTypeInstance@@YAPEBU_s_RTTIBaseClassDescriptor@@PEBU_s_RTTICompleteObjectLocator@@PEAUTypeDescriptor@@1_K@Z 000000018006030c     libvcruntime:rtti.obj
 0004:00003318       $pdata$?FindVITargetTypeInstance@@YAPEBU_s_RTTIBaseClassDescriptor@@PEAXPEBU_s_RTTICompleteObjectLocator@@PEAUTypeDescriptor@@_J2_K@Z 0000000180060318     libvcruntime:rtti.obj
 0004:00003324       $pdata$__RTDynamicCast     0000000180060324     libvcruntime:rtti.obj
 0004:0000333c       $pdata$?dtor$0@?0???0?$basic_ostream@DU?$char_traits@D@std@@@std@@QEAA@PEAV?$basic_streambuf@DU?$char_traits@D@std@@@1@_N@Z@4HA 000000018006033c     libcpmt:cerr.obj
 0004:00003348       $pdata$?dtor$0@?0??_Getcat@?$codecvt@DDU_Mbstatet@@@std@@SA_KPEAPEBVfacet@locale@2@PEBV42@@Z@4HA 0000000180060348     libcpmt:cerr.obj
 0004:00003354       $pdata$__scrt_is_nonwritable_in_current_image$filt$0 0000000180060354     LIBCMT:utility.obj
 0004:00003360       $pdata$?fin$0@?0??dllmain_crt_process_attach@@YAHQEAUHINSTANCE__@@QEAX@Z@4HA 0000000180060360     LIBCMT:dll_dllmain.obj
 0004:0000336c       $pdata$?fin$0@?0??dllmain_crt_process_detach@@YAH_N@Z@4HA 000000018006036c     LIBCMT:dll_dllmain.obj
 0004:00003378       $pdata$?filt$0@?0??dllmain_dispatch@@YAHQEAUHINSTANCE__@@KQEAX@Z@4HA 0000000180060378     LIBCMT:dll_dllmain.obj
 0004:00003384       $pdata$__CxxCallCatchBlock$filt$0 0000000180060384     libvcruntime:frame.obj
 0004:00003390       $pdata$__CxxCallCatchBlock$fin$1 0000000180060390     libvcruntime:frame.obj
 0004:0000339c       $pdata$__DestructExceptionObject$filt$0 000000018006039c     libvcruntime:frame.obj
 0004:000033a8       $pdata$__FrameUnwindToState$filt$0 00000001800603a8     libvcruntime:frame.obj
 0004:000033b4       $pdata$__FrameUnwindToState$fin$1 00000001800603b4     libvcruntime:frame.obj
 0004:000033c0       $pdata$_CallSETranslator$filt$0 00000001800603c0     libvcruntime:trnsctrl.obj
 0004:000033cc       $pdata$?fin$0@?0???$?RV<lambda_7b91131dde12e1c3dfc74ff76b3f2eac>@@AEAV<lambda_dd75445284c072d0bd3768540cc698fa>@@V<lambda_16bc4ecb55b4718497c16bceaea2ceaf>@@@?$__crt_seh_guarded_call@H@@QEAAH$$QEAV<lambda_7b91131dde12e1c3dfc74ff76b3f2eac>@@AEAV<lambda_dd75445284c072d0bd3768540cc698fa>@@$$QEAV<lambda_16bc4ecb55b4718497c16bceaea2ceaf>@@@Z@4HA 00000001800603cc     libucrt:output.obj
 0004:000033cc       $pdata$?fin$0@?0???$?RV<lambda_7a5ef57ff966f610505f1d28a3d40618>@@AEAV<lambda_b721fa326cdb32351d23dfa67958c160>@@V<lambda_5e0fb27672408a07956fe59e48ccb2aa>@@@?$__crt_seh_guarded_call@H@@QEAAH$$QEAV<lambda_7a5ef57ff966f610505f1d28a3d40618>@@AEAV<lambda_b721fa326cdb32351d23dfa67958c160>@@$$QEAV<lambda_5e0fb27672408a07956fe59e48ccb2aa>@@@Z@4HA 00000001800603cc     libucrt:setvbuf.obj
 0004:000033cc       $pdata$?fin$0@?0???$?RV<lambda_5d4c3fee44080f75d5d9762853974fe0>@@AEAV<lambda_532e024f4337e6fc7ad266c2bef9f4ed>@@V<lambda_c87bdc10097eb2402edb8ba9bdf0697b>@@@?$__crt_seh_guarded_call@_K@@QEAA_K$$QEAV<lambda_5d4c3fee44080f75d5d9762853974fe0>@@AEAV<lambda_532e024f4337e6fc7ad266c2bef9f4ed>@@$$QEAV<lambda_c87bdc10097eb2402edb8ba9bdf0697b>@@@Z@4HA 00000001800603cc     libucrt:fwrite.obj
 0004:000033d8       $pdata$setlocale$fin$0     00000001800603d8     libucrt:setlocale.obj
 0004:000033e4       $pdata$common_flush_all$fin$0 00000001800603e4     libucrt:fflush.obj
 0004:000033f0       $pdata$common_flush_all$fin$1 00000001800603f0     libucrt:fflush.obj
 0004:000033fc       $pdata$fflush$fin$0        00000001800603fc     libucrt:fflush.obj
 0004:000033fc       $pdata$fclose$fin$0        00000001800603fc     libucrt:fclose.obj
 0004:00003408       $pdata$fgetc$fin$0         0000000180060408     libucrt:fgetc.obj
 0004:00003414       $pdata$fputc$fin$0         0000000180060414     libucrt:fputc.obj
 0004:00003420       $pdata$?fin$0@?0???$common_ftell@_J@@YA_JV__crt_stdio_stream@@@Z@4HA 0000000180060420     libucrt:ftell.obj
 0004:00003420       $pdata$?fin$0@?0??common_fseek@@YAHV__crt_stdio_stream@@_JH@Z@4HA 0000000180060420     libucrt:fseek.obj
 0004:0000342c       $pdata$ungetc$fin$0        000000018006042c     libucrt:ungetc.obj
 0004:00003438       $pdata$_query_new_handler$fin$0 0000000180060438     libucrt:new_handler.obj
 0004:00003444       $pdata$?filt$0@?0??common_exit@@YAXHW4_crt_exit_cleanup_mode@@W4_crt_exit_return_mode@@@Z@4HA 0000000180060444     libucrt:exit.obj
 0004:00003450       $pdata$?fin$1@?0??common_exit@@YAXHW4_crt_exit_cleanup_mode@@W4_crt_exit_return_mode@@@Z@4HA 0000000180060450     libucrt:exit.obj
 0004:0000345c       $pdata$?fin$0@?0???$?RV<lambda_e24bbb7b643b32fcea6fa61b31d4c984>@@AEAV<lambda_275893d493268fdec8709772e3fcec0e>@@V<lambda_9d71df4d7cf3f480f8d633942495c3b0>@@@?$__crt_seh_guarded_call@H@@QEAAH$$QEAV<lambda_e24bbb7b643b32fcea6fa61b31d4c984>@@AEAV<lambda_275893d493268fdec8709772e3fcec0e>@@$$QEAV<lambda_9d71df4d7cf3f480f8d633942495c3b0>@@@Z@4HA 000000018006045c     libucrt:onexit.obj
 0004:00003468       $pdata$?fin$0@?0???$?RV<lambda_630b2aca97f6d20d5b5ea6529ea6b6af>@@AEAV<lambda_af91936f1d075d609f72d9d8cba980af>@@V<lambda_e82fa975f615b5c7c7b0e4d178fdae67>@@@?$__crt_seh_guarded_call@H@@QEAAH$$QEAV<lambda_630b2aca97f6d20d5b5ea6529ea6b6af>@@AEAV<lambda_af91936f1d075d609f72d9d8cba980af>@@$$QEAV<lambda_e82fa975f615b5c7c7b0e4d178fdae67>@@@Z@4HA 0000000180060468     libucrt:winapi_thunks.obj
 0004:00003468       $pdata$?fin$0@?0???$?RV<lambda_d67e8342c384adda8f857579ab50b2ae>@@AEAV<lambda_30712929f77e709619002f448b6a9510>@@V<lambda_4525336fd7e478d965fb7ca7a337cad8>@@@?$__crt_seh_guarded_call@X@@QEAAX$$QEAV<lambda_d67e8342c384adda8f857579ab50b2ae>@@AEAV<lambda_30712929f77e709619002f448b6a9510>@@$$QEAV<lambda_4525336fd7e478d965fb7ca7a337cad8>@@@Z@4HA 0000000180060468     libucrt:wsetlocale.obj
 0004:00003468       $pdata$?fin$0@?0???$?RV<lambda_fb3a7dec4e47f37f22dae91bb15c9095>@@AEAV<lambda_698284760c8add0bfb0756c19673e34b>@@V<lambda_dfb8eca1e75fef3034a8fb18dd509707>@@@?$__crt_seh_guarded_call@X@@QEAAX$$QEAV<lambda_fb3a7dec4e47f37f22dae91bb15c9095>@@AEAV<lambda_698284760c8add0bfb0756c19673e34b>@@$$QEAV<lambda_dfb8eca1e75fef3034a8fb18dd509707>@@@Z@4HA 0000000180060468     libucrt:per_thread_data.obj
 0004:00003468       $pdata$?fin$0@?0???$?RV<lambda_99476a1ad63dd22509b5d3e65b0ffc95>@@AEAV<lambda_ad1ced32f4ac17aa236e5ef05d6b3b7c>@@V<lambda_f7424dd8d45958661754dc4f2697e9c3>@@@?$__crt_seh_guarded_call@X@@QEAAX$$QEAV<lambda_99476a1ad63dd22509b5d3e65b0ffc95>@@AEAV<lambda_ad1ced32f4ac17aa236e5ef05d6b3b7c>@@$$QEAV<lambda_f7424dd8d45958661754dc4f2697e9c3>@@@Z@4HA 0000000180060468     libucrt:mbctype.obj
 0004:00003468       $pdata$?fin$0@?0???$?RV<lambda_b8c45f8f788dd370798f47cfe8ac3a86>@@AEAV<lambda_4e60a939b0d047cfe11ddc22648dfba9>@@V<lambda_332c3edc96d0294ec56c57d38c1cdfd5>@@@?$__crt_seh_guarded_call@H@@QEAAH$$QEAV<lambda_b8c45f8f788dd370798f47cfe8ac3a86>@@AEAV<lambda_4e60a939b0d047cfe11ddc22648dfba9>@@$$QEAV<lambda_332c3edc96d0294ec56c57d38c1cdfd5>@@@Z@4HA 0000000180060468     libucrt:onexit.obj
 0004:00003468       $pdata$?fin$0@?0???$?RV<lambda_c36588078e9f5dfd39652860aa6b3aaf>@@AEAV<lambda_ec61778202f4f5fc7e7711acc23c3bca>@@V<lambda_dc9d2797ccde5d239b4a0efae8ebd7db>@@@?$__crt_seh_guarded_call@P6AXH@Z@@QEAAP6AXH@Z$$QEAV<lambda_c36588078e9f5dfd39652860aa6b3aaf>@@AEAV<lambda_ec61778202f4f5fc7e7711acc23c3bca>@@$$QEAV<lambda_dc9d2797ccde5d239b4a0efae8ebd7db>@@@Z@4HA 0000000180060468     libucrt:signal.obj
 0004:00003468       $pdata$?fin$0@?0???$?RV<lambda_46352004c1216016012b18bd6f87e700>@@AEAV<lambda_3bd07e1a1191394380780325891bf33f>@@V<lambda_334532d3f185bcaa59b5be82d7d22bff>@@@?$__crt_seh_guarded_call@X@@QEAAX$$QEAV<lambda_46352004c1216016012b18bd6f87e700>@@AEAV<lambda_3bd07e1a1191394380780325891bf33f>@@$$QEAV<lambda_334532d3f185bcaa59b5be82d7d22bff>@@@Z@4HA 0000000180060468     libucrt:per_thread_data.obj
 0004:00003468       $pdata$?fin$0@?0???$?RV<lambda_72d1df2b273a38828b1ce30cbf4cdab5>@@AEAV<lambda_876a65b173b8412d3a47c70a915b0cf4>@@V<lambda_41932305e351933ebe8f8be3ed8bb5dc>@@@?$__crt_seh_guarded_call@X@@QEAAX$$QEAV<lambda_72d1df2b273a38828b1ce30cbf4cdab5>@@AEAV<lambda_876a65b173b8412d3a47c70a915b0cf4>@@$$QEAV<lambda_41932305e351933ebe8f8be3ed8bb5dc>@@@Z@4HA 0000000180060468     libucrt:per_thread_data.obj
 0004:00003468       $pdata$?fin$0@?0???$?RV<lambda_5e887d1dcbef67a5eb4283622ba103bf>@@AEAV<lambda_4466841279450cc726390878d4a41900>@@V<lambda_341c25c0346d94847f1f3c463c57e077>@@@?$__crt_seh_guarded_call@X@@QEAAX$$QEAV<lambda_5e887d1dcbef67a5eb4283622ba103bf>@@AEAV<lambda_4466841279450cc726390878d4a41900>@@$$QEAV<lambda_341c25c0346d94847f1f3c463c57e077>@@@Z@4HA 0000000180060468     libucrt:per_thread_data.obj
 0004:00003474       $pdata$raise$fin$0         0000000180060474     libucrt:signal.obj
 0004:00003480       $pdata$?fin$0@?0???$?RV<lambda_5df02c53a8f32f81fd64e5bbb78039f1>@@AEAV<lambda_2af78c5f5901b1372d98f9ab3177dfa6>@@AEAV<lambda_f51fe5fd7c79a33db34fc9310f277369>@@@?$__crt_seh_guarded_call@X@@QEAAX$$QEAV<lambda_5df02c53a8f32f81fd64e5bbb78039f1>@@AEAV<lambda_2af78c5f5901b1372d98f9ab3177dfa6>@@AEAV<lambda_f51fe5fd7c79a33db34fc9310f277369>@@@Z@4HA 0000000180060480     libucrt:wsetlocale.obj
 0004:0000348c       $pdata$common_control87$filt$0 000000018006048c     libucrt:ieee.obj
 0004:0000348c       $pdata$_ctrlfp$filt$0      000000018006048c     libucrt:fpctrl.obj
 0004:00003498       $pdata$_fcloseall$fin$0    0000000180060498     libucrt:closeall.obj
 0004:000034a4       $pdata$?fin$0@?0???$?RV<lambda_b521505b218e5242e90febf6bfebc422>@@AEAV<lambda_6978c1fb23f02e42e1d9e99668cc68aa>@@V<lambda_314360699dd331753a4119843814e9a7>@@@?$__crt_seh_guarded_call@H@@QEAAH$$QEAV<lambda_b521505b218e5242e90febf6bfebc422>@@AEAV<lambda_6978c1fb23f02e42e1d9e99668cc68aa>@@$$QEAV<lambda_314360699dd331753a4119843814e9a7>@@@Z@4HA 00000001800604a4     libucrt:commit.obj
 0004:000034a4       $pdata$?fin$0@?0???$?RV<lambda_bfedae4ebbf01fab1bb6dcc6a9e276e0>@@AEAV<lambda_2fe9b910cf3cbf4a0ab98a02ba45b3ec>@@V<lambda_237c231691f317818eb88cc1d5d642d6>@@@?$__crt_seh_guarded_call@H@@QEAAH$$QEAV<lambda_bfedae4ebbf01fab1bb6dcc6a9e276e0>@@AEAV<lambda_2fe9b910cf3cbf4a0ab98a02ba45b3ec>@@$$QEAV<lambda_237c231691f317818eb88cc1d5d642d6>@@@Z@4HA 00000001800604a4     libucrt:close.obj
 0004:000034b0       $pdata$__acrt_update_thread_multibyte_data$fin$0 00000001800604b0     libucrt:mbctype.obj
 0004:000034bc       $pdata$__acrt_update_thread_locale_data$fin$0 00000001800604bc     libucrt:locale_refcounting.obj
 0004:000034bc       $pdata$__acrt_uninitialize_locale$fin$0 00000001800604bc     libucrt:wsetlocale.obj
 0004:000034c8       $pdata$__acrt_lowio_ensure_fh_exists$fin$0 00000001800604c8     libucrt:osfinfo.obj
 0004:000034c8       $pdata$__acrt_initialize_lowio$fin$0 00000001800604c8     libucrt:ioinit.obj
 0004:000034d4       $pdata$?fin$0@?0???$common_lseek@_J@@YA_JH_JH@Z@4HA 00000001800604d4     libucrt:lseek.obj
 0004:000034d4       $pdata$_write$fin$0        00000001800604d4     libucrt:write.obj
 0004:000034d4       $pdata$_read$fin$0         00000001800604d4     libucrt:read.obj
 0004:000034e0       $pdata$_IsNonwritableInCurrentImage$filt$0 00000001800604e0     LIBCMT:pesect.obj
 0004:000034ec       $pdata$__RTDynamicCast$filt$0 00000001800604ec     libvcruntime:rtti.obj
 0004:000034f8       $pdata$??__F_Fac_tidy_reg@std@@YAXXZ 00000001800604f8     libcpmt:locale0.obj
 0004:00003504       $pdata$??__Fclassic_locale@std@@YAXXZ 0000000180060504     libcpmt:locale0.obj
 0004:00003510       $pdata$??__Fcerr@std@@YAXXZ 0000000180060510     libcpmt:cerr.obj
 0004:0000351c       $pdata$??__Fcout@std@@YAXXZ 000000018006051c     libcpmt:cout.obj
 0004:00003528       $pdata$??__Finit_atexit@@YAXXZ 0000000180060528     libcpmt:iosptrs.obj
 0005:00000000       __guard_fids__             0000000180061000     libucrt:initialization.obj
 0005:00000060       __guard_fids___acrt_show_wide_message_box 0000000180061060     libucrt:crtmbox.obj
 0005:00000064       __guard_fids___acrt_initialize_ptd 0000000180061064     libucrt:per_thread_data.obj
 0005:00000068       __guard_fids__             0000000180061068     libucrt:wsetlocale.obj
 0005:00000080       __guard_fids_??$?RV<lambda_630b2aca97f6d20d5b5ea6529ea6b6af>@@AEAV<lambda_af91936f1d075d609f72d9d8cba980af>@@V<lambda_e82fa975f615b5c7c7b0e4d178fdae67>@@@?$__crt_seh_guarded_call@H@@QEAAH$$QEAV<lambda_630b2aca97f6d20d5b5ea6529ea6b6af>@@AEAV<lambda_af91936f1d075d609f72d9d8cba980af>@@$$QEAV<lambda_e82fa975f615b5c7c7b0e4d178fdae67>@@@Z 0000000180061080     libucrt:winapi_thunks.obj
 0005:00000084       __guard_fids__             0000000180061084     libucrt:stdio_initializer.obj
 0005:00000088       __guard_fids__             0000000180061088     libucrt:stdio_initializer.obj
 0005:0000008c       __guard_fids_??$expand_argument_wildcards@D@@YAHQEAD0AEAV?$argument_list@D@?A0xca0879c4@@@Z 000000018006108c     libucrt:argv_wildcards.obj
 0005:00000090       __guard_fids__             0000000180061090     libucrt:locale_initializer.obj
 0005:00000094       __guard_fids_GetLocaleNameFromLangCountry 0000000180061094     libucrt:get_qualified_locale.obj
 0005:00000098       __guard_fids_GetLocaleNameFromLanguage 0000000180061098     libucrt:get_qualified_locale.obj
 0005:0000009c       __guard_fids___acrt_get_qualified_locale_downlevel 000000018006109c     libucrt:getqloc_downlevel.obj
 0005:000000a0       __guard_fids_GetLcidFromLangCountry 00000001800610a0     libucrt:getqloc_downlevel.obj
 0005:000000a4       __guard_fids_GetLcidFromLanguage 00000001800610a4     libucrt:getqloc_downlevel.obj
 0005:000000a8       __guard_fids__             00000001800610a8     libucrt:fma3_initializer.obj
 0005:000000ac       __guard_fids__             00000001800610ac     libucrt:timeset_initializer.obj
 0005:000000b0       __guard_fids__             00000001800610b0     libucrt:multibyte_initializer.obj
 0005:000000b4       __guard_fids__             00000001800610b4     libucrt:console_output_initializer.obj
 0005:000000b8       __guard_fids__             00000001800610b8     libcpmt:xthrow.obj
 0005:000000c0       __guard_fids__             00000001800610c0     libcpmt:xthrow.obj
 0005:000000c8       __guard_fids__             00000001800610c8     libcpmt:xthrow.obj
 0005:000000d0       __guard_fids__             00000001800610d0     libcpmt:xthrow.obj
 0005:000000d8       __guard_fids__             00000001800610d8     libcpmt:xthrow.obj
 0005:000000e0       __guard_fids_??__Einitlocks@std@@YAXXZ 00000001800610e0     libcpmt:xlock.obj
 0005:000000e4       __guard_fids__             00000001800610e4     libcpmt:xlock.obj
 0005:000000e8       __guard_fids_??__E_Fac_tidy_reg@std@@YAXXZ 00000001800610e8     libcpmt:locale0.obj
 0005:000000ec       __guard_fids_?_Setgloballocale@locale@std@@CAXPEAX@Z 00000001800610ec     libcpmt:locale0.obj
 0005:000000f0       __guard_fids_??__Eclassic_locale@std@@YAXXZ 00000001800610f0     libcpmt:locale0.obj
 0005:000000f4       __guard_fids__             00000001800610f4     libcpmt:locale0.obj
 0005:00000100       __guard_fids__             0000000180061100     libcpmt:locale0.obj
 0005:0000010c       __guard_fids__             000000018006110c     libcpmt:locale0.obj
 0005:00000110       __guard_fids__             0000000180061110     libcpmt:locale0.obj
 0005:00000114       __guard_fids_??__Einitlocks@@YAXXZ 0000000180061114     libcpmt:cerr.obj
 0005:00000118       __guard_fids_??__Eferr@std@@YAXXZ 0000000180061118     libcpmt:cerr.obj
 0005:0000011c       __guard_fids_??__Ecerr@std@@YAXXZ 000000018006111c     libcpmt:cerr.obj
 0005:00000120       __guard_fids__             0000000180061120     libcpmt:cerr.obj
 0005:00000128       __guard_fids__             0000000180061128     libcpmt:cerr.obj
 0005:00000154       __guard_fids__             0000000180061154     libcpmt:cerr.obj
 0005:0000016c       __guard_fids__             000000018006116c     libcpmt:cerr.obj
 0005:00000184       __guard_fids__             0000000180061184     libcpmt:cerr.obj
 0005:00000188       __guard_fids__             0000000180061188     libcpmt:cerr.obj
 0005:000001c4       __guard_fids__             00000001800611c4     libcpmt:cerr.obj
 0005:00000200       __guard_fids__             0000000180061200     libcpmt:cerr.obj
 0005:00000204       __guard_fids__             0000000180061204     libcpmt:cerr.obj
 0005:00000208       __guard_fids__             0000000180061208     libcpmt:cerr.obj
 0005:00000230       __guard_fids__             0000000180061230     libcpmt:cerr.obj
 0005:00000234       __guard_fids__             0000000180061234     libcpmt:cerr.obj
 0005:00000238       __guard_fids__             0000000180061238     libcpmt:cerr.obj
 0005:0000023c       __guard_fids__             000000018006123c     libcpmt:cerr.obj
 0005:00000240       __guard_fids_??__Einitlocks@@YAXXZ 0000000180061240     libcpmt:cout.obj
 0005:00000244       __guard_fids_??__Efout@std@@YAXXZ 0000000180061244     libcpmt:cout.obj
 0005:00000248       __guard_fids_??__Ecout@std@@YAXXZ 0000000180061248     libcpmt:cout.obj
 0005:0000024c       __guard_fids__             000000018006124c     libcpmt:cout.obj
 0005:00000250       __guard_fids__             0000000180061250     libcpmt:cout.obj
 0005:00000254       __guard_fids__             0000000180061254     libcpmt:cout.obj
 0005:00000258       __guard_fids__             0000000180061258     libcpmt:cout.obj
 0005:0000025c       __guard_fids_??__Einitlocks@std@@YAXXZ 000000018006125c     libcpmt:iosptrs.obj
 0005:00000260       __guard_fids_??__Einit_atexit@@YAXXZ 0000000180061260     libcpmt:iosptrs.obj
 0005:00000264       __guard_fids__             0000000180061264     libcpmt:iosptrs.obj
 0005:00000268       __guard_fids__             0000000180061268     libcpmt:iosptrs.obj
 0005:0000026c       __guard_fids__             000000018006126c     libcpmt:winapisupp.obj
 0005:00000270       __guard_fids__             0000000180061270     LIBCMT:std_type_info_static.obj
 0005:00000274       __guard_fids__             0000000180061274     LIBCMT:thread_safe_statics.obj
 0005:00000278       __guard_fids_?__scrt_initialize_thread_safe_statics@@YAHXZ 0000000180061278     LIBCMT:thread_safe_statics.obj
 0005:0000027c       __guard_fids_?dllmain_crt_process_attach@@YAHQEAUHINSTANCE__@@QEAX@Z 000000018006127c     LIBCMT:dll_dllmain.obj
 0005:00000284       __guard_fids_?dllmain_dispatch@@YAHQEAUHINSTANCE__@@KQEAX@Z 0000000180061284     LIBCMT:dll_dllmain.obj
 0005:00000288       __guard_fids__             0000000180061288     LIBCMT:throw_bad_alloc.obj
 0005:00000290       __guard_fids__             0000000180061290     LIBCMT:guard_support.obj
 0005:00000294       __guard_fids__             0000000180061294     libvcruntime:frame.obj
 0005:00000298       __guard_fids__             0000000180061298     libvcruntime:frame.obj
 0005:000002a0       __guard_fids__UnwindNestedFrames 00000001800612a0     libvcruntime:trnsctrl.obj
 0005:000002a4       __guard_fids___vcrt_initialize_ptd 00000001800612a4     libvcruntime:per_thread_data.obj
 0005:000002a8       __guard_fids__             00000001800612a8     libvcruntime:rtti.obj
 0005:000002b0       __guard_fids__             00000001800612b0     libvcruntime:rtti.obj
 0007:00000060       $R000000                   0000000180063060     * linker generated manifest res *

 Exports

  ordinal    name

        1    _register_kafka_
