 node-librdkafka

 Timestamp is 5bb23334 (Mon Oct  1 10:46:12 2018)

 Preferred load address is 0000000180000000

 Start         Length     Name                   Class
 0001:00000000 00000240H .text$di                CODE
 0001:00000240 0003a5b0H .text$mn                CODE
 0001:0003a7f0 00000020H .text$mn$00             CODE
 0001:0003a810 000004f0H .text$x                 CODE
 0001:0003ad00 0000021cH .text$yd                CODE
 0002:00000000 00000370H .idata$5                DATA
 0002:00000370 00000010H .00cfg                  DATA
 0002:00000380 00000008H .CRT$XCA                DATA
 0002:00000388 00000058H .CRT$XCC                DATA
 0002:000003e0 00000010H .CRT$XCL                DATA
 0002:000003f0 00000020H .CRT$XCU                DATA
 0002:00000410 00000008H .CRT$XCZ                DATA
 0002:00000418 00000008H .CRT$XIA                DATA
 0002:00000420 00000030H .CRT$XIC                DATA
 0002:00000450 00000008H .CRT$XIZ                DATA
 0002:00000458 00000008H .CRT$XLA                DATA
 0002:00000460 00000008H .CRT$XLZ                DATA
 0002:00000468 00000008H .CRT$XPA                DATA
 0002:00000470 00000010H .CRT$XPX                DATA
 0002:00000480 00000008H .CRT$XPXA               DATA
 0002:00000488 00000008H .CRT$XPZ                DATA
 0002:00000490 00000008H .CRT$XTA                DATA
 0002:00000498 00000008H .CRT$XTZ                DATA
 0002:000004a0 00011df0H .rdata                  DATA
 0002:00012290 00000028H .rdata$T                DATA
 0002:000122b8 0000226cH .rdata$r                DATA
 0002:00014524 0000048cH .rdata$zzzdbg           DATA
 0002:000149b0 00000008H .rtc$IAA                DATA
 0002:000149b8 00000008H .rtc$IZZ                DATA
 0002:000149c0 00000008H .rtc$TAA                DATA
 0002:000149c8 00000008H .rtc$TZZ                DATA
 0002:000149d0 00003748H .xdata                  DATA
 0002:00018118 00000334H .xdata$x                DATA
 0002:0001844c 00000020H .didat$2                DATA
 0002:0001846c 00000024H .didat$3                DATA
 0002:00018490 00000308H .didat$4                DATA
 0002:00018798 000016b8H .didat$6                DATA
 0002:00019e50 00000310H .didat$7                DATA
 0002:0001a160 00000058H .edata                  DATA
 0002:0001a1b8 00000028H .idata$2                DATA
 0002:0001a1e0 00000018H .idata$3                DATA
 0002:0001a1f8 00000370H .idata$4                DATA
 0002:0001a568 00000bc6H .idata$6                DATA
 0003:00000000 00000b90H .data                   DATA
 0003:00000b90 00000e90H .data$r                 DATA
 0003:00001a20 00000310H .didat$5                DATA
 0003:00001d30 00001ab4H .bss                    DATA
 0004:00000000 00003594H .pdata                  DATA
 0005:00000000 000000b8H .gfids$x                DATA
 0005:000000b8 00000200H .gfids$y                DATA
 0006:00000000 00000004H .tls                    DATA
 0006:00000004 00000004H .tls$                   DATA
 0006:00000008 00000001H .tls$ZZZ                DATA
 0007:00000000 00000060H .rsrc$01                DATA
 0007:00000060 00000180H .rsrc$02                DATA

  Address         Publics by Value              Rva+Base               Lib:Object

 0000:00000000       __guard_iat_table          0000000000000000     <absolute>
 0000:00000000       __dynamic_value_reloc_table 0000000000000000     <absolute>
 0000:00000000       __guard_iat_count          0000000000000000     <absolute>
 0000:00000000       __guard_longjmp_table      0000000000000000     <absolute>
 0000:00000000       __guard_longjmp_count      0000000000000000     <absolute>
 0000:00000000       __guard_fids_count         0000000000000000     <absolute>
 0000:00000000       ___safe_se_handler_table   0000000000000000     <absolute>
 0000:00000000       ___safe_se_handler_count   0000000000000000     <absolute>
 0000:00000000       __guard_fids_table         0000000000000000     <absolute>
 0000:00000100       __guard_flags              0000000000000100     <absolute>
 0000:00000000       __ImageBase                0000000180000000     <linker-defined>
 0001:00000240       ?_Deallocate@std@@YAXPEAX_K1@Z 0000000180001240 f i binding.obj
 0001:00000390       ?New@?$Factory@VFunctionTemplate@v8@@@imp@Nan@@SA?AV?$Local@VFunctionTemplate@v8@@@v8@@P6AXAEBV?$FunctionCallbackInfo@VValue@v8@@@3@@ZV?$Local@VValue@v8@@@5@V?$Local@VSignature@v8@@@5@@Z 0000000180001390 f i binding.obj
 0001:00000590       ?NodeRdKafkaErr2Str@@YAXAEBV?$FunctionCallbackInfo@VValue@v8@@@Nan@@@Z 0000000180001590 f   binding.obj
 0001:00000770       ?NodeRdKafkaBuildInFeatures@@YAXAEBV?$FunctionCallbackInfo@VValue@v8@@@Nan@@@Z 0000000180001770 f   binding.obj
 0001:000009d0       ?ConstantsInit@@YAXV?$Local@VObject@v8@@@v8@@@Z 00000001800019d0 f   binding.obj
 0001:00003790       ?Init@@YAXV?$Local@VObject@v8@@@v8@@0@Z 0000000180004790 f   binding.obj
 0001:00003910       ??1?$basic_string@DU?$char_traits@D@std@@V?$allocator@D@2@@std@@QEAA@XZ 0000000180004910 f i binding.obj
 0001:000039a0       ??0?$basic_string@DU?$char_traits@D@std@@V?$allocator@D@2@@std@@QEAA@PEBD@Z 00000001800049a0 f i binding.obj
 0001:000039e0       ?assign@?$basic_string@DU?$char_traits@D@std@@V?$allocator@D@2@@std@@QEAAAEAV12@PEBD_K@Z 00000001800049e0 f i binding.obj
 0001:00003b10       ?assign@?$basic_string@DU?$char_traits@D@std@@V?$allocator@D@2@@std@@QEAAAEAV12@AEBV12@_K1@Z 0000000180004b10 f i binding.obj
 0001:00003c40       ?erase@?$basic_string@DU?$char_traits@D@std@@V?$allocator@D@2@@std@@QEAAAEAV12@_K0@Z 0000000180004c40 f i binding.obj
 0001:00003d10       ?_Copy@?$basic_string@DU?$char_traits@D@std@@V?$allocator@D@2@@std@@QEAAX_K0@Z 0000000180004d10 f i binding.obj
 0001:00003e90       ?New@Nan@@YA?AV?$MaybeLocal@VString@v8@@@v8@@AEBV?$basic_string@DU?$char_traits@D@std@@V?$allocator@D@2@@std@@@Z 0000000180004e90 f i callbacks.obj
 0001:00003f40       ??0AsyncResource@Nan@@QEAA@PEBDV?$Local@VObject@v8@@@v8@@@Z 0000000180004f40 f i callbacks.obj
 0001:00004000       ??RCallback@Nan@@QEBA?AV?$Local@VValue@v8@@@v8@@V?$Local@VObject@v8@@@3@HQEAV23@@Z 0000000180005000 f i callbacks.obj
 0001:000041c0       ?Call@Callback@Nan@@QEBA?AV?$Local@VValue@v8@@@v8@@HQEAV34@@Z 00000001800051c0 f i callbacks.obj
 0001:000043d0       ?Call_@Callback@Nan@@AEBA?AV?$MaybeLocal@VValue@v8@@@v8@@PEAVIsolate@4@V?$Local@VObject@v8@@@4@HQEAV?$Local@VValue@v8@@@4@PEAVAsyncResource@2@@Z 00000001800053d0 f i callbacks.obj
 0001:000044b0       ?AsyncMessage_@Dispatcher@Callbacks@NodeKafka@@CAXPEAUuv_async_s@@@Z 00000001800054b0 f i callbacks.obj
 0001:000044c0       ??0rebalance_event_t@Callbacks@NodeKafka@@QEAA@W4ErrorCode@RdKafka@@V?$vector@PEAVTopicPartition@RdKafka@@V?$allocator@PEAVTopicPartition@RdKafka@@@std@@@std@@@Z 00000001800054c0 f i callbacks.obj
 0001:00004730       ??0offset_commit_event_t@Callbacks@NodeKafka@@QEAA@W4ErrorCode@RdKafka@@AEBV?$vector@PEAVTopicPartition@RdKafka@@V?$allocator@PEAVTopicPartition@RdKafka@@@std@@@std@@@Z 0000000180005730 f i callbacks.obj
 0001:00004970       ?TopicPartitionListToV8Array@Callbacks@NodeKafka@@YA?AV?$Local@VArray@v8@@@v8@@V?$vector@Uevent_topic_partition_t@Callbacks@NodeKafka@@V?$allocator@Uevent_topic_partition_t@Callbacks@NodeKafka@@@std@@@std@@@Z 0000000180005970 f   callbacks.obj
 0001:00004d40       ??1Dispatcher@Callbacks@NodeKafka@@QEAA@XZ 0000000180005d40 f   callbacks.obj
 0001:00004df0       ?Dispatch@Dispatcher@Callbacks@NodeKafka@@QEAAXHQEAV?$Local@VValue@v8@@@v8@@@Z 0000000180005df0 f   callbacks.obj
 0001:00004ee0       ?AddCallback@Dispatcher@Callbacks@NodeKafka@@QEAAXV?$Local@VFunction@v8@@@v8@@@Z 0000000180005ee0 f   callbacks.obj
 0001:00004ee0       ?AddCallback@DeliveryReportDispatcher@Callbacks@NodeKafka@@QEAAXV?$Local@VFunction@v8@@@v8@@@Z 0000000180005ee0 f   callbacks.obj
 0001:00004f70       ??0event_t@Callbacks@NodeKafka@@QEAA@AEBVEvent@RdKafka@@@Z 0000000180005f70 f   callbacks.obj
 0001:00005410       ??_EEvent@Callbacks@NodeKafka@@UEAAPEAXI@Z 0000000180006410 f i * CIL library *:* CIL module *
 0001:00005410       ??_GEvent@Callbacks@NodeKafka@@UEAAPEAXI@Z 0000000180006410 f i callbacks.obj
 0001:00005480       ?event_cb@Event@Callbacks@NodeKafka@@UEAAXAEAV1RdKafka@@@Z 0000000180006480 f   callbacks.obj
 0001:00005510       ?Add@EventDispatcher@Callbacks@NodeKafka@@QEAAXAEBUevent_t@23@@Z 0000000180006510 f   callbacks.obj
 0001:000055e0       ?Flush@EventDispatcher@Callbacks@NodeKafka@@UEAAXXZ 00000001800065e0 f   callbacks.obj
 0001:000060a0       ?Add@DeliveryReportDispatcher@Callbacks@NodeKafka@@QEAAXAEBVDeliveryReport@23@@Z 00000001800070a0 f   callbacks.obj
 0001:00006160       ?Flush@DeliveryReportDispatcher@Callbacks@NodeKafka@@UEAAXXZ 0000000180007160 f   callbacks.obj
 0001:00006c60       ??0DeliveryReport@Callbacks@NodeKafka@@QEAA@AEBV012@@Z 0000000180007c60 f i callbacks.obj
 0001:00006d30       ??0DeliveryReport@Callbacks@NodeKafka@@QEAA@AEAVMessage@RdKafka@@_N@Z 0000000180007d30 f   callbacks.obj
 0001:00006ff0       ??_GDelivery@Callbacks@NodeKafka@@UEAAPEAXI@Z 0000000180007ff0 f i callbacks.obj
 0001:00006ff0       ??_EDelivery@Callbacks@NodeKafka@@UEAAPEAXI@Z 0000000180007ff0 f i * CIL library *:* CIL module *
 0001:00007060       ?dr_cb@Delivery@Callbacks@NodeKafka@@UEAAXAEAVMessage@RdKafka@@@Z 0000000180008060 f   callbacks.obj
 0001:000070f0       ??1RebalanceDispatcher@Callbacks@NodeKafka@@QEAA@XZ 00000001800080f0 f   callbacks.obj
 0001:00007170       ?Add@RebalanceDispatcher@Callbacks@NodeKafka@@QEAAXAEBUrebalance_event_t@23@@Z 0000000180008170 f   callbacks.obj
 0001:00007170       ?Add@OffsetCommitDispatcher@Callbacks@NodeKafka@@QEAAXAEBUoffset_commit_event_t@23@@Z 0000000180008170 f   callbacks.obj
 0001:00007210       ?Flush@RebalanceDispatcher@Callbacks@NodeKafka@@UEAAXXZ 0000000180008210 f   callbacks.obj
 0001:00007480       ??_GRebalance@Callbacks@NodeKafka@@UEAAPEAXI@Z 0000000180008480 f i callbacks.obj
 0001:00007480       ??_ERebalance@Callbacks@NodeKafka@@UEAAPEAXI@Z 0000000180008480 f i * CIL library *:* CIL module *
 0001:000074d0       ?rebalance_cb@Rebalance@Callbacks@NodeKafka@@UEAAXPEAVKafkaConsumer@RdKafka@@W4ErrorCode@5@AEAV?$vector@PEAVTopicPartition@RdKafka@@V?$allocator@PEAVTopicPartition@RdKafka@@@std@@@std@@@Z 00000001800084d0 f   callbacks.obj
 0001:00007530       ??1OffsetCommitDispatcher@Callbacks@NodeKafka@@QEAA@XZ 0000000180008530 f   callbacks.obj
 0001:000075b0       ?Flush@OffsetCommitDispatcher@Callbacks@NodeKafka@@UEAAXXZ 00000001800085b0 f   callbacks.obj
 0001:000077e0       ??_EOffsetCommit@Callbacks@NodeKafka@@UEAAPEAXI@Z 00000001800087e0 f i * CIL library *:* CIL module *
 0001:000077e0       ??_GOffsetCommit@Callbacks@NodeKafka@@UEAAPEAXI@Z 00000001800087e0 f i callbacks.obj
 0001:00007830       ?offset_commit_cb@OffsetCommit@Callbacks@NodeKafka@@UEAAXW4ErrorCode@RdKafka@@AEAV?$vector@PEAVTopicPartition@RdKafka@@V?$allocator@PEAVTopicPartition@RdKafka@@@std@@@std@@@Z 0000000180008830 f   callbacks.obj
 0001:00007880       ??_EPartitioner@Callbacks@NodeKafka@@UEAAPEAXI@Z 0000000180008880 f i * CIL library *:* CIL module *
 0001:00007880       ??_GPartitioner@Callbacks@NodeKafka@@UEAAPEAXI@Z 0000000180008880 f i callbacks.obj
 0001:000078e0       ?partitioner_cb@Partitioner@Callbacks@NodeKafka@@UEAAHPEBVTopic@RdKafka@@PEBV?$basic_string@DU?$char_traits@D@std@@V?$allocator@D@2@@std@@HPEAX@Z 00000001800088e0 f   callbacks.obj
 0001:00007b80       ??0?$vector@Uevent_topic_partition_t@Callbacks@NodeKafka@@V?$allocator@Uevent_topic_partition_t@Callbacks@NodeKafka@@@std@@@std@@QEAA@AEBV01@@Z 0000000180008b80 f i callbacks.obj
 0001:00007c40       ?push_back@?$vector@V?$Persistent@VFunction@v8@@U?$CopyablePersistentTraits@VFunction@v8@@@2@@v8@@V?$allocator@V?$Persistent@VFunction@v8@@U?$CopyablePersistentTraits@VFunction@v8@@@2@@v8@@@std@@@std@@QEAAX$$QEAV?$Persistent@VFunction@v8@@U?$CopyablePersistentTraits@VFunction@v8@@@2@@v8@@@Z 0000000180008c40 f i callbacks.obj
 0001:00007d00       ??0?$vector@PEAVTopicPartition@RdKafka@@V?$allocator@PEAVTopicPartition@RdKafka@@@std@@@std@@QEAA@AEBV01@@Z 0000000180008d00 f i callbacks.obj
 0001:00007db0       ??4?$basic_string@DU?$char_traits@D@std@@V?$allocator@D@2@@std@@QEAAAEAV01@$$QEAV01@@Z 0000000180008db0 f i callbacks.obj
 0001:00007e60       ?_Reserve@?$vector@Uoffset_commit_event_t@Callbacks@NodeKafka@@V?$allocator@Uoffset_commit_event_t@Callbacks@NodeKafka@@@std@@@std@@IEAAX_K@Z 0000000180008e60 f i callbacks.obj
 0001:00007e60       ?_Reserve@?$vector@Urebalance_event_t@Callbacks@NodeKafka@@V?$allocator@Urebalance_event_t@Callbacks@NodeKafka@@@std@@@std@@IEAAX_K@Z 0000000180008e60 f i callbacks.obj
 0001:00007ef0       ?_Tidy@?$vector@Uevent_topic_partition_t@Callbacks@NodeKafka@@V?$allocator@Uevent_topic_partition_t@Callbacks@NodeKafka@@@std@@@std@@IEAAXXZ 0000000180008ef0 f i callbacks.obj
 0001:00007f70       ?_Reserve@?$vector@Uevent_topic_partition_t@Callbacks@NodeKafka@@V?$allocator@Uevent_topic_partition_t@Callbacks@NodeKafka@@@std@@@std@@IEAAX_K@Z 0000000180008f70 f i callbacks.obj
 0001:00008040       ?_Tidy@?$vector@VDeliveryReport@Callbacks@NodeKafka@@V?$allocator@VDeliveryReport@Callbacks@NodeKafka@@@std@@@std@@IEAAXXZ 0000000180009040 f i callbacks.obj
 0001:000080d0       ?_Reserve@?$vector@VDeliveryReport@Callbacks@NodeKafka@@V?$allocator@VDeliveryReport@Callbacks@NodeKafka@@@std@@@std@@IEAAX_K@Z 00000001800090d0 f i callbacks.obj
 0001:000081a0       ?_Tidy@?$vector@Uevent_t@Callbacks@NodeKafka@@V?$allocator@Uevent_t@Callbacks@NodeKafka@@@std@@@std@@IEAAXXZ 00000001800091a0 f i callbacks.obj
 0001:00008240       ?_Reserve@?$vector@Uevent_t@Callbacks@NodeKafka@@V?$allocator@Uevent_t@Callbacks@NodeKafka@@@std@@@std@@IEAAX_K@Z 0000000180009240 f i callbacks.obj
 0001:00008310       ?_Tidy@?$vector@V?$Persistent@VFunction@v8@@U?$CopyablePersistentTraits@VFunction@v8@@@2@@v8@@V?$allocator@V?$Persistent@VFunction@v8@@U?$CopyablePersistentTraits@VFunction@v8@@@2@@v8@@@std@@@std@@IEAAXXZ 0000000180009310 f i callbacks.obj
 0001:00008390       ?_Reserve@?$vector@V?$Persistent@VFunction@v8@@U?$CopyablePersistentTraits@VFunction@v8@@@2@@v8@@V?$allocator@V?$Persistent@VFunction@v8@@U?$CopyablePersistentTraits@VFunction@v8@@@2@@v8@@@std@@@std@@IEAAX_K@Z 0000000180009390 f i callbacks.obj
 0001:00008420       ?_Assign_rv@?$basic_string@DU?$char_traits@D@std@@V?$allocator@D@2@@std@@QEAAX$$QEAV12@@Z 0000000180009420 f i callbacks.obj
 0001:000084a0       ?deallocate@?$_Wrap_alloc@V?$allocator@V?$basic_string@DU?$char_traits@D@std@@V?$allocator@D@2@@std@@@std@@@std@@QEAAXPEAV?$basic_string@DU?$char_traits@D@std@@V?$allocator@D@2@@2@_K@Z 00000001800094a0 f i common.obj
 0001:000084a0       ?deallocate@?$_Wrap_alloc@V?$allocator@Urebalance_event_t@Callbacks@NodeKafka@@@std@@@std@@QEAAXPEAUrebalance_event_t@Callbacks@NodeKafka@@_K@Z 00000001800094a0 f i callbacks.obj
 0001:000084a0       ?deallocate@?$_Wrap_alloc@V?$allocator@Uoffset_commit_event_t@Callbacks@NodeKafka@@@std@@@std@@QEAAXPEAUoffset_commit_event_t@Callbacks@NodeKafka@@_K@Z 00000001800094a0 f i callbacks.obj
 0001:00008510       ?_Reallocate@?$vector@Urebalance_event_t@Callbacks@NodeKafka@@V?$allocator@Urebalance_event_t@Callbacks@NodeKafka@@@std@@@std@@IEAAX_K@Z 0000000180009510 f i callbacks.obj
 0001:00008510       ?_Reallocate@?$vector@Uoffset_commit_event_t@Callbacks@NodeKafka@@V?$allocator@Uoffset_commit_event_t@Callbacks@NodeKafka@@@std@@@std@@IEAAX_K@Z 0000000180009510 f i callbacks.obj
 0001:00008670       ?deallocate@?$_Wrap_alloc@V?$allocator@V?$Persistent@VFunction@v8@@U?$CopyablePersistentTraits@VFunction@v8@@@2@@v8@@@std@@@std@@QEAAXPEAV?$Persistent@VFunction@v8@@U?$CopyablePersistentTraits@VFunction@v8@@@2@@v8@@_K@Z 0000000180009670 f i callbacks.obj
 0001:00008670       ?deallocate@?$_Wrap_alloc@V?$allocator@PEAVMessage@RdKafka@@@std@@@std@@QEAAXPEAPEAVMessage@RdKafka@@_K@Z 0000000180009670 f i workers.obj
 0001:00008670       ?deallocate@?$_Wrap_alloc@V?$allocator@PEAVTopicPartition@RdKafka@@@std@@@std@@QEAAXPEAPEAVTopicPartition@RdKafka@@_K@Z 0000000180009670 f i callbacks.obj
 0001:000086e0       ?allocate@?$_Wrap_alloc@V?$allocator@PEAVTopicPartition@RdKafka@@@std@@@std@@QEAAPEAPEAVTopicPartition@RdKafka@@_K@Z 00000001800096e0 f i callbacks.obj
 0001:00008750       ?deallocate@?$_Wrap_alloc@V?$allocator@Uevent_topic_partition_t@Callbacks@NodeKafka@@@std@@@std@@QEAAXPEAUevent_topic_partition_t@Callbacks@NodeKafka@@_K@Z 0000000180009750 f i callbacks.obj
 0001:000087c0       ?allocate@?$_Wrap_alloc@V?$allocator@Uevent_topic_partition_t@Callbacks@NodeKafka@@@std@@@std@@QEAAPEAUevent_topic_partition_t@Callbacks@NodeKafka@@_K@Z 00000001800097c0 f i callbacks.obj
 0001:00008830       ?_Reallocate@?$vector@Uevent_topic_partition_t@Callbacks@NodeKafka@@V?$allocator@Uevent_topic_partition_t@Callbacks@NodeKafka@@@std@@@std@@IEAAX_K@Z 0000000180009830 f i callbacks.obj
 0001:00008970       ?deallocate@?$_Wrap_alloc@V?$allocator@VDeliveryReport@Callbacks@NodeKafka@@@std@@@std@@QEAAXPEAVDeliveryReport@Callbacks@NodeKafka@@_K@Z 0000000180009970 f i callbacks.obj
 0001:000089e0       ?_Reallocate@?$vector@VDeliveryReport@Callbacks@NodeKafka@@V?$allocator@VDeliveryReport@Callbacks@NodeKafka@@@std@@@std@@IEAAX_K@Z 00000001800099e0 f i callbacks.obj
 0001:00008b60       ?deallocate@?$_Wrap_alloc@V?$allocator@Uevent_t@Callbacks@NodeKafka@@@std@@@std@@QEAAXPEAUevent_t@Callbacks@NodeKafka@@_K@Z 0000000180009b60 f i callbacks.obj
 0001:00008bd0       ?_Reallocate@?$vector@Uevent_t@Callbacks@NodeKafka@@V?$allocator@Uevent_t@Callbacks@NodeKafka@@@std@@@std@@IEAAX_K@Z 0000000180009bd0 f i callbacks.obj
 0001:00008d40       ?_Reallocate@?$vector@V?$Persistent@VFunction@v8@@U?$CopyablePersistentTraits@VFunction@v8@@@2@@v8@@V?$allocator@V?$Persistent@VFunction@v8@@U?$CopyablePersistentTraits@VFunction@v8@@@2@@v8@@@std@@@std@@IEAAX_K@Z 0000000180009d40 f i callbacks.obj
 0001:00008e80       ??$_Uninitialized_copy_al_unchecked@PEBUevent_topic_partition_t@Callbacks@NodeKafka@@PEAU123@V?$allocator@Uevent_topic_partition_t@Callbacks@NodeKafka@@@std@@@std@@YAPEAUevent_topic_partition_t@Callbacks@NodeKafka@@PEBU123@0PEAU123@AEAU?$_Wrap_alloc@V?$allocator@Uevent_topic_partition_t@Callbacks@NodeKafka@@@std@@@0@@Z 0000000180009e80 f i callbacks.obj
 0001:00008f20       ??$_Uninitialized_move_al_unchecked@PEAUevent_topic_partition_t@Callbacks@NodeKafka@@PEAU123@V?$allocator@Uevent_topic_partition_t@Callbacks@NodeKafka@@@std@@@std@@YAPEAUevent_topic_partition_t@Callbacks@NodeKafka@@PEAU123@00AEAU?$_Wrap_alloc@V?$allocator@Uevent_topic_partition_t@Callbacks@NodeKafka@@@std@@@0@@Z 0000000180009f20 f i callbacks.obj
 0001:00008fb0       ??0event_t@Callbacks@NodeKafka@@QEAA@AEBU012@@Z 0000000180009fb0 f i callbacks.obj
 0001:00009060       ?what@exception@stdext@@UEBAPEBDXZ 000000018000a060 f i common.obj
 0001:00009080       ?imbue@?$basic_streambuf@DU?$char_traits@D@std@@@std@@MEAAXAEBVlocale@2@@Z 000000018000a080 f i libcpmt:cerr.obj
 0001:00009080       _guard_check_icall_nop     000000018000a080 f i LIBCMT:guard_support.obj
 0001:00009080       ?_Unlock@?$basic_streambuf@DU?$char_traits@D@std@@@std@@UEAAXXZ 000000018000a080 f i libcpmt:cerr.obj
 0001:00009080       __except_validate_context_record 000000018000a080 f i libvcruntime:jbcxrval.obj
 0001:00009080       ?_Lock@?$basic_streambuf@DU?$char_traits@D@std@@@std@@UEAAXXZ 000000018000a080 f i libcpmt:cerr.obj
 0001:00009080       ?_Doraise@exception@stdext@@MEBAXXZ 000000018000a080 f i common.obj
 0001:00009090       ??_Gexception@stdext@@UEAAPEAXI@Z 000000018000a090 f i common.obj
 0001:00009090       ??_Eruntime_error@std@@UEAAPEAXI@Z 000000018000a090 f i * CIL library *:* CIL module *
 0001:00009090       ??_Eexception@stdext@@UEAAPEAXI@Z 000000018000a090 f i * CIL library *:* CIL module *
 0001:00009090       ??_Gruntime_error@std@@UEAAPEAXI@Z 000000018000a090 f i common.obj
 0001:000090c0       ?_Doraise@runtime_error@std@@MEBAXXZ 000000018000a0c0 f i common.obj
 0001:000090c0       ?_Doraise@system_error@std@@MEBAXXZ 000000018000a0c0 f i common.obj
 0001:000090c0       ?_Doraise@failure@ios_base@std@@MEBAXXZ 000000018000a0c0 f i common.obj
 0001:000090e0       ??0_Locinfo@std@@QEAA@PEBD@Z 000000018000a0e0 f i common.obj
 0001:000091a0       ??1_Locinfo@std@@QEAA@XZ   000000018000a1a0 f i common.obj
 0001:00009240       ??_E_Facet_base@std@@UEAAPEAXI@Z 000000018000a240 f i * CIL library *:* CIL module *
 0001:00009240       ??_G_Facet_base@std@@UEAAPEAXI@Z 000000018000a240 f i common.obj
 0001:00009270       ?_Incref@facet@locale@std@@UEAAXXZ 000000018000a270 f i common.obj
 0001:00009280       ?_Decref@facet@locale@std@@UEAAPEAV_Facet_base@3@XZ 000000018000a280 f i common.obj
 0001:00009290       ?_Getcat@?$ctype@D@std@@SA_KPEAPEBVfacet@locale@2@PEBV42@@Z 000000018000a290 f i common.obj
 0001:00009350       ?do_tolower@?$ctype@D@std@@MEBADD@Z 000000018000a350 f i common.obj
 0001:00009360       ?do_tolower@?$ctype@D@std@@MEBAPEBDPEADPEBD@Z 000000018000a360 f i common.obj
 0001:000093c0       ?do_toupper@?$ctype@D@std@@MEBADD@Z 000000018000a3c0 f i common.obj
 0001:000093d0       ?do_toupper@?$ctype@D@std@@MEBAPEBDPEADPEBD@Z 000000018000a3d0 f i common.obj
 0001:00009430       ?do_widen@?$ctype@D@std@@MEBADD@Z 000000018000a430 f i common.obj
 0001:00009430       ?do_narrow@?$ctype@D@std@@MEBADDD@Z 000000018000a430 f i common.obj
 0001:00009440       ?do_widen@?$ctype@D@std@@MEBAPEBDPEBD0PEAD@Z 000000018000a440 f i common.obj
 0001:00009460       ?do_narrow@?$ctype@D@std@@MEBAPEBDPEBD0DPEAD@Z 000000018000a460 f i common.obj
 0001:00009480       ??_E?$ctype@D@std@@MEAAPEAXI@Z 000000018000a480 f i * CIL library *:* CIL module *
 0001:00009480       ??_G?$ctype@D@std@@MEAAPEAXI@Z 000000018000a480 f i common.obj
 0001:000094f0       ??_Eerror_category@std@@UEAAPEAXI@Z 000000018000a4f0 f i * CIL library *:* CIL module *
 0001:000094f0       ??_G_Iostream_error_category@std@@UEAAPEAXI@Z 000000018000a4f0 f i common.obj
 0001:000094f0       ??_E_Iostream_error_category@std@@UEAAPEAXI@Z 000000018000a4f0 f i * CIL library *:* CIL module *
 0001:000094f0       ??_Gerror_category@std@@UEAAPEAXI@Z 000000018000a4f0 f i common.obj
 0001:00009520       ?default_error_condition@error_category@std@@UEBA?AVerror_condition@2@H@Z 000000018000a520 f i common.obj
 0001:00009530       ?equivalent@error_category@std@@UEBA_NHAEBVerror_condition@2@@Z 000000018000a530 f i common.obj
 0001:00009570       ?equivalent@error_category@std@@UEBA_NAEBVerror_code@2@H@Z 000000018000a570 f i common.obj
 0001:00009590       ?_Makestr@_System_error@std@@CA?AV?$basic_string@DU?$char_traits@D@std@@V?$allocator@D@2@@2@Verror_code@2@V32@@Z 000000018000a590 f i common.obj
 0001:00009690       ??0_System_error@std@@IEAA@Verror_code@1@AEBV?$basic_string@DU?$char_traits@D@std@@V?$allocator@D@2@@1@@Z 000000018000a690 f i common.obj
 0001:000097a0       ??_G_System_error@std@@UEAAPEAXI@Z 000000018000a7a0 f i common.obj
 0001:000097a0       ??_E_System_error@std@@UEAAPEAXI@Z 000000018000a7a0 f i * CIL library *:* CIL module *
 0001:000097a0       ??_Gfailure@ios_base@std@@UEAAPEAXI@Z 000000018000a7a0 f i common.obj
 0001:000097a0       ??_Esystem_error@std@@UEAAPEAXI@Z 000000018000a7a0 f i * CIL library *:* CIL module *
 0001:000097a0       ??_Efailure@ios_base@std@@UEAAPEAXI@Z 000000018000a7a0 f i * CIL library *:* CIL module *
 0001:000097a0       ??_Gsystem_error@std@@UEAAPEAXI@Z 000000018000a7a0 f i common.obj
 0001:000097d0       ??0system_error@std@@QEAA@Verror_code@1@PEBD@Z 000000018000a7d0 f i common.obj
 0001:000098d0       ?name@_Iostream_error_category@std@@UEBAPEBDXZ 000000018000a8d0 f i common.obj
 0001:000098e0       ?message@_Iostream_error_category@std@@UEBA?AV?$basic_string@DU?$char_traits@D@std@@V?$allocator@D@2@@2@H@Z 000000018000a8e0 f i common.obj
 0001:00009960       ?clear@ios_base@std@@QEAAXH_N@Z 000000018000a960 f i common.obj
 0001:00009ae0       ??0Utf8String@Nan@@QEAA@V?$Local@VValue@v8@@@v8@@@Z 000000018000aae0 f i common.obj
 0001:00009bf0       ??$GetParameter@_J@NodeKafka@@YA_JV?$Local@VObject@v8@@@v8@@V?$basic_string@DU?$char_traits@D@std@@V?$allocator@D@2@@std@@_J@Z 000000018000abf0 f   common.obj
 0001:00009db0       ??$GetParameter@_N@NodeKafka@@YA_NV?$Local@VObject@v8@@@v8@@V?$basic_string@DU?$char_traits@D@std@@V?$allocator@D@2@@std@@_N@Z 000000018000adb0 f   common.obj
 0001:00009f60       ??$GetParameter@V?$basic_string@DU?$char_traits@D@std@@V?$allocator@D@2@@std@@@NodeKafka@@YA?AV?$basic_string@DU?$char_traits@D@std@@V?$allocator@D@2@@std@@V?$Local@VObject@v8@@@v8@@V12@1@Z 000000018000af60 f   common.obj
 0001:0000a240       ?ToStringVector@Topic@Conversion@NodeKafka@@YA?AV?$vector@V?$basic_string@DU?$char_traits@D@std@@V?$allocator@D@2@@std@@V?$allocator@V?$basic_string@DU?$char_traits@D@std@@V?$allocator@D@2@@std@@@2@@std@@V?$Local@VArray@v8@@@v8@@@Z 000000018000b240 f   common.obj
 0001:0000a5a0       ?ToV8Array@Topic@Conversion@NodeKafka@@YA?AV?$Local@VArray@v8@@@v8@@V?$vector@V?$basic_string@DU?$char_traits@D@std@@V?$allocator@D@2@@std@@V?$allocator@V?$basic_string@DU?$char_traits@D@std@@V?$allocator@D@2@@std@@@2@@std@@@Z 000000018000b5a0 f   common.obj
 0001:0000a7d0       ?ToV8Array@TopicPartition@Conversion@NodeKafka@@YA?AV?$Local@VArray@v8@@@v8@@AEAV?$vector@PEAVTopicPartition@RdKafka@@V?$allocator@PEAVTopicPartition@RdKafka@@@std@@@std@@@Z 000000018000b7d0 f   common.obj
 0001:0000ac60       ?FromV8Array@TopicPartition@Conversion@NodeKafka@@YA?AV?$vector@PEAVTopicPartition@RdKafka@@V?$allocator@PEAVTopicPartition@RdKafka@@@std@@@std@@AEBV?$Local@VArray@v8@@@v8@@@Z 000000018000bc60 f   common.obj
 0001:0000ad80       ?FromV8Object@TopicPartition@Conversion@NodeKafka@@YAPEAV1RdKafka@@V?$Local@VObject@v8@@@v8@@@Z 000000018000bd80 f   common.obj
 0001:0000af40       ?ToV8Object@Metadata@Conversion@NodeKafka@@YA?AV?$Local@VObject@v8@@@v8@@PEAV1RdKafka@@@Z 000000018000bf40 f   common.obj
 0001:0000bcd0       ?ToV8Object@Message@Conversion@NodeKafka@@YA?AV?$Local@VObject@v8@@@v8@@PEAV1RdKafka@@_N@Z 000000018000ccd0 f   common.obj
 0001:0000c400       ?push_back@?$vector@V?$basic_string@DU?$char_traits@D@std@@V?$allocator@D@2@@std@@V?$allocator@V?$basic_string@DU?$char_traits@D@std@@V?$allocator@D@2@@std@@@2@@std@@QEAAXAEBV?$basic_string@DU?$char_traits@D@std@@V?$allocator@D@2@@2@@Z 000000018000d400 f i common.obj
 0001:0000c560       ??1?$vector@V?$basic_string@DU?$char_traits@D@std@@V?$allocator@D@2@@std@@V?$allocator@V?$basic_string@DU?$char_traits@D@std@@V?$allocator@D@2@@std@@@2@@std@@QEAA@XZ 000000018000d560 f i common.obj
 0001:0000c5d0       ?push_back@?$vector@PEAVTopicPartition@RdKafka@@V?$allocator@PEAVTopicPartition@RdKafka@@@std@@@std@@QEAAX$$QEAPEAVTopicPartition@RdKafka@@@Z 000000018000d5d0 f i common.obj
 0001:0000c5d0       ?push_back@?$vector@PEAVTopicPartition@RdKafka@@V?$allocator@PEAVTopicPartition@RdKafka@@@std@@@std@@QEAAXAEBQEAVTopicPartition@RdKafka@@@Z 000000018000d5d0 f i kafka-consumer.obj
 0001:0000c5d0       ?push_back@?$vector@PEAVMessage@RdKafka@@V?$allocator@PEAVMessage@RdKafka@@@std@@@std@@QEAAX$$QEAPEAVMessage@RdKafka@@@Z 000000018000d5d0 f i workers.obj
 0001:0000c5d0       ?push_back@?$vector@PEAVMessage@RdKafka@@V?$allocator@PEAVMessage@RdKafka@@@std@@@std@@QEAAXAEBQEAVMessage@RdKafka@@@Z 000000018000d5d0 f i workers.obj
 0001:0000c740       ?append@?$basic_string@DU?$char_traits@D@std@@V?$allocator@D@2@@std@@QEAAAEAV12@PEBD_K@Z 000000018000d740 f i common.obj
 0001:0000c890       ?append@?$basic_string@DU?$char_traits@D@std@@V?$allocator@D@2@@std@@QEAAAEAV12@AEBV12@_K1@Z 000000018000d890 f i common.obj
 0001:0000c9c0       ?_Reallocate@?$vector@V?$basic_string@DU?$char_traits@D@std@@V?$allocator@D@2@@std@@V?$allocator@V?$basic_string@DU?$char_traits@D@std@@V?$allocator@D@2@@std@@@2@@std@@IEAAX_K@Z 000000018000d9c0 f i common.obj
 0001:0000cb00       ?_Reallocate@?$vector@PEAVTopicPartition@RdKafka@@V?$allocator@PEAVTopicPartition@RdKafka@@@std@@@std@@IEAAX_K@Z 000000018000db00 f i common.obj
 0001:0000cb00       ?_Reallocate@?$vector@PEAVMessage@RdKafka@@V?$allocator@PEAVMessage@RdKafka@@@std@@@std@@IEAAX_K@Z 000000018000db00 f i workers.obj
 0001:0000cbe0       ?allocate@?$_Wrap_alloc@V?$allocator@V?$basic_string@DU?$char_traits@D@std@@V?$allocator@D@2@@std@@@std@@@std@@QEAAPEAV?$basic_string@DU?$char_traits@D@std@@V?$allocator@D@2@@2@_K@Z 000000018000dbe0 f i common.obj
 0001:0000cc50       ??$use_facet@V?$ctype@D@std@@@std@@YAAEBV?$ctype@D@0@AEBVlocale@0@@Z 000000018000dc50 f i common.obj
 0001:0000cd60       ??$_Immortalize@V_Iostream_error_category@std@@@std@@YAAEAV_Iostream_error_category@0@XZ 000000018000dd60 f i common.obj
 0001:0000cde0       ??$?6U?$char_traits@D@std@@@std@@YAAEAV?$basic_ostream@DU?$char_traits@D@std@@@0@AEAV10@PEBD@Z 000000018000dde0 f i common.obj
 0001:0000d030       ??$endl@DU?$char_traits@D@std@@@std@@YAAEAV?$basic_ostream@DU?$char_traits@D@std@@@0@AEAV10@@Z 000000018000e030 f i common.obj
 0001:0000d0c0       ??0sentry@?$basic_ostream@DU?$char_traits@D@std@@@std@@QEAA@AEAV12@@Z 000000018000e0c0 f i common.obj
 0001:0000d130       ?flush@?$basic_ostream@DU?$char_traits@D@std@@@std@@QEAAAEAV12@XZ 000000018000e130 f i common.obj
 0001:0000d220       ?put@?$basic_ostream@DU?$char_traits@D@std@@@std@@QEAAAEAV12@D@Z 000000018000e220 f i common.obj
 0001:0000d370       ?widen@?$basic_ios@DU?$char_traits@D@std@@@std@@QEBADD@Z 000000018000e370 f i common.obj
 0001:0000d3e0       ?create@Conf@NodeKafka@@SAPEAV12@W4ConfType@1RdKafka@@V?$Local@VObject@v8@@@v8@@AEAV?$basic_string@DU?$char_traits@D@std@@V?$allocator@D@2@@std@@@Z 000000018000e3e0 f   config.obj
 0001:0000dc40       ?listen@Conf@NodeKafka@@QEAAXXZ 000000018000ec40 f   config.obj
 0001:0000dcf0       ?ThrowError@Nan@@YAXPEBD@Z 000000018000ecf0 f i connection.obj
 0001:0000dd80       ?AsyncExecute@Nan@@YAXPEAUuv_work_s@@@Z 000000018000ed80 f i connection.obj
 0001:0000dd90       ?AsyncExecuteComplete@Nan@@YAXPEAUuv_work_s@@@Z 000000018000ed90 f i connection.obj
 0001:0000ddc0       ?AsyncQueueWorker@Nan@@YAXPEAVAsyncWorker@1@@Z 000000018000edc0 f i connection.obj
 0001:0000de00       ??1ObjectWrap@Nan@@UEAA@XZ 000000018000ee00 f i connection.obj
 0001:0000de70       ?Ref@ObjectWrap@Nan@@MEAAXXZ 000000018000ee70 f i connection.obj
 0001:0000deb0       ?Unref@ObjectWrap@Nan@@MEAAXXZ 000000018000eeb0 f i connection.obj
 0001:0000df60       ?WeakCallback@ObjectWrap@Nan@@CAXAEBV?$WeakCallbackInfo@VObjectWrap@Nan@@@v8@@@Z 000000018000ef60 f i connection.obj
 0001:0000dff0       ??_GObjectWrap@Nan@@UEAAPEAXI@Z 000000018000eff0 f i connection.obj
 0001:0000dff0       ??_EObjectWrap@Nan@@UEAAPEAXI@Z 000000018000eff0 f i * CIL library *:* CIL module *
 0001:0000e030       ??0Connection@NodeKafka@@IEAA@PEAVConf@1@0@Z 000000018000f030 f   connection.obj
 0001:0000e230       ??_GConnection@NodeKafka@@MEAAPEAXI@Z 000000018000f230 f i connection.obj
 0001:0000e230       ??_EConnection@NodeKafka@@MEAAPEAXI@Z 000000018000f230 f i * CIL library *:* CIL module *
 0001:0000e270       ??1Connection@NodeKafka@@MEAA@XZ 000000018000f270 f   connection.obj
 0001:0000e320       ?CreateTopic@Connection@NodeKafka@@QEAA?AVBaton@2@V?$basic_string@DU?$char_traits@D@std@@V?$allocator@D@2@@std@@PEAVConf@RdKafka@@@Z 000000018000f320 f   connection.obj
 0001:0000e5b0       ?QueryWatermarkOffsets@Connection@NodeKafka@@QEAA?AVBaton@2@V?$basic_string@DU?$char_traits@D@std@@V?$allocator@D@2@@std@@HPEA_J1H@Z 000000018000f5b0 f   connection.obj
 0001:0000e6a0       ?OffsetsForTimes@Connection@NodeKafka@@QEAA?AVBaton@2@AEAV?$vector@PEAVTopicPartition@RdKafka@@V?$allocator@PEAVTopicPartition@RdKafka@@@std@@@std@@H@Z 000000018000f6a0 f   connection.obj
 0001:0000e770       ?GetMetadata@Connection@NodeKafka@@QEAA?AVBaton@2@_NV?$basic_string@DU?$char_traits@D@std@@V?$allocator@D@2@@std@@H@Z 000000018000f770 f   connection.obj
 0001:0000e930       ?NodeGetMetadata@Connection@NodeKafka@@KAXAEBV?$FunctionCallbackInfo@VValue@v8@@@Nan@@@Z 000000018000f930 f   connection.obj
 0001:0000eca0       ?NodeOffsetsForTimes@Connection@NodeKafka@@KAXAEBV?$FunctionCallbackInfo@VValue@v8@@@Nan@@@Z 000000018000fca0 f   connection.obj
 0001:0000ef40       ?NodeQueryWatermarkOffsets@Connection@NodeKafka@@KAXAEBV?$FunctionCallbackInfo@VValue@v8@@@Nan@@@Z 000000018000ff40 f   connection.obj
 0001:0000f310       ?NodeOnEvent@Connection@NodeKafka@@KAXAEBV?$FunctionCallbackInfo@VValue@v8@@@Nan@@@Z 0000000180010310 f   connection.obj
 0001:0000f400       ??$Unwrap@VConnection@NodeKafka@@@ObjectWrap@Nan@@SAPEAVConnection@NodeKafka@@V?$Local@VObject@v8@@@v8@@@Z 0000000180010400 f i connection.obj
 0001:0000f400       ??$Unwrap@VKafkaConsumer@NodeKafka@@@ObjectWrap@Nan@@SAPEAVKafkaConsumer@NodeKafka@@V?$Local@VObject@v8@@@v8@@@Z 0000000180010400 f i kafka-consumer.obj
 0001:0000f400       ??$Unwrap@VTopic@NodeKafka@@@ObjectWrap@Nan@@SAPEAVTopic@NodeKafka@@V?$Local@VObject@v8@@@v8@@@Z 0000000180010400 f i producer.obj
 0001:0000f400       ??$Unwrap@VProducer@NodeKafka@@@ObjectWrap@Nan@@SAPEAVProducer@NodeKafka@@V?$Local@VObject@v8@@@v8@@@Z 0000000180010400 f i producer.obj
 0001:0000f490       ?RdKafkaError@NodeKafka@@YA?AV?$Local@VObject@v8@@@v8@@AEBW4ErrorCode@RdKafka@@V?$basic_string@DU?$char_traits@D@std@@V?$allocator@D@2@@std@@@Z 0000000180010490 f   errors.obj
 0001:0000f650       __local_stdio_printf_options 0000000180010650 f i kafka-consumer.obj
 0001:0000f660       ?SetPrototypeMethod@Nan@@YAXV?$Local@VFunctionTemplate@v8@@@v8@@PEBDP6AXAEBV?$FunctionCallbackInfo@VValue@v8@@@1@@Z@Z 0000000180010660 f i kafka-consumer.obj
 0001:0000f750       ?Wrap@ObjectWrap@Nan@@IEAAXV?$Local@VObject@v8@@@v8@@@Z 0000000180010750 f i kafka-consumer.obj
 0001:0000f830       ??0KafkaConsumer@NodeKafka@@IEAA@PEAVConf@1@0@Z 0000000180010830 f   kafka-consumer.obj
 0001:0000f9a0       ??_EKafkaConsumer@NodeKafka@@MEAAPEAXI@Z 00000001800109a0 f i * CIL library *:* CIL module *
 0001:0000f9a0       ??_GKafkaConsumer@NodeKafka@@MEAAPEAXI@Z 00000001800109a0 f i kafka-consumer.obj
 0001:0000f9e0       ??1KafkaConsumer@NodeKafka@@MEAA@XZ 00000001800109e0 f   kafka-consumer.obj
 0001:0000fa70       ?Connect@KafkaConsumer@NodeKafka@@QEAA?AVBaton@2@XZ 0000000180010a70 f   kafka-consumer.obj
 0001:0000fc60       ?ActivateDispatchers@KafkaConsumer@NodeKafka@@UEAAXXZ 0000000180010c60 f   kafka-consumer.obj
 0001:0000fcc0       ?Disconnect@KafkaConsumer@NodeKafka@@QEAA?AVBaton@2@XZ 0000000180010cc0 f   kafka-consumer.obj
 0001:0000fda0       ?DeactivateDispatchers@KafkaConsumer@NodeKafka@@UEAAXXZ 0000000180010da0 f   kafka-consumer.obj
 0001:0000fe30       ?Assign@KafkaConsumer@NodeKafka@@QEAA?AVBaton@2@V?$vector@PEAVTopicPartition@RdKafka@@V?$allocator@PEAVTopicPartition@RdKafka@@@std@@@std@@@Z 0000000180010e30 f   kafka-consumer.obj
 0001:0000ffc0       ?Unassign@KafkaConsumer@NodeKafka@@QEAA?AVBaton@2@XZ 0000000180010fc0 f   kafka-consumer.obj
 0001:000100c0       ?Commit@KafkaConsumer@NodeKafka@@QEAA?AVBaton@2@V?$vector@PEAVTopicPartition@RdKafka@@V?$allocator@PEAVTopicPartition@RdKafka@@@std@@@std@@@Z 00000001800110c0 f   kafka-consumer.obj
 0001:00010190       ?Commit@KafkaConsumer@NodeKafka@@QEAA?AVBaton@2@PEAVTopicPartition@RdKafka@@@Z 0000000180011190 f   kafka-consumer.obj
 0001:00010300       ?Commit@KafkaConsumer@NodeKafka@@QEAA?AVBaton@2@XZ 0000000180011300 f   kafka-consumer.obj
 0001:000103e0       ?CommitSync@KafkaConsumer@NodeKafka@@QEAA?AVBaton@2@V?$vector@PEAVTopicPartition@RdKafka@@V?$allocator@PEAVTopicPartition@RdKafka@@@std@@@std@@@Z 00000001800113e0 f   kafka-consumer.obj
 0001:000104f0       ?CommitSync@KafkaConsumer@NodeKafka@@QEAA?AVBaton@2@PEAVTopicPartition@RdKafka@@@Z 00000001800114f0 f   kafka-consumer.obj
 0001:00010620       ?CommitSync@KafkaConsumer@NodeKafka@@QEAA?AVBaton@2@XZ 0000000180011620 f   kafka-consumer.obj
 0001:00010700       ?Seek@KafkaConsumer@NodeKafka@@QEAA?AVBaton@2@AEBVTopicPartition@RdKafka@@H@Z 0000000180011700 f   kafka-consumer.obj
 0001:00010810       ?Committed@KafkaConsumer@NodeKafka@@QEAA?AVBaton@2@AEAV?$vector@PEAVTopicPartition@RdKafka@@V?$allocator@PEAVTopicPartition@RdKafka@@@std@@@std@@H@Z 0000000180011810 f   kafka-consumer.obj
 0001:00010920       ?Subscription@KafkaConsumer@NodeKafka@@QEAA?AVBaton@2@XZ 0000000180011920 f   kafka-consumer.obj
 0001:00010a60       ?Subscribe@KafkaConsumer@NodeKafka@@QEAA?AVBaton@2@V?$vector@V?$basic_string@DU?$char_traits@D@std@@V?$allocator@D@2@@std@@V?$allocator@V?$basic_string@DU?$char_traits@D@std@@V?$allocator@D@2@@std@@@2@@std@@@Z 0000000180011a60 f   kafka-consumer.obj
 0001:00010b30       ?Consume@KafkaConsumer@NodeKafka@@QEAA?AVBaton@2@H@Z 0000000180011b30 f   kafka-consumer.obj
 0001:00010d30       ?RefreshAssignments@KafkaConsumer@NodeKafka@@QEAA?AVBaton@2@XZ 0000000180011d30 f   kafka-consumer.obj
 0001:00010e90       ?Name@KafkaConsumer@NodeKafka@@QEAA?AV?$basic_string@DU?$char_traits@D@std@@V?$allocator@D@2@@std@@XZ 0000000180011e90 f   kafka-consumer.obj
 0001:00010e90       ?Name@Producer@NodeKafka@@QEAA?AV?$basic_string@DU?$char_traits@D@std@@V?$allocator@D@2@@std@@XZ 0000000180011e90 f   producer.obj
 0001:00010f80       ?Init@KafkaConsumer@NodeKafka@@SAXV?$Local@VObject@v8@@@v8@@@Z 0000000180011f80 f   kafka-consumer.obj
 0001:00011380       ?New@KafkaConsumer@NodeKafka@@KAXAEBV?$FunctionCallbackInfo@VValue@v8@@@Nan@@@Z 0000000180012380 f   kafka-consumer.obj
 0001:000115d0       ?NodeCommitted@KafkaConsumer@NodeKafka@@CAXAEBV?$FunctionCallbackInfo@VValue@v8@@@Nan@@@Z 00000001800125d0 f   kafka-consumer.obj
 0001:00011870       ?NodeSubscription@KafkaConsumer@NodeKafka@@CAXAEBV?$FunctionCallbackInfo@VValue@v8@@@Nan@@@Z 0000000180012870 f   kafka-consumer.obj
 0001:00011a30       ??_G?$vector@V?$basic_string@DU?$char_traits@D@std@@V?$allocator@D@2@@std@@V?$allocator@V?$basic_string@DU?$char_traits@D@std@@V?$allocator@D@2@@std@@@2@@std@@QEAAPEAXI@Z 0000000180012a30 f i kafka-consumer.obj
 0001:00011ab0       ?NodePosition@KafkaConsumer@NodeKafka@@CAXAEBV?$FunctionCallbackInfo@VValue@v8@@@Nan@@@Z 0000000180012ab0 f   kafka-consumer.obj
 0001:00011d10       ?NodeAssignments@KafkaConsumer@NodeKafka@@CAXAEBV?$FunctionCallbackInfo@VValue@v8@@@Nan@@@Z 0000000180012d10 f   kafka-consumer.obj
 0001:00011e20       ?NodeAssign@KafkaConsumer@NodeKafka@@CAXAEBV?$FunctionCallbackInfo@VValue@v8@@@Nan@@@Z 0000000180012e20 f   kafka-consumer.obj
 0001:000122c0       ?NodeUnassign@KafkaConsumer@NodeKafka@@CAXAEBV?$FunctionCallbackInfo@VValue@v8@@@Nan@@@Z 00000001800132c0 f   kafka-consumer.obj
 0001:00012440       ?NodeUnsubscribe@KafkaConsumer@NodeKafka@@CAXAEBV?$FunctionCallbackInfo@VValue@v8@@@Nan@@@Z 0000000180013440 f   kafka-consumer.obj
 0001:00012570       ?NodeCommit@KafkaConsumer@NodeKafka@@CAXAEBV?$FunctionCallbackInfo@VValue@v8@@@Nan@@@Z 0000000180013570 f   kafka-consumer.obj
 0001:00012860       ?NodeCommitSync@KafkaConsumer@NodeKafka@@CAXAEBV?$FunctionCallbackInfo@VValue@v8@@@Nan@@@Z 0000000180013860 f   kafka-consumer.obj
 0001:00012b50       ?NodeSubscribe@KafkaConsumer@NodeKafka@@CAXAEBV?$FunctionCallbackInfo@VValue@v8@@@Nan@@@Z 0000000180013b50 f   kafka-consumer.obj
 0001:00012d90       ?NodeSeek@KafkaConsumer@NodeKafka@@CAXAEBV?$FunctionCallbackInfo@VValue@v8@@@Nan@@@Z 0000000180013d90 f   kafka-consumer.obj
 0001:00013090       ?NodeOffsetsStore@KafkaConsumer@NodeKafka@@CAXAEBV?$FunctionCallbackInfo@VValue@v8@@@Nan@@@Z 0000000180014090 f   kafka-consumer.obj
 0001:000132c0       ?NodePause@KafkaConsumer@NodeKafka@@CAXAEBV?$FunctionCallbackInfo@VValue@v8@@@Nan@@@Z 00000001800142c0 f   kafka-consumer.obj
 0001:000134f0       ?NodeResume@KafkaConsumer@NodeKafka@@CAXAEBV?$FunctionCallbackInfo@VValue@v8@@@Nan@@@Z 00000001800144f0 f   kafka-consumer.obj
 0001:00013730       ?NodeConsumeLoop@KafkaConsumer@NodeKafka@@CAXAEBV?$FunctionCallbackInfo@VValue@v8@@@Nan@@@Z 0000000180014730 f   kafka-consumer.obj
 0001:000139a0       ?NodeConsume@KafkaConsumer@NodeKafka@@CAXAEBV?$FunctionCallbackInfo@VValue@v8@@@Nan@@@Z 00000001800149a0 f   kafka-consumer.obj
 0001:00013d60       ?NodeConnect@KafkaConsumer@NodeKafka@@CAXAEBV?$FunctionCallbackInfo@VValue@v8@@@Nan@@@Z 0000000180014d60 f   kafka-consumer.obj
 0001:00013f10       ?NodeDisconnect@KafkaConsumer@NodeKafka@@CAXAEBV?$FunctionCallbackInfo@VValue@v8@@@Nan@@@Z 0000000180014f10 f   kafka-consumer.obj
 0001:000140c0       ?NodeGetWatermarkOffsets@KafkaConsumer@NodeKafka@@CAXAEBV?$FunctionCallbackInfo@VValue@v8@@@Nan@@@Z 00000001800150c0 f   kafka-consumer.obj
 0001:00014590       ?append@?$basic_string@DU?$char_traits@D@std@@V?$allocator@D@2@@std@@QEAAAEAV12@_KD@Z 0000000180015590 f i kafka-consumer.obj
 0001:000146a0       ??$_Uninitialized_copy_al_unchecked@PEBV?$basic_string@DU?$char_traits@D@std@@V?$allocator@D@2@@std@@PEAV12@V?$allocator@V?$basic_string@DU?$char_traits@D@std@@V?$allocator@D@2@@std@@@2@@std@@YAPEAV?$basic_string@DU?$char_traits@D@std@@V?$allocator@D@2@@0@PEBV10@0PEAV10@AEAU?$_Wrap_alloc@V?$allocator@V?$basic_string@DU?$char_traits@D@std@@V?$allocator@D@2@@std@@@std@@@0@@Z 00000001800156a0 f i kafka-consumer.obj
 0001:00014730       ??0Producer@NodeKafka@@IEAA@PEAVConf@1@0@Z 0000000180015730 f   producer.obj
 0001:000149b0       ??_GProducer@NodeKafka@@MEAAPEAXI@Z 00000001800159b0 f i producer.obj
 0001:000149b0       ??_EProducer@NodeKafka@@MEAAPEAXI@Z 00000001800159b0 f i * CIL library *:* CIL module *
 0001:000149f0       ??1Producer@NodeKafka@@MEAA@XZ 00000001800159f0 f   producer.obj
 0001:00014af0       ?Init@Producer@NodeKafka@@SAXV?$Local@VObject@v8@@@v8@@@Z 0000000180015af0 f   producer.obj
 0001:00014dd0       ?New@Producer@NodeKafka@@KAXAEBV?$FunctionCallbackInfo@VValue@v8@@@Nan@@@Z 0000000180015dd0 f   producer.obj
 0001:00015020       ?Connect@Producer@NodeKafka@@QEAA?AVBaton@2@XZ 0000000180016020 f   producer.obj
 0001:00015240       ?ActivateDispatchers@Producer@NodeKafka@@UEAAXXZ 0000000180016240 f   producer.obj
 0001:000152e0       ?DeactivateDispatchers@Producer@NodeKafka@@UEAAXXZ 00000001800162e0 f   producer.obj
 0001:00015330       ?Produce@Producer@NodeKafka@@QEAA?AVBaton@2@PEAX_KPEAVTopic@RdKafka@@HPEBX10@Z 0000000180016330 f   producer.obj
 0001:00015470       ?Produce@Producer@NodeKafka@@QEAA?AVBaton@2@PEAX_KV?$basic_string@DU?$char_traits@D@std@@V?$allocator@D@2@@std@@HPEBX1_J0@Z 0000000180016470 f   producer.obj
 0001:00015600       ?NodeProduce@Producer@NodeKafka@@CAXAEBV?$FunctionCallbackInfo@VValue@v8@@@Nan@@@Z 0000000180016600 f   producer.obj
 0001:00015f10       ?NodeOnDelivery@Producer@NodeKafka@@CAXAEBV?$FunctionCallbackInfo@VValue@v8@@@Nan@@@Z 0000000180016f10 f   producer.obj
 0001:00016090       ?NodeSetPartitioner@Producer@NodeKafka@@CAXAEBV?$FunctionCallbackInfo@VValue@v8@@@Nan@@@Z 0000000180017090 f   producer.obj
 0001:00016180       ?NodeConnect@Producer@NodeKafka@@CAXAEBV?$FunctionCallbackInfo@VValue@v8@@@Nan@@@Z 0000000180017180 f   producer.obj
 0001:00016330       ?NodePoll@Producer@NodeKafka@@CAXAEBV?$FunctionCallbackInfo@VValue@v8@@@Nan@@@Z 0000000180017330 f   producer.obj
 0001:000163e0       ?Flush@Producer@NodeKafka@@QEAA?AVBaton@2@H@Z 00000001800173e0 f   producer.obj
 0001:000164c0       ?NodeFlush@Producer@NodeKafka@@CAXAEBV?$FunctionCallbackInfo@VValue@v8@@@Nan@@@Z 00000001800174c0 f   producer.obj
 0001:00016710       ?NodeDisconnect@Producer@NodeKafka@@CAXAEBV?$FunctionCallbackInfo@VValue@v8@@@Nan@@@Z 0000000180017710 f   producer.obj
 0001:000168c0       ??0Topic@NodeKafka@@AEAA@V?$basic_string@DU?$char_traits@D@std@@V?$allocator@D@2@@std@@PEAVConf@RdKafka@@@Z 00000001800178c0 f   topic.obj
 0001:00016940       ??_GTopic@NodeKafka@@EEAAPEAXI@Z 0000000180017940 f i topic.obj
 0001:00016940       ??_ETopic@NodeKafka@@EEAAPEAXI@Z 0000000180017940 f i * CIL library *:* CIL module *
 0001:000169b0       ?toRDKafkaTopic@Topic@NodeKafka@@QEAA?AVBaton@2@PEAVConnection@2@@Z 00000001800179b0 f   topic.obj
 0001:00016a90       ?Init@Topic@NodeKafka@@SAXV?$Local@VObject@v8@@@v8@@@Z 0000000180017a90 f   topic.obj
 0001:00016ca0       ?New@Topic@NodeKafka@@KAXAEBV?$FunctionCallbackInfo@VValue@v8@@@Nan@@@Z 0000000180017ca0 f   topic.obj
 0001:00017010       ?NodeGetName@Topic@NodeKafka@@CAXAEBV?$FunctionCallbackInfo@VValue@v8@@@Nan@@@Z 0000000180018010 f   topic.obj
 0001:000171e0       ??0AsyncWorker@Nan@@QEAA@PEAVCallback@1@PEBD@Z 00000001800181e0 f i workers.obj
 0001:000172d0       ??1AsyncWorker@Nan@@UEAA@XZ 00000001800182d0 f i workers.obj
 0001:000173b0       ?WorkComplete@AsyncWorker@Nan@@UEAAXXZ 00000001800183b0 f i workers.obj
 0001:00017440       ?Destroy@AsyncWorker@Nan@@UEAAXXZ 0000000180018440 f i workers.obj
 0001:00017460       ?HandleOKCallback@AsyncWorker@Nan@@MEAAXXZ 0000000180018460 f i workers.obj
 0001:00017500       ?HandleErrorCallback@AsyncWorker@Nan@@MEAAXXZ 0000000180018500 f i workers.obj
 0001:00017600       ??_GAsyncWorker@Nan@@UEAAPEAXI@Z 0000000180018600 f i workers.obj
 0001:00017600       ??_EAsyncWorker@Nan@@UEAAPEAXI@Z 0000000180018600 f i * CIL library *:* CIL module *
 0001:00017640       ?HandleErrorCallback@ErrorAwareWorker@Workers@NodeKafka@@UEAAXXZ 0000000180018640 f i workers.obj
 0001:00017640       ?HandleErrorCallback@KafkaConsumerConnect@Workers@NodeKafka@@UEAAXXZ 0000000180018640 f i workers.obj
 0001:00017640       ?HandleErrorCallback@KafkaConsumerConsumeLoop@Workers@NodeKafka@@UEAAXXZ 0000000180018640 f i workers.obj
 0001:00017730       ?SetErrorBaton@ErrorAwareWorker@Workers@NodeKafka@@IEAAXAEBVBaton@3@@Z 0000000180018730 f i workers.obj
 0001:00017890       ??_GErrorAwareWorker@Workers@NodeKafka@@UEAAPEAXI@Z 0000000180018890 f i workers.obj
 0001:00017890       ??_EErrorAwareWorker@Workers@NodeKafka@@UEAAPEAXI@Z 0000000180018890 f i * CIL library *:* CIL module *
 0001:000178e0       ??0MessageWorker@Workers@NodeKafka@@QEAA@PEAVCallback@Nan@@@Z 00000001800188e0 f i workers.obj
 0001:00017990       ??1MessageWorker@Workers@NodeKafka@@UEAA@XZ 0000000180018990 f i workers.obj
 0001:00017a10       ?WorkMessage@MessageWorker@Workers@NodeKafka@@QEAAXXZ 0000000180018a10 f i workers.obj
 0001:00017b00       ?Destroy@MessageWorker@Workers@NodeKafka@@UEAAXXZ 0000000180018b00 f i workers.obj
 0001:00017b20       ?Execute@MessageWorker@Workers@NodeKafka@@EEAAXXZ 0000000180018b20 f i workers.obj
 0001:00017b40       ?m_async_message@MessageWorker@Workers@NodeKafka@@CAXPEAUuv_async_s@@@Z 0000000180018b40 f i workers.obj
 0001:00017b50       ?AsyncClose_@MessageWorker@Workers@NodeKafka@@CAXPEAUuv_handle_s@@@Z 0000000180018b50 f i workers.obj
 0001:00017b90       ??_GMessageWorker@Workers@NodeKafka@@UEAAPEAXI@Z 0000000180018b90 f i workers.obj
 0001:00017b90       ??_EMessageWorker@Workers@NodeKafka@@UEAAPEAXI@Z 0000000180018b90 f i * CIL library *:* CIL module *
 0001:00017bd0       ??_EOffsetsForTimes@Handle@Workers@NodeKafka@@UEAAPEAXI@Z 0000000180018bd0 f i * CIL library *:* CIL module *
 0001:00017bd0       ??_GOffsetsForTimes@Handle@Workers@NodeKafka@@UEAAPEAXI@Z 0000000180018bd0 f i workers.obj
 0001:00017c10       ??1OffsetsForTimes@Handle@Workers@NodeKafka@@UEAA@XZ 0000000180018c10 f   workers.obj
 0001:00017c90       ?Execute@OffsetsForTimes@Handle@Workers@NodeKafka@@UEAAXXZ 0000000180018c90 f   workers.obj
 0001:00017d00       ?HandleOKCallback@OffsetsForTimes@Handle@Workers@NodeKafka@@UEAAXXZ 0000000180018d00 f   workers.obj
 0001:00017d00       ?HandleOKCallback@KafkaConsumerCommitted@Workers@NodeKafka@@UEAAXXZ 0000000180018d00 f   workers.obj
 0001:00017d80       ?HandleErrorCallback@ConnectionMetadata@Workers@NodeKafka@@UEAAXXZ 0000000180018d80 f   workers.obj
 0001:00017d80       ?HandleErrorCallback@KafkaConsumerSeek@Workers@NodeKafka@@UEAAXXZ 0000000180018d80 f   workers.obj
 0001:00017d80       ?HandleErrorCallback@KafkaConsumerConsume@Workers@NodeKafka@@UEAAXXZ 0000000180018d80 f   workers.obj
 0001:00017d80       ?HandleErrorCallback@ProducerConnect@Workers@NodeKafka@@UEAAXXZ 0000000180018d80 f   workers.obj
 0001:00017d80       ?HandleErrorCallback@ConnectionQueryWatermarkOffsets@Workers@NodeKafka@@UEAAXXZ 0000000180018d80 f   workers.obj
 0001:00017d80       ?HandleErrorCallback@OffsetsForTimes@Handle@Workers@NodeKafka@@UEAAXXZ 0000000180018d80 f   workers.obj
 0001:00017d80       ?HandleErrorCallback@KafkaConsumerCommitted@Workers@NodeKafka@@UEAAXXZ 0000000180018d80 f   workers.obj
 0001:00017e80       ??0ConnectionMetadata@Workers@NodeKafka@@QEAA@PEAVCallback@Nan@@PEAVConnection@2@V?$basic_string@DU?$char_traits@D@std@@V?$allocator@D@2@@std@@H_N@Z 0000000180018e80 f   workers.obj
 0001:00017f30       ??_EConnectionMetadata@Workers@NodeKafka@@UEAAPEAXI@Z 0000000180018f30 f i * CIL library *:* CIL module *
 0001:00017f30       ??_GConnectionMetadata@Workers@NodeKafka@@UEAAPEAXI@Z 0000000180018f30 f i workers.obj
 0001:00017fa0       ?Execute@ConnectionMetadata@Workers@NodeKafka@@UEAAXXZ 0000000180018fa0 f   workers.obj
 0001:00018060       ?HandleOKCallback@ConnectionMetadata@Workers@NodeKafka@@UEAAXXZ 0000000180019060 f   workers.obj
 0001:000180f0       ??0ConnectionQueryWatermarkOffsets@Workers@NodeKafka@@QEAA@PEAVCallback@Nan@@PEAVConnection@2@V?$basic_string@DU?$char_traits@D@std@@V?$allocator@D@2@@std@@HH@Z 00000001800190f0 f   workers.obj
 0001:000181a0       ??_GConnectionQueryWatermarkOffsets@Workers@NodeKafka@@UEAAPEAXI@Z 00000001800191a0 f i workers.obj
 0001:000181a0       ??_EConnectionQueryWatermarkOffsets@Workers@NodeKafka@@UEAAPEAXI@Z 00000001800191a0 f i * CIL library *:* CIL module *
 0001:00018210       ?Execute@ConnectionQueryWatermarkOffsets@Workers@NodeKafka@@UEAAXXZ 0000000180019210 f   workers.obj
 0001:000182e0       ?HandleOKCallback@ConnectionQueryWatermarkOffsets@Workers@NodeKafka@@UEAAXXZ 00000001800192e0 f   workers.obj
 0001:000184d0       ??_GProducerDisconnect@Workers@NodeKafka@@UEAAPEAXI@Z 00000001800194d0 f i workers.obj
 0001:000184d0       ??_EKafkaConsumerDisconnect@Workers@NodeKafka@@UEAAPEAXI@Z 00000001800194d0 f i * CIL library *:* CIL module *
 0001:000184d0       ??_EProducerDisconnect@Workers@NodeKafka@@UEAAPEAXI@Z 00000001800194d0 f i * CIL library *:* CIL module *
 0001:000184d0       ??_EProducerConnect@Workers@NodeKafka@@UEAAPEAXI@Z 00000001800194d0 f i * CIL library *:* CIL module *
 0001:000184d0       ??_EKafkaConsumerConnect@Workers@NodeKafka@@UEAAPEAXI@Z 00000001800194d0 f i * CIL library *:* CIL module *
 0001:000184d0       ??_GKafkaConsumerDisconnect@Workers@NodeKafka@@UEAAPEAXI@Z 00000001800194d0 f i workers.obj
 0001:000184d0       ??_GKafkaConsumerConnect@Workers@NodeKafka@@UEAAPEAXI@Z 00000001800194d0 f i workers.obj
 0001:000184d0       ??_GProducerConnect@Workers@NodeKafka@@UEAAPEAXI@Z 00000001800194d0 f i workers.obj
 0001:00018520       ?Execute@ProducerConnect@Workers@NodeKafka@@UEAAXXZ 0000000180019520 f   workers.obj
 0001:00018580       ?HandleOKCallback@KafkaConsumerConnect@Workers@NodeKafka@@UEAAXXZ 0000000180019580 f   workers.obj
 0001:00018580       ?HandleOKCallback@ProducerConnect@Workers@NodeKafka@@UEAAXXZ 0000000180019580 f   workers.obj
 0001:000187e0       ?Execute@ProducerDisconnect@Workers@NodeKafka@@UEAAXXZ 00000001800197e0 f   workers.obj
 0001:00018850       ?HandleOKCallback@ProducerDisconnect@Workers@NodeKafka@@UEAAXXZ 0000000180019850 f   workers.obj
 0001:00018850       ?HandleOKCallback@KafkaConsumerDisconnect@Workers@NodeKafka@@UEAAXXZ 0000000180019850 f   workers.obj
 0001:000188d0       ?HandleErrorCallback@ProducerDisconnect@Workers@NodeKafka@@UEAAXXZ 00000001800198d0 f   workers.obj
 0001:000188f0       ??_GProducerFlush@Workers@NodeKafka@@UEAAPEAXI@Z 00000001800198f0 f i workers.obj
 0001:000188f0       ??_EProducerFlush@Workers@NodeKafka@@UEAAPEAXI@Z 00000001800198f0 f i * CIL library *:* CIL module *
 0001:00018940       ?Execute@ProducerFlush@Workers@NodeKafka@@UEAAXXZ 0000000180019940 f   workers.obj
 0001:00018a10       ?HandleOKCallback@ProducerFlush@Workers@NodeKafka@@UEAAXXZ 0000000180019a10 f   workers.obj
 0001:00018a70       ?Execute@KafkaConsumerConnect@Workers@NodeKafka@@UEAAXXZ 0000000180019a70 f   workers.obj
 0001:00018ad0       ?Execute@KafkaConsumerDisconnect@Workers@NodeKafka@@UEAAXXZ 0000000180019ad0 f   workers.obj
 0001:00018b30       ?HandleErrorCallback@KafkaConsumerDisconnect@Workers@NodeKafka@@UEAAXXZ 0000000180019b30 f   workers.obj
 0001:00018c30       ??_EKafkaConsumerConsumeLoop@Workers@NodeKafka@@UEAAPEAXI@Z 0000000180019c30 f i * CIL library *:* CIL module *
 0001:00018c30       ??_GKafkaConsumerConsumeLoop@Workers@NodeKafka@@UEAAPEAXI@Z 0000000180019c30 f i workers.obj
 0001:00018c70       ?Execute@KafkaConsumerConsumeLoop@Workers@NodeKafka@@UEAAXAEBVExecutionMessageBus@MessageWorker@23@@Z 0000000180019c70 f   workers.obj
 0001:00018dd0       ?HandleMessageCallback@KafkaConsumerConsumeLoop@Workers@NodeKafka@@UEAAXPEAVMessage@RdKafka@@@Z 0000000180019dd0 f   workers.obj
 0001:00018e70       ?HandleOKCallback@KafkaConsumerConsumeLoop@Workers@NodeKafka@@UEAAXXZ 0000000180019e70 f   workers.obj
 0001:00018ea0       ??_GKafkaConsumerConsumeNum@Workers@NodeKafka@@UEAAPEAXI@Z 0000000180019ea0 f i workers.obj
 0001:00018ea0       ??_EKafkaConsumerConsumeNum@Workers@NodeKafka@@UEAAPEAXI@Z 0000000180019ea0 f i * CIL library *:* CIL module *
 0001:00018f30       ?Execute@KafkaConsumerConsumeNum@Workers@NodeKafka@@UEAAXXZ 0000000180019f30 f   workers.obj
 0001:00019060       ?HandleOKCallback@KafkaConsumerConsumeNum@Workers@NodeKafka@@UEAAXXZ 000000018001a060 f   workers.obj
 0001:00019180       ?HandleErrorCallback@KafkaConsumerConsumeNum@Workers@NodeKafka@@UEAAXXZ 000000018001a180 f   workers.obj
 0001:000192b0       ??_GKafkaConsumerConsume@Workers@NodeKafka@@UEAAPEAXI@Z 000000018001a2b0 f i workers.obj
 0001:000192b0       ??_EKafkaConsumerConsume@Workers@NodeKafka@@UEAAPEAXI@Z 000000018001a2b0 f i * CIL library *:* CIL module *
 0001:00019300       ?Execute@KafkaConsumerConsume@Workers@NodeKafka@@UEAAXXZ 000000018001a300 f   workers.obj
 0001:00019370       ?HandleOKCallback@KafkaConsumerConsume@Workers@NodeKafka@@UEAAXXZ 000000018001a370 f   workers.obj
 0001:00019410       ??_GKafkaConsumerCommitted@Workers@NodeKafka@@UEAAPEAXI@Z 000000018001a410 f i workers.obj
 0001:00019410       ??_EKafkaConsumerCommitted@Workers@NodeKafka@@UEAAPEAXI@Z 000000018001a410 f i * CIL library *:* CIL module *
 0001:00019450       ??1KafkaConsumerCommitted@Workers@NodeKafka@@UEAA@XZ 000000018001a450 f   workers.obj
 0001:000194d0       ?Execute@KafkaConsumerCommitted@Workers@NodeKafka@@UEAAXXZ 000000018001a4d0 f   workers.obj
 0001:00019540       ??_EKafkaConsumerSeek@Workers@NodeKafka@@UEAAPEAXI@Z 000000018001a540 f i * CIL library *:* CIL module *
 0001:00019540       ??_GKafkaConsumerSeek@Workers@NodeKafka@@UEAAPEAXI@Z 000000018001a540 f i workers.obj
 0001:000195c0       ?Execute@KafkaConsumerSeek@Workers@NodeKafka@@UEAAXXZ 000000018001a5c0 f   workers.obj
 0001:00019630       ?HandleOKCallback@KafkaConsumerSeek@Workers@NodeKafka@@UEAAXXZ 000000018001a630 f   workers.obj
 0001:000196ec       __imp_load_?Value@External@v8@@QEBAPEAXXZ 000000018001a6ec f   node:node.exe
 0001:000196f8       __tailMerge_node_exe       000000018001a6f8 f i node:node.exe
 0001:00019771       __imp_load_?New@External@v8@@SA?AV?$Local@VExternal@v8@@@2@PEAVIsolate@2@PEAX@Z 000000018001a771 f   node:node.exe
 0001:0001977d       __imp_load_?GetCurrentContext@Isolate@v8@@QEAA?AV?$Local@VContext@v8@@@2@XZ 000000018001a77d f   node:node.exe
 0001:00019789       __imp_load_?GetCurrent@Isolate@v8@@SAPEAV12@XZ 000000018001a789 f   node:node.exe
 0001:00019795       __imp_load_?CreateHandle@HandleScope@v8@@KAPEAPEAVObject@internal@2@PEAVIsolate@42@PEAV342@@Z 000000018001a795 f   node:node.exe
 0001:000197a1       __imp_load_?CreateHandle@HandleScope@v8@@CAPEAPEAVObject@internal@2@PEAVHeapObject@42@PEAV342@@Z 000000018001a7a1 f   node:node.exe
 0001:000197ad       __imp_load_??1HandleScope@v8@@QEAA@XZ 000000018001a7ad f   node:node.exe
 0001:000197b9       __imp_load_??0HandleScope@v8@@QEAA@PEAVIsolate@1@@Z 000000018001a7b9 f   node:node.exe
 0001:000197c5       __imp_load_?GetFunction@FunctionTemplate@v8@@QEAA?AV?$MaybeLocal@VFunction@v8@@@2@V?$Local@VContext@v8@@@2@@Z 000000018001a7c5 f   node:node.exe
 0001:000197d1       __imp_load_?New@FunctionTemplate@v8@@SA?AV?$Local@VFunctionTemplate@v8@@@2@PEAVIsolate@2@P6AXAEBV?$FunctionCallbackInfo@VValue@v8@@@2@@ZV?$Local@VValue@v8@@@2@V?$Local@VSignature@v8@@@2@HW4ConstructorBehavior@2@W4SideEffectType@2@@Z 000000018001a7d1 f   node:node.exe
 0001:000197dd       __imp_load_?ToLocalEmpty@V8@v8@@CAXXZ 000000018001a7dd f   node:node.exe
 0001:000197e9       __imp_load_?FromJustIsNothing@V8@v8@@CAXXZ 000000018001a7e9 f   node:node.exe
 0001:000197f5       __imp_load_?Int32Value@Value@v8@@QEBA?AV?$Maybe@H@2@V?$Local@VContext@v8@@@2@@Z 000000018001a7f5 f   node:node.exe
 0001:00019801       __imp_load_?Escape@EscapableHandleScope@v8@@AEAAPEAPEAVObject@internal@2@PEAPEAV342@@Z 000000018001a801 f   node:node.exe
 0001:0001980d       __imp_load_??0EscapableHandleScope@v8@@QEAA@PEAVIsolate@1@@Z 000000018001a80d f   node:node.exe
 0001:00019819       __imp_load_?NewFromUtf8@String@v8@@SA?AV?$MaybeLocal@VString@v8@@@2@PEAVIsolate@2@PEBDW4NewStringType@2@H@Z 000000018001a819 f   node:node.exe
 0001:00019825       __imp_load_?New@Number@v8@@SA?AV?$Local@VNumber@v8@@@2@PEAVIsolate@2@N@Z 000000018001a825 f   node:node.exe
 0001:00019831       __imp_load_?SlowGetInternalField@Object@v8@@AEAA?AV?$Local@VValue@v8@@@2@H@Z 000000018001a831 f   node:node.exe
 0001:0001983d       __imp_load_?New@Object@v8@@SA?AV?$Local@VObject@v8@@@2@PEAVIsolate@2@@Z 000000018001a83d f   node:node.exe
 0001:00019849       __imp_load_?GetIsolate@Object@v8@@QEAAPEAVIsolate@2@XZ 000000018001a849 f   node:node.exe
 0001:00019855       __imp_load_?SetInternalField@Object@v8@@QEAAXHV?$Local@VValue@v8@@@2@@Z 000000018001a855 f   node:node.exe
 0001:00019861       __imp_load_?DefineOwnProperty@Object@v8@@QEAA?AV?$Maybe@_N@2@V?$Local@VContext@v8@@@2@V?$Local@VName@v8@@@2@V?$Local@VValue@v8@@@2@W4PropertyAttribute@2@@Z 000000018001a861 f   node:node.exe
 0001:0001986d       __imp_load_?Set@Object@v8@@QEAA_NV?$Local@VValue@v8@@@2@0@Z 000000018001a86d f   node:node.exe
 0001:00019879       __imp_load_?SetInternalFieldCount@ObjectTemplate@v8@@QEAAXH@Z 000000018001a879 f   node:node.exe
 0001:00019885       __imp_load_?NewInstance@ObjectTemplate@v8@@QEAA?AV?$MaybeLocal@VObject@v8@@@2@V?$Local@VContext@v8@@@2@@Z 000000018001a885 f   node:node.exe
 0001:00019891       __imp_load_?New@ObjectTemplate@v8@@SA?AV?$Local@VObjectTemplate@v8@@@2@PEAVIsolate@2@V?$Local@VFunctionTemplate@v8@@@2@@Z 000000018001a891 f   node:node.exe
 0001:0001989d       __imp_load_?AtExit@node@@YAXP6AXPEAX@Z0@Z 000000018001a89d f   node:node.exe
 0001:000198a9       __imp_load_node_module_register 000000018001a8a9 f   node:node.exe
 0001:000198b5       __imp_load_uv_mutex_unlock 000000018001a8b5 f   node:node.exe
 0001:000198c1       __imp_load_?Global@Context@v8@@QEAA?AV?$Local@VObject@v8@@@2@XZ 000000018001a8c1 f   node:node.exe
 0001:000198cd       __imp_load_?New@Integer@v8@@SA?AV?$Local@VInteger@v8@@@2@PEAVIsolate@2@H@Z 000000018001a8cd f   node:node.exe
 0001:000198d9       __imp_load_?Error@Exception@v8@@SA?AV?$Local@VValue@v8@@@2@V?$Local@VString@v8@@@2@@Z 000000018001a8d9 f   node:node.exe
 0001:000198e5       __imp_load_?New@Array@v8@@SA?AV?$Local@VArray@v8@@@2@PEAVIsolate@2@H@Z 000000018001a8e5 f   node:node.exe
 0001:000198f1       __imp_load_?DisposeGlobal@V8@v8@@CAXPEAPEAVObject@internal@2@@Z 000000018001a8f1 f   node:node.exe
 0001:000198fd       __imp_load_?CopyPersistent@V8@v8@@CAPEAPEAVObject@internal@2@PEAPEAV342@@Z 000000018001a8fd f   node:node.exe
 0001:00019909       __imp_load_?GlobalizeReference@V8@v8@@CAPEAPEAVObject@internal@2@PEAVIsolate@42@PEAPEAV342@@Z 000000018001a909 f   node:node.exe
 0001:00019915       __imp_load_?ToInt32@Value@v8@@QEBA?AV?$MaybeLocal@VInt32@v8@@@2@V?$Local@VContext@v8@@@2@@Z 000000018001a915 f   node:node.exe
 0001:00019921       __imp_load_?Set@Object@v8@@QEAA?AV?$Maybe@_N@2@V?$Local@VContext@v8@@@2@V?$Local@VValue@v8@@@2@1@Z 000000018001a921 f   node:node.exe
 0001:0001992d       __imp_load_?Set@Object@v8@@QEAA_NIV?$Local@VValue@v8@@@2@@Z 000000018001a92d f   node:node.exe
 0001:00019939       __imp_load_uv_mutex_lock   000000018001a939 f   node:node.exe
 0001:00019945       __imp_load_uv_close        000000018001a945 f   node:node.exe
 0001:00019951       __imp_load_?EmitAsyncDestroy@node@@YAXPEAVIsolate@v8@@Uasync_context@1@@Z 000000018001a951 f   node:node.exe
 0001:0001995d       __imp_load_?New@Buffer@node@@YA?AV?$MaybeLocal@VObject@v8@@@v8@@PEAVIsolate@4@PEAD_K@Z 000000018001a95d f   node:node.exe
 0001:00019969       __imp_load_?MakeCallback@node@@YA?AV?$MaybeLocal@VValue@v8@@@v8@@PEAVIsolate@3@V?$Local@VObject@v8@@@3@V?$Local@VFunction@v8@@@3@HPEAV?$Local@VValue@v8@@@3@Uasync_context@1@@Z 000000018001a969 f   node:node.exe
 0001:00019975       __imp_load_?EmitAsyncInit@node@@YA?AUasync_context@1@PEAVIsolate@v8@@V?$Local@VObject@v8@@@4@V?$Local@VString@v8@@@4@N@Z 000000018001a975 f   node:node.exe
 0001:00019981       __imp_load_uv_mutex_destroy 000000018001a981 f   node:node.exe
 0001:0001998d       __imp_load_uv_mutex_init   000000018001a98d f   node:node.exe
 0001:00019999       __imp_load_uv_async_send   000000018001a999 f   node:node.exe
 0001:000199a5       __imp_load_uv_async_init   000000018001a9a5 f   node:node.exe
 0001:000199b1       __imp_load_uv_default_loop 000000018001a9b1 f   node:node.exe
 0001:000199bd       __imp_load_?GetSource@RegExp@v8@@QEBA?AV?$Local@VString@v8@@@2@XZ 000000018001a9bd f   node:node.exe
 0001:000199c9       __imp_load_?Length@Array@v8@@QEBAIXZ 000000018001a9c9 f   node:node.exe
 0001:000199d5       __imp_load_?IntegerValue@Value@v8@@QEBA?AV?$Maybe@_J@2@V?$Local@VContext@v8@@@2@@Z 000000018001a9d5 f   node:node.exe
 0001:000199e1       __imp_load_?BooleanValue@Value@v8@@QEBA?AV?$Maybe@_N@2@V?$Local@VContext@v8@@@2@@Z 000000018001a9e1 f   node:node.exe
 0001:000199ed       __imp_load_?ToObject@Value@v8@@QEBA?AV?$MaybeLocal@VObject@v8@@@2@V?$Local@VContext@v8@@@2@@Z 000000018001a9ed f   node:node.exe
 0001:000199f9       __imp_load_?ToString@Value@v8@@QEBA?AV?$MaybeLocal@VString@v8@@@2@V?$Local@VContext@v8@@@2@@Z 000000018001a9f9 f   node:node.exe
 0001:00019a05       __imp_load_?IsRegExp@Value@v8@@QEBA_NXZ 000000018001aa05 f   node:node.exe
 0001:00019a11       __imp_load_?IsNumber@Value@v8@@QEBA_NXZ 000000018001aa11 f   node:node.exe
 0001:00019a1d       __imp_load_?IsBoolean@Value@v8@@QEBA_NXZ 000000018001aa1d f   node:node.exe
 0001:00019a29       __imp_load_?IsObject@Value@v8@@QEBA_NXZ 000000018001aa29 f   node:node.exe
 0001:00019a35       __imp_load_?IsArray@Value@v8@@QEBA_NXZ 000000018001aa35 f   node:node.exe
 0001:00019a41       __imp_load_?WriteUtf8@String@v8@@QEBAHPEADHPEAHH@Z 000000018001aa41 f   node:node.exe
 0001:00019a4d       __imp_load_?Length@String@v8@@QEBAHXZ 000000018001aa4d f   node:node.exe
 0001:00019a59       __imp_load_?Has@Object@v8@@QEAA?AV?$Maybe@_N@2@V?$Local@VContext@v8@@@2@V?$Local@VValue@v8@@@2@@Z 000000018001aa59 f   node:node.exe
 0001:00019a65       __imp_load_?Get@Object@v8@@QEAA?AV?$MaybeLocal@VValue@v8@@@2@V?$Local@VContext@v8@@@2@V?$Local@VValue@v8@@@2@@Z 000000018001aa65 f   node:node.exe
 0001:00019a71       __imp_load_?Get@Object@v8@@QEAA?AV?$Local@VValue@v8@@@2@I@Z 000000018001aa71 f   node:node.exe
 0001:00019a7d       __imp_load_?Encode@node@@YA?AV?$Local@VValue@v8@@@v8@@PEAVIsolate@3@PEBD_KW4encoding@1@@Z 000000018001aa7d f   node:node.exe
 0001:00019a89       __imp_load_?ToString@Value@v8@@QEBA?AV?$Local@VString@v8@@@2@XZ 000000018001aa89 f   node:node.exe
 0001:00019a95       __imp_load_?IsFunction@Value@v8@@QEBA_NXZ 000000018001aa95 f   node:node.exe
 0001:00019aa1       __imp_load_?GetOwnPropertyNames@Object@v8@@QEAA?AV?$Local@VArray@v8@@@2@XZ 000000018001aaa1 f   node:node.exe
 0001:00019aad       __imp_load_?Get@Object@v8@@QEAA?AV?$Local@VValue@v8@@@2@V32@@Z 000000018001aaad f   node:node.exe
 0001:00019ab9       __imp_load_uv_queue_work   000000018001aab9 f   node:node.exe
 0001:00019ac5       __imp_load_?ThrowException@Isolate@v8@@QEAA?AV?$Local@VValue@v8@@@2@V32@@Z 000000018001aac5 f   node:node.exe
 0001:00019ad1       __imp_load_?ClearWeak@V8@v8@@CAPEAXPEAPEAVObject@internal@2@@Z 000000018001aad1 f   node:node.exe
 0001:00019add       __imp_load_?MakeWeak@V8@v8@@CAXPEAPEAVObject@internal@2@PEAXP6AXAEBV?$WeakCallbackInfo@X@2@@ZW4WeakCallbackType@2@@Z 000000018001aadd f   node:node.exe
 0001:00019ae9       __imp_load_?Uint32Value@Value@v8@@QEBA?AV?$Maybe@I@2@V?$Local@VContext@v8@@@2@@Z 000000018001aae9 f   node:node.exe
 0001:00019af5       __imp_load_?SlowGetAlignedPointerFromInternalField@Object@v8@@AEAAPEAXH@Z 000000018001aaf5 f   node:node.exe
 0001:00019b01       __imp_load_?InternalFieldCount@Object@v8@@QEAAHXZ 000000018001ab01 f   node:node.exe
 0001:00019b0d       __imp_load_?GetCurrentEventLoop@node@@YAPEAUuv_loop_s@@PEAVIsolate@v8@@@Z 000000018001ab0d f   node:node.exe
 0001:00019b19       __imp_load_uv_rwlock_rdlock 000000018001ab19 f   node:node.exe
 0001:00019b25       __imp_load_uv_rwlock_init  000000018001ab25 f   node:node.exe
 0001:00019b31       __imp_load_uv_rwlock_rdunlock 000000018001ab31 f   node:node.exe
 0001:00019b3d       __imp_load_uv_rwlock_destroy 000000018001ab3d f   node:node.exe
 0001:00019b49       __imp_load_?New@Signature@v8@@SA?AV?$Local@VSignature@v8@@@2@PEAVIsolate@2@V?$Local@VFunctionTemplate@v8@@@2@@Z 000000018001ab49 f   node:node.exe
 0001:00019b55       __imp_load_?Set@Template@v8@@QEAAXV?$Local@VName@v8@@@2@V?$Local@VData@v8@@@2@W4PropertyAttribute@2@@Z 000000018001ab55 f   node:node.exe
 0001:00019b61       __imp_load_?SetClassName@FunctionTemplate@v8@@QEAAXV?$Local@VString@v8@@@2@@Z 000000018001ab61 f   node:node.exe
 0001:00019b6d       __imp_load_?PrototypeTemplate@FunctionTemplate@v8@@QEAA?AV?$Local@VObjectTemplate@v8@@@2@XZ 000000018001ab6d f   node:node.exe
 0001:00019b79       __imp_load_?InstanceTemplate@FunctionTemplate@v8@@QEAA?AV?$Local@VObjectTemplate@v8@@@2@XZ 000000018001ab79 f   node:node.exe
 0001:00019b85       __imp_load_?GetFunction@FunctionTemplate@v8@@QEAA?AV?$Local@VFunction@v8@@@2@XZ 000000018001ab85 f   node:node.exe
 0001:00019b91       __imp_load_?SetAlignedPointerInInternalField@Object@v8@@QEAAXHPEAX@Z 000000018001ab91 f   node:node.exe
 0001:00019b9d       __imp_load_uv_rwlock_wrlock 000000018001ab9d f   node:node.exe
 0001:00019ba9       __imp_load_uv_rwlock_wrunlock 000000018001aba9 f   node:node.exe
 0001:00019bb5       __imp_load_?ToObject@Value@v8@@QEBA?AV?$Local@VObject@v8@@@2@XZ 000000018001abb5 f   node:node.exe
 0001:00019bc1       __imp_load_?HasInstance@Buffer@node@@YA_NV?$Local@VValue@v8@@@v8@@@Z 000000018001abc1 f   node:node.exe
 0001:00019bcd       __imp_load_?Data@Buffer@node@@YAPEADV?$Local@VObject@v8@@@v8@@@Z 000000018001abcd f   node:node.exe
 0001:00019bd9       __imp_load_?Length@Buffer@node@@YA_KV?$Local@VObject@v8@@@v8@@@Z 000000018001abd9 f   node:node.exe
 0001:00019be8       ??0bad_alloc@std@@QEAA@AEBV01@@Z 000000018001abe8 f i libcpmt:xthrow.obj
 0001:00019c28       ??0bad_alloc@std@@QEAA@XZ  000000018001ac28 f i libcpmt:xthrow.obj
 0001:00019c48       ??0exception@std@@QEAA@AEBV01@@Z 000000018001ac48 f i libcpmt:xthrow.obj
 0001:00019c80       ??0length_error@std@@QEAA@AEBV01@@Z 000000018001ac80 f i libcpmt:xthrow.obj
 0001:00019cc0       ??0length_error@std@@QEAA@PEBD@Z 000000018001acc0 f i libcpmt:xthrow.obj
 0001:00019d0c       ??0logic_error@std@@QEAA@AEBV01@@Z 000000018001ad0c f i libcpmt:xthrow.obj
 0001:00019d4c       ??0out_of_range@std@@QEAA@AEBV01@@Z 000000018001ad4c f i libcpmt:xthrow.obj
 0001:00019d8c       ??0out_of_range@std@@QEAA@PEBD@Z 000000018001ad8c f i libcpmt:xthrow.obj
 0001:00019dd8       ??_E__non_rtti_object@std@@UEAAPEAXI@Z 000000018001add8 f i libvcruntime:rtti.obj
 0001:00019dd8       ??_Ebad_cast@std@@UEAAPEAXI@Z 000000018001add8 f i libcpmt:cerr.obj
 0001:00019dd8       ??_Gbad_typeid@std@@UEAAPEAXI@Z 000000018001add8 f i libvcruntime:rtti.obj
 0001:00019dd8       ??_Eout_of_range@std@@UEAAPEAXI@Z 000000018001add8 f i libcpmt:xthrow.obj
 0001:00019dd8       ??_Elogic_error@std@@UEAAPEAXI@Z 000000018001add8 f i libcpmt:xthrow.obj
 0001:00019dd8       ??_Gout_of_range@std@@UEAAPEAXI@Z 000000018001add8 f i libcpmt:xthrow.obj
 0001:00019dd8       ??_Ebad_typeid@std@@UEAAPEAXI@Z 000000018001add8 f i libvcruntime:rtti.obj
 0001:00019dd8       ??_Ebad_alloc@std@@UEAAPEAXI@Z 000000018001add8 f i libcpmt:xthrow.obj
 0001:00019dd8       ??_Elength_error@std@@UEAAPEAXI@Z 000000018001add8 f i libcpmt:xthrow.obj
 0001:00019dd8       ??_Gbad_cast@std@@UEAAPEAXI@Z 000000018001add8 f i libcpmt:cerr.obj
 0001:00019dd8       ??_Eexception@std@@UEAAPEAXI@Z 000000018001add8 f i libcpmt:xthrow.obj
 0001:00019dd8       ??_G__non_rtti_object@std@@UEAAPEAXI@Z 000000018001add8 f i libvcruntime:rtti.obj
 0001:00019dd8       ??_Ebad_exception@std@@UEAAPEAXI@Z 000000018001add8 f i libvcruntime:frame.obj
 0001:00019dd8       ??_Glogic_error@std@@UEAAPEAXI@Z 000000018001add8 f i libcpmt:xthrow.obj
 0001:00019dd8       ??_Gbad_exception@std@@UEAAPEAXI@Z 000000018001add8 f i libvcruntime:frame.obj
 0001:00019dd8       ??_Gbad_alloc@std@@UEAAPEAXI@Z 000000018001add8 f i libcpmt:xthrow.obj
 0001:00019dd8       ??_Gbad_array_new_length@std@@UEAAPEAXI@Z 000000018001add8 f i LIBCMT:throw_bad_alloc.obj
 0001:00019dd8       ??_Glength_error@std@@UEAAPEAXI@Z 000000018001add8 f i libcpmt:xthrow.obj
 0001:00019dd8       ??_Gexception@std@@UEAAPEAXI@Z 000000018001add8 f i libcpmt:xthrow.obj
 0001:00019dd8       ??_Ebad_array_new_length@std@@UEAAPEAXI@Z 000000018001add8 f i LIBCMT:throw_bad_alloc.obj
 0001:00019e1c       ?_Xlength_error@std@@YAXPEBD@Z 000000018001ae1c f   libcpmt:xthrow.obj
 0001:00019e40       ?_Xout_of_range@std@@YAXPEBD@Z 000000018001ae40 f   libcpmt:xthrow.obj
 0001:00019e64       ?what@exception@std@@UEBAPEBDXZ 000000018001ae64 f i libcpmt:xthrow.obj
 0001:00019e78       ??0_Init_locks@std@@QEAA@XZ 000000018001ae78 f   libcpmt:xlock.obj
 0001:00019ec4       ??0_Lockit@std@@QEAA@H@Z   000000018001aec4 f   libcpmt:xlock.obj
 0001:00019f00       ??1_Init_locks@std@@QEAA@XZ 000000018001af00 f   libcpmt:xlock.obj
 0001:00019f44       ??1_Lockit@std@@QEAA@XZ    000000018001af44 f   libcpmt:xlock.obj
 0001:00019f78       ??4?$_Yarn@D@std@@QEAAAEAV01@PEBD@Z 000000018001af78 f i libcpmt:locale0.obj
 0001:00019ff0       ??_G_Fac_node@std@@QEAAPEAXI@Z 000000018001aff0 f i libcpmt:locale0.obj
 0001:0001a07c       ??_G_Locimp@locale@std@@MEAAPEAXI@Z 000000018001b07c f i libcpmt:locale0.obj
 0001:0001a07c       ??_E_Locimp@locale@std@@MEAAPEAXI@Z 000000018001b07c f i libcpmt:locale0.obj
 0001:0001a0e8       ?_Facet_Register@std@@YAXPEAV_Facet_base@1@@Z 000000018001b0e8 f   libcpmt:locale0.obj
 0001:0001a120       ?_Getgloballocale@locale@std@@CAPEAV_Locimp@12@XZ 000000018001b120 f   libcpmt:locale0.obj
 0001:0001a128       ?_Init@locale@std@@CAPEAV_Locimp@12@_N@Z 000000018001b128 f   libcpmt:locale0.obj
 0001:0001a1e4       ?_Locimp_dtor@_Locimp@locale@std@@CAXPEAV123@@Z 000000018001b1e4 f   libcpmt:locale0.obj
 0001:0001a28c       ?_Locinfo_ctor@_Locinfo@std@@SAXPEAV12@PEBD@Z 000000018001b28c f   libcpmt:locale0.obj
 0001:0001a2f8       ?_Locinfo_dtor@_Locinfo@std@@SAXPEAV12@@Z 000000018001b2f8 f   libcpmt:locale0.obj
 0001:0001a31c       ?_New_Locimp@_Locimp@locale@std@@CAPEAV123@_N@Z 000000018001b31c f   libcpmt:locale0.obj
 0001:0001a38c       ?_Setgloballocale@locale@std@@CAXPEAX@Z 000000018001b38c f   libcpmt:locale0.obj
 0001:0001a3c0       _Deletegloballocale        000000018001b3c0 f   libcpmt:locale0.obj
 0001:0001a448       ??$use_facet@V?$codecvt@DDU_Mbstatet@@@std@@@std@@YAAEBV?$codecvt@DDU_Mbstatet@@@0@AEBVlocale@0@@Z 000000018001b448 f i libcpmt:cerr.obj
 0001:0001a580       ??0?$basic_ostream@DU?$char_traits@D@std@@@std@@QEAA@PEAV?$basic_streambuf@DU?$char_traits@D@std@@@1@_N@Z 000000018001b580 f i libcpmt:cerr.obj
 0001:0001a648       ??0?$basic_streambuf@DU?$char_traits@D@std@@@std@@IEAA@XZ 000000018001b648 f i libcpmt:cerr.obj
 0001:0001a6f8       ??0bad_cast@std@@QEAA@AEBV01@@Z 000000018001b6f8 f i libcpmt:cerr.obj
 0001:0001a738       ??0bad_cast@std@@QEAA@XZ   000000018001b738 f i libcpmt:cerr.obj
 0001:0001a758       ??1?$basic_filebuf@DU?$char_traits@D@std@@@std@@UEAA@XZ 000000018001b758 f i libcpmt:cerr.obj
 0001:0001a804       ??1?$basic_ios@DU?$char_traits@D@std@@@std@@UEAA@XZ 000000018001b804 f i libcpmt:cerr.obj
 0001:0001a828       ??1bad_cast@std@@UEAA@XZ   000000018001b828 f i libcpmt:cerr.obj
 0001:0001a828       ??1bad_alloc@std@@UEAA@XZ  000000018001b828 f i libcpmt:xthrow.obj
 0001:0001a828       ??1bad_exception@std@@UEAA@XZ 000000018001b828 f i libvcruntime:frame.obj
 0001:0001a828       ??1__non_rtti_object@std@@UEAA@XZ 000000018001b828 f i libvcruntime:rtti.obj
 0001:0001a828       ??1bad_array_new_length@std@@UEAA@XZ 000000018001b828 f i LIBCMT:throw_bad_alloc.obj
 0001:0001a828       ??1length_error@std@@UEAA@XZ 000000018001b828 f i libcpmt:xthrow.obj
 0001:0001a828       ??1out_of_range@std@@UEAA@XZ 000000018001b828 f i libcpmt:xthrow.obj
 0001:0001a83c       ??_E?$basic_ostream@DU?$char_traits@D@std@@@std@@$4PPPPPPPM@A@EAAPEAXI@Z 000000018001b83c f i libcpmt:cerr.obj
 0001:0001a848       ??_G?$basic_filebuf@DU?$char_traits@D@std@@@std@@UEAAPEAXI@Z 000000018001b848 f i libcpmt:cerr.obj
 0001:0001a848       ??_E?$basic_filebuf@DU?$char_traits@D@std@@@std@@UEAAPEAXI@Z 000000018001b848 f i libcpmt:cerr.obj
 0001:0001a87c       ??_G?$basic_ios@DU?$char_traits@D@std@@@std@@UEAAPEAXI@Z 000000018001b87c f i libcpmt:cerr.obj
 0001:0001a87c       ??_E?$basic_ios@DU?$char_traits@D@std@@@std@@UEAAPEAXI@Z 000000018001b87c f i libcpmt:cerr.obj
 0001:0001a8c8       ??_E?$basic_ostream@DU?$char_traits@D@std@@@std@@UEAAPEAXI@Z 000000018001b8c8 f i libcpmt:cerr.obj
 0001:0001a8c8       ??_G?$basic_ostream@DU?$char_traits@D@std@@@std@@UEAAPEAXI@Z 000000018001b8c8 f i libcpmt:cerr.obj
 0001:0001a938       ??_E?$basic_streambuf@DU?$char_traits@D@std@@@std@@UEAAPEAXI@Z 000000018001b938 f i libcpmt:cerr.obj
 0001:0001a938       ??_G?$basic_streambuf@DU?$char_traits@D@std@@@std@@UEAAPEAXI@Z 000000018001b938 f i libcpmt:cerr.obj
 0001:0001a988       ??_G?$codecvt@DDU_Mbstatet@@@std@@MEAAPEAXI@Z 000000018001b988 f i libcpmt:cerr.obj
 0001:0001a988       ??_E?$codecvt@DDU_Mbstatet@@@std@@MEAAPEAXI@Z 000000018001b988 f i libcpmt:cerr.obj
 0001:0001a9b4       ??_Gios_base@std@@UEAAPEAXI@Z 000000018001b9b4 f i libcpmt:cerr.obj
 0001:0001a9b4       ??_Eios_base@std@@UEAAPEAXI@Z 000000018001b9b4 f i libcpmt:cerr.obj
 0001:0001aa00       ??_Glocale@std@@QEAAPEAXI@Z 000000018001ba00 f i libcpmt:cerr.obj
 0001:0001aa90       ?_Endwrite@?$basic_filebuf@DU?$char_traits@D@std@@@std@@IEAA_NXZ 000000018001ba90 f i libcpmt:cerr.obj
 0001:0001ac44       ?_Getcat@?$codecvt@DDU_Mbstatet@@@std@@SA_KPEAPEBVfacet@locale@2@PEBV42@@Z 000000018001bc44 f i libcpmt:cerr.obj
 0001:0001ad08       ?_Init@?$basic_filebuf@DU?$char_traits@D@std@@@std@@IEAAXPEAU_iobuf@@W4_Initfl@12@@Z 000000018001bd08 f i libcpmt:cerr.obj
 0001:0001adf4       ?_Init@ios_base@std@@IEAAXXZ 000000018001bdf4 f i libcpmt:cerr.obj
 0001:0001ae74       ?_Initcvt@?$basic_filebuf@DU?$char_traits@D@std@@@std@@IEAAXPEBV?$codecvt@DDU_Mbstatet@@@2@@Z 000000018001be74 f i libcpmt:cerr.obj
 0001:0001af14       ?_Lock@?$basic_filebuf@DU?$char_traits@D@std@@@std@@UEAAXXZ 000000018001bf14 f i libcpmt:cerr.obj
 0001:0001af30       ?_Unlock@?$basic_filebuf@DU?$char_traits@D@std@@@std@@UEAAXXZ 000000018001bf30 f i libcpmt:cerr.obj
 0001:0001af4c       ?do_in@?$codecvt@DDU_Mbstatet@@@std@@MEBAHAEAU_Mbstatet@@PEBD1AEAPEBDPEAD3AEAPEAD@Z 000000018001bf4c f i libcpmt:cerr.obj
 0001:0001af4c       ?do_out@?$codecvt@DDU_Mbstatet@@@std@@MEBAHAEAU_Mbstatet@@PEBD1AEAPEBDPEAD3AEAPEAD@Z 000000018001bf4c f i libcpmt:cerr.obj
 0001:0001af68       ?do_length@?$codecvt@DDU_Mbstatet@@@std@@MEBAHAEAU_Mbstatet@@PEBD1_K@Z 000000018001bf68 f i libcpmt:cerr.obj
 0001:0001af7c       ?do_unshift@?$codecvt@DDU_Mbstatet@@@std@@MEBAHAEAU_Mbstatet@@PEAD1AEAPEAD@Z 000000018001bf7c f i libcpmt:cerr.obj
 0001:0001af88       ?imbue@?$basic_filebuf@DU?$char_traits@D@std@@@std@@MEAAXAEBVlocale@2@@Z 000000018001bf88 f i libcpmt:cerr.obj
 0001:0001afac       ?overflow@?$basic_filebuf@DU?$char_traits@D@std@@@std@@MEAAHH@Z 000000018001bfac f i libcpmt:cerr.obj
 0001:0001b20c       ?overflow@?$basic_streambuf@DU?$char_traits@D@std@@@std@@MEAAHH@Z 000000018001c20c f i libcpmt:cerr.obj
 0001:0001b20c       ?underflow@?$basic_streambuf@DU?$char_traits@D@std@@@std@@MEAAHXZ 000000018001c20c f i libcpmt:cerr.obj
 0001:0001b20c       ?pbackfail@?$basic_streambuf@DU?$char_traits@D@std@@@std@@MEAAHH@Z 000000018001c20c f i libcpmt:cerr.obj
 0001:0001b210       ?pbackfail@?$basic_filebuf@DU?$char_traits@D@std@@@std@@MEAAHH@Z 000000018001c210 f i libcpmt:cerr.obj
 0001:0001b2e0       ?seekoff@?$basic_filebuf@DU?$char_traits@D@std@@@std@@MEAA?AV?$fpos@U_Mbstatet@@@2@_JHH@Z 000000018001c2e0 f i libcpmt:cerr.obj
 0001:0001b3cc       ?seekpos@?$basic_streambuf@DU?$char_traits@D@std@@@std@@MEAA?AV?$fpos@U_Mbstatet@@@2@V32@H@Z 000000018001c3cc f i libcpmt:cerr.obj
 0001:0001b3cc       ?seekoff@?$basic_streambuf@DU?$char_traits@D@std@@@std@@MEAA?AV?$fpos@U_Mbstatet@@@2@_JHH@Z 000000018001c3cc f i libcpmt:cerr.obj
 0001:0001b3e8       ?seekpos@?$basic_filebuf@DU?$char_traits@D@std@@@std@@MEAA?AV?$fpos@U_Mbstatet@@@2@V32@H@Z 000000018001c3e8 f i libcpmt:cerr.obj
 0001:0001b4e8       ?setbuf@?$basic_filebuf@DU?$char_traits@D@std@@@std@@MEAAPEAV?$basic_streambuf@DU?$char_traits@D@std@@@2@PEAD_J@Z 000000018001c4e8 f i libcpmt:cerr.obj
 0001:0001b53c       ?setbuf@?$basic_streambuf@DU?$char_traits@D@std@@@std@@MEAAPEAV12@PEAD_J@Z 000000018001c53c f i libcpmt:cerr.obj
 0001:0001b540       ?sync@?$basic_streambuf@DU?$char_traits@D@std@@@std@@MEAAHXZ 000000018001c540 f i libcpmt:cerr.obj
 0001:0001b540       ?showmanyc@?$basic_streambuf@DU?$char_traits@D@std@@@std@@MEAA_JXZ 000000018001c540 f i libcpmt:cerr.obj
 0001:0001b544       ?sync@?$basic_filebuf@DU?$char_traits@D@std@@@std@@MEAAHXZ 000000018001c544 f i libcpmt:cerr.obj
 0001:0001b5a4       ?uflow@?$basic_filebuf@DU?$char_traits@D@std@@@std@@MEAAHXZ 000000018001c5a4 f i libcpmt:cerr.obj
 0001:0001b83c       ?uflow@?$basic_streambuf@DU?$char_traits@D@std@@@std@@MEAAHXZ 000000018001c83c f i libcpmt:cerr.obj
 0001:0001b888       ?underflow@?$basic_filebuf@DU?$char_traits@D@std@@@std@@MEAAHXZ 000000018001c888 f i libcpmt:cerr.obj
 0001:0001b900       ?xsgetn@?$basic_streambuf@DU?$char_traits@D@std@@@std@@MEAA_JPEAD_J@Z 000000018001c900 f i libcpmt:cerr.obj
 0001:0001b9c0       ?xsputn@?$basic_streambuf@DU?$char_traits@D@std@@@std@@MEAA_JPEBD_J@Z 000000018001c9c0 f i libcpmt:cerr.obj
 0001:0001ba84       ?_Syserror_map@std@@YAPEBDH@Z 000000018001ca84 f   libcpmt:syserror.obj
 0001:0001baac       _Getctype                  000000018001caac f   libcpmt:_tolower.obj
 0001:0001bb6c       _Tolower                   000000018001cb6c f   libcpmt:_tolower.obj
 0001:0001bc94       _Toupper                   000000018001cc94 f   libcpmt:_toupper.obj
 0001:0001bdcc       ??0_Init_cout@std@@QEAA@XZ 000000018001cdcc f i libcpmt:cout.obj
 0001:0001be38       _Mtxdst                    000000018001ce38 f   libcpmt:xmtx.obj
 0001:0001be40       _Mtxinit                   000000018001ce40 f   libcpmt:xmtx.obj
 0001:0001be50       _Mtxlock                   000000018001ce50 f   libcpmt:xmtx.obj
 0001:0001be58       _Mtxunlock                 000000018001ce58 f   libcpmt:xmtx.obj
 0001:0001be60       ?_Atexit@@YAXP6AXXZ@Z      000000018001ce60 f   libcpmt:iosptrs.obj
 0001:0001bea0       ?_Addstd@ios_base@std@@SAXPEAV12@@Z 000000018001cea0 f   libcpmt:ios.obj
 0001:0001bf10       ?_Ios_base_dtor@ios_base@std@@CAXPEAV12@@Z 000000018001cf10 f   libcpmt:ios.obj
 0001:0001bf54       ?_Tidy@ios_base@std@@AEAAXXZ 000000018001cf54 f i libcpmt:ios.obj
 0001:0001bfe4       __crtLCMapStringA          000000018001cfe4 f   libcpmt:StlLCMapStringA.obj
[...]
 0004:00003330       $pdata$strrchr             000000018005f330     libvcruntime:strrchr.obj
 0004:0000333c       $pdata$wcschr              000000018005f33c     libvcruntime:wcschr.obj
 0004:00003348       $pdata$??0__non_rtti_object@std@@QEAA@AEBV01@@Z 000000018005f348     libvcruntime:rtti.obj
 0004:00003354       $pdata$??0bad_typeid@std@@QEAA@AEBV01@@Z 000000018005f354     libvcruntime:rtti.obj
 0004:00003360       $pdata$?FindMITargetTypeInstance@@YAPEBU_s_RTTIBaseClassDescriptor@@PEAXPEBU_s_RTTICompleteObjectLocator@@PEAUTypeDescriptor@@_J2_K@Z 000000018005f360     libvcruntime:rtti.obj
 0004:0000336c       $pdata$?FindSITargetTypeInstance@@YAPEBU_s_RTTIBaseClassDescriptor@@PEBU_s_RTTICompleteObjectLocator@@PEAUTypeDescriptor@@1_K@Z 000000018005f36c     libvcruntime:rtti.obj
 0004:00003378       $pdata$?FindVITargetTypeInstance@@YAPEBU_s_RTTIBaseClassDescriptor@@PEAXPEBU_s_RTTICompleteObjectLocator@@PEAUTypeDescriptor@@_J2_K@Z 000000018005f378     libvcruntime:rtti.obj
 0004:00003384       $pdata$__RTDynamicCast     000000018005f384     libvcruntime:rtti.obj
 0004:0000339c       $pdata$?dtor$0@?0???0?$basic_ostream@DU?$char_traits@D@std@@@std@@QEAA@PEAV?$basic_streambuf@DU?$char_traits@D@std@@@1@_N@Z@4HA 000000018005f39c     libcpmt:cerr.obj
 0004:000033a8       $pdata$?dtor$0@?0??_Getcat@?$codecvt@DDU_Mbstatet@@@std@@SA_KPEAPEBVfacet@locale@2@PEBV42@@Z@4HA 000000018005f3a8     libcpmt:cerr.obj
 0004:000033b4       $pdata$__scrt_is_nonwritable_in_current_image$filt$0 000000018005f3b4     LIBCMT:utility.obj
 0004:000033c0       $pdata$?fin$0@?0??dllmain_crt_process_attach@@YAHQEAUHINSTANCE__@@QEAX@Z@4HA 000000018005f3c0     LIBCMT:dll_dllmain.obj
 0004:000033cc       $pdata$?fin$0@?0??dllmain_crt_process_detach@@YAH_N@Z@4HA 000000018005f3cc     LIBCMT:dll_dllmain.obj
 0004:000033d8       $pdata$?filt$0@?0??dllmain_dispatch@@YAHQEAUHINSTANCE__@@KQEAX@Z@4HA 000000018005f3d8     LIBCMT:dll_dllmain.obj
 0004:000033e4       $pdata$__CxxCallCatchBlock$filt$0 000000018005f3e4     libvcruntime:frame.obj
 0004:000033f0       $pdata$__CxxCallCatchBlock$fin$1 000000018005f3f0     libvcruntime:frame.obj
 0004:000033fc       $pdata$__DestructExceptionObject$filt$0 000000018005f3fc     libvcruntime:frame.obj
 0004:00003408       $pdata$__FrameUnwindToState$filt$0 000000018005f408     libvcruntime:frame.obj
 0004:00003414       $pdata$__FrameUnwindToState$fin$1 000000018005f414     libvcruntime:frame.obj
 0004:00003420       $pdata$_CallSETranslator$filt$0 000000018005f420     libvcruntime:trnsctrl.obj
 0004:0000342c       $pdata$?fin$0@?0???$?RV<lambda_5d4c3fee44080f75d5d9762853974fe0>@@AEAV<lambda_532e024f4337e6fc7ad266c2bef9f4ed>@@V<lambda_c87bdc10097eb2402edb8ba9bdf0697b>@@@?$__crt_seh_guarded_call@_K@@QEAA_K$$QEAV<lambda_5d4c3fee44080f75d5d9762853974fe0>@@AEAV<lambda_532e024f4337e6fc7ad266c2bef9f4ed>@@$$QEAV<lambda_c87bdc10097eb2402edb8ba9bdf0697b>@@@Z@4HA 000000018005f42c     libucrt:fwrite.obj
 0004:0000342c       $pdata$?fin$0@?0???$?RV<lambda_7a5ef57ff966f610505f1d28a3d40618>@@AEAV<lambda_b721fa326cdb32351d23dfa67958c160>@@V<lambda_5e0fb27672408a07956fe59e48ccb2aa>@@@?$__crt_seh_guarded_call@H@@QEAAH$$QEAV<lambda_7a5ef57ff966f610505f1d28a3d40618>@@AEAV<lambda_b721fa326cdb32351d23dfa67958c160>@@$$QEAV<lambda_5e0fb27672408a07956fe59e48ccb2aa>@@@Z@4HA 000000018005f42c     libucrt:setvbuf.obj
 0004:0000342c       $pdata$?fin$0@?0???$?RV<lambda_7b91131dde12e1c3dfc74ff76b3f2eac>@@AEAV<lambda_dd75445284c072d0bd3768540cc698fa>@@V<lambda_16bc4ecb55b4718497c16bceaea2ceaf>@@@?$__crt_seh_guarded_call@H@@QEAAH$$QEAV<lambda_7b91131dde12e1c3dfc74ff76b3f2eac>@@AEAV<lambda_dd75445284c072d0bd3768540cc698fa>@@$$QEAV<lambda_16bc4ecb55b4718497c16bceaea2ceaf>@@@Z@4HA 000000018005f42c     libucrt:output.obj
 0004:00003438       $pdata$setlocale$fin$0     000000018005f438     libucrt:setlocale.obj
 0004:00003444       $pdata$fclose$fin$0        000000018005f444     libucrt:fclose.obj
 0004:00003444       $pdata$fflush$fin$0        000000018005f444     libucrt:fflush.obj
 0004:00003450       $pdata$common_flush_all$fin$0 000000018005f450     libucrt:fflush.obj
 0004:0000345c       $pdata$common_flush_all$fin$1 000000018005f45c     libucrt:fflush.obj
 0004:00003468       $pdata$fgetc$fin$0         000000018005f468     libucrt:fgetc.obj
 0004:00003474       $pdata$fputc$fin$0         000000018005f474     libucrt:fputc.obj
 0004:00003480       $pdata$ungetc$fin$0        000000018005f480     libucrt:ungetc.obj
 0004:0000348c       $pdata$_query_new_handler$fin$0 000000018005f48c     libucrt:new_handler.obj
 0004:00003498       $pdata$?filt$0@?0??common_exit@@YAXHW4_crt_exit_cleanup_mode@@W4_crt_exit_return_mode@@@Z@4HA 000000018005f498     libucrt:exit.obj
 0004:000034a4       $pdata$?fin$1@?0??common_exit@@YAXHW4_crt_exit_cleanup_mode@@W4_crt_exit_return_mode@@@Z@4HA 000000018005f4a4     libucrt:exit.obj
 0004:000034b0       $pdata$?fin$0@?0???$?RV<lambda_e24bbb7b643b32fcea6fa61b31d4c984>@@AEAV<lambda_275893d493268fdec8709772e3fcec0e>@@V<lambda_9d71df4d7cf3f480f8d633942495c3b0>@@@?$__crt_seh_guarded_call@H@@QEAAH$$QEAV<lambda_e24bbb7b643b32fcea6fa61b31d4c984>@@AEAV<lambda_275893d493268fdec8709772e3fcec0e>@@$$QEAV<lambda_9d71df4d7cf3f480f8d633942495c3b0>@@@Z@4HA 000000018005f4b0     libucrt:onexit.obj
 0004:000034bc       $pdata$raise$fin$0         000000018005f4bc     libucrt:signal.obj
 0004:000034c8       $pdata$?fin$0@?0???$?RV<lambda_5df02c53a8f32f81fd64e5bbb78039f1>@@AEAV<lambda_2af78c5f5901b1372d98f9ab3177dfa6>@@AEAV<lambda_f51fe5fd7c79a33db34fc9310f277369>@@@?$__crt_seh_guarded_call@X@@QEAAX$$QEAV<lambda_5df02c53a8f32f81fd64e5bbb78039f1>@@AEAV<lambda_2af78c5f5901b1372d98f9ab3177dfa6>@@AEAV<lambda_f51fe5fd7c79a33db34fc9310f277369>@@@Z@4HA 000000018005f4c8     libucrt:wsetlocale.obj
 0004:000034d4       $pdata$__acrt_lowio_ensure_fh_exists$fin$0 000000018005f4d4     libucrt:osfinfo.obj
 0004:000034d4       $pdata$__acrt_initialize_lowio$fin$0 000000018005f4d4     libucrt:ioinit.obj
 0004:000034e0       $pdata$_ctrlfp$filt$0      000000018005f4e0     libucrt:fpctrl.obj
 0004:000034e0       $pdata$common_control87$filt$0 000000018005f4e0     libucrt:ieee.obj
 0004:000034ec       $pdata$_fcloseall$fin$0    000000018005f4ec     libucrt:closeall.obj
 0004:000034f8       $pdata$?fin$0@?0???$?RV<lambda_b521505b218e5242e90febf6bfebc422>@@AEAV<lambda_6978c1fb23f02e42e1d9e99668cc68aa>@@V<lambda_314360699dd331753a4119843814e9a7>@@@?$__crt_seh_guarded_call@H@@QEAAH$$QEAV<lambda_b521505b218e5242e90febf6bfebc422>@@AEAV<lambda_6978c1fb23f02e42e1d9e99668cc68aa>@@$$QEAV<lambda_314360699dd331753a4119843814e9a7>@@@Z@4HA 000000018005f4f8     libucrt:commit.obj
 0004:000034f8       $pdata$?fin$0@?0???$?RV<lambda_bfedae4ebbf01fab1bb6dcc6a9e276e0>@@AEAV<lambda_2fe9b910cf3cbf4a0ab98a02ba45b3ec>@@V<lambda_237c231691f317818eb88cc1d5d642d6>@@@?$__crt_seh_guarded_call@H@@QEAAH$$QEAV<lambda_bfedae4ebbf01fab1bb6dcc6a9e276e0>@@AEAV<lambda_2fe9b910cf3cbf4a0ab98a02ba45b3ec>@@$$QEAV<lambda_237c231691f317818eb88cc1d5d642d6>@@@Z@4HA 000000018005f4f8     libucrt:close.obj
 0004:00003504       $pdata$?fin$0@?0???$common_ftell@_J@@YA_JV__crt_stdio_stream@@@Z@4HA 000000018005f504     libucrt:ftell.obj
 0004:00003504       $pdata$?fin$0@?0??common_fseek@@YAHV__crt_stdio_stream@@_JH@Z@4HA 000000018005f504     libucrt:fseek.obj
 0004:00003510       $pdata$_read$fin$0         000000018005f510     libucrt:read.obj
 0004:00003510       $pdata$_write$fin$0        000000018005f510     libucrt:write.obj
 0004:00003510       $pdata$?fin$0@?0???$common_lseek@_J@@YA_JH_JH@Z@4HA 000000018005f510     libucrt:lseek.obj
 0004:0000351c       $pdata$?fin$0@?0???$?RV<lambda_b8c45f8f788dd370798f47cfe8ac3a86>@@AEAV<lambda_4e60a939b0d047cfe11ddc22648dfba9>@@V<lambda_332c3edc96d0294ec56c57d38c1cdfd5>@@@?$__crt_seh_guarded_call@H@@QEAAH$$QEAV<lambda_b8c45f8f788dd370798f47cfe8ac3a86>@@AEAV<lambda_4e60a939b0d047cfe11ddc22648dfba9>@@$$QEAV<lambda_332c3edc96d0294ec56c57d38c1cdfd5>@@@Z@4HA 000000018005f51c     libucrt:onexit.obj
 0004:0000351c       $pdata$?fin$0@?0???$?RV<lambda_46352004c1216016012b18bd6f87e700>@@AEAV<lambda_3bd07e1a1191394380780325891bf33f>@@V<lambda_334532d3f185bcaa59b5be82d7d22bff>@@@?$__crt_seh_guarded_call@X@@QEAAX$$QEAV<lambda_46352004c1216016012b18bd6f87e700>@@AEAV<lambda_3bd07e1a1191394380780325891bf33f>@@$$QEAV<lambda_334532d3f185bcaa59b5be82d7d22bff>@@@Z@4HA 000000018005f51c     libucrt:per_thread_data.obj
 0004:0000351c       $pdata$?fin$0@?0???$?RV<lambda_fb3a7dec4e47f37f22dae91bb15c9095>@@AEAV<lambda_698284760c8add0bfb0756c19673e34b>@@V<lambda_dfb8eca1e75fef3034a8fb18dd509707>@@@?$__crt_seh_guarded_call@X@@QEAAX$$QEAV<lambda_fb3a7dec4e47f37f22dae91bb15c9095>@@AEAV<lambda_698284760c8add0bfb0756c19673e34b>@@$$QEAV<lambda_dfb8eca1e75fef3034a8fb18dd509707>@@@Z@4HA 000000018005f51c     libucrt:per_thread_data.obj
 0004:0000351c       $pdata$?fin$0@?0???$?RV<lambda_5e887d1dcbef67a5eb4283622ba103bf>@@AEAV<lambda_4466841279450cc726390878d4a41900>@@V<lambda_341c25c0346d94847f1f3c463c57e077>@@@?$__crt_seh_guarded_call@X@@QEAAX$$QEAV<lambda_5e887d1dcbef67a5eb4283622ba103bf>@@AEAV<lambda_4466841279450cc726390878d4a41900>@@$$QEAV<lambda_341c25c0346d94847f1f3c463c57e077>@@@Z@4HA 000000018005f51c     libucrt:per_thread_data.obj
 0004:0000351c       $pdata$?fin$0@?0???$?RV<lambda_72d1df2b273a38828b1ce30cbf4cdab5>@@AEAV<lambda_876a65b173b8412d3a47c70a915b0cf4>@@V<lambda_41932305e351933ebe8f8be3ed8bb5dc>@@@?$__crt_seh_guarded_call@X@@QEAAX$$QEAV<lambda_72d1df2b273a38828b1ce30cbf4cdab5>@@AEAV<lambda_876a65b173b8412d3a47c70a915b0cf4>@@$$QEAV<lambda_41932305e351933ebe8f8be3ed8bb5dc>@@@Z@4HA 000000018005f51c     libucrt:per_thread_data.obj
 0004:0000351c       $pdata$?fin$0@?0???$?RV<lambda_d67e8342c384adda8f857579ab50b2ae>@@AEAV<lambda_30712929f77e709619002f448b6a9510>@@V<lambda_4525336fd7e478d965fb7ca7a337cad8>@@@?$__crt_seh_guarded_call@X@@QEAAX$$QEAV<lambda_d67e8342c384adda8f857579ab50b2ae>@@AEAV<lambda_30712929f77e709619002f448b6a9510>@@$$QEAV<lambda_4525336fd7e478d965fb7ca7a337cad8>@@@Z@4HA 000000018005f51c     libucrt:wsetlocale.obj
 0004:0000351c       $pdata$?fin$0@?0???$?RV<lambda_99476a1ad63dd22509b5d3e65b0ffc95>@@AEAV<lambda_ad1ced32f4ac17aa236e5ef05d6b3b7c>@@V<lambda_f7424dd8d45958661754dc4f2697e9c3>@@@?$__crt_seh_guarded_call@X@@QEAAX$$QEAV<lambda_99476a1ad63dd22509b5d3e65b0ffc95>@@AEAV<lambda_ad1ced32f4ac17aa236e5ef05d6b3b7c>@@$$QEAV<lambda_f7424dd8d45958661754dc4f2697e9c3>@@@Z@4HA 000000018005f51c     libucrt:mbctype.obj
 0004:0000351c       $pdata$?fin$0@?0???$?RV<lambda_c36588078e9f5dfd39652860aa6b3aaf>@@AEAV<lambda_ec61778202f4f5fc7e7711acc23c3bca>@@V<lambda_dc9d2797ccde5d239b4a0efae8ebd7db>@@@?$__crt_seh_guarded_call@P6AXH@Z@@QEAAP6AXH@Z$$QEAV<lambda_c36588078e9f5dfd39652860aa6b3aaf>@@AEAV<lambda_ec61778202f4f5fc7e7711acc23c3bca>@@$$QEAV<lambda_dc9d2797ccde5d239b4a0efae8ebd7db>@@@Z@4HA 000000018005f51c     libucrt:signal.obj
 0004:0000351c       $pdata$?fin$0@?0???$?RV<lambda_630b2aca97f6d20d5b5ea6529ea6b6af>@@AEAV<lambda_af91936f1d075d609f72d9d8cba980af>@@V<lambda_e82fa975f615b5c7c7b0e4d178fdae67>@@@?$__crt_seh_guarded_call@H@@QEAAH$$QEAV<lambda_630b2aca97f6d20d5b5ea6529ea6b6af>@@AEAV<lambda_af91936f1d075d609f72d9d8cba980af>@@$$QEAV<lambda_e82fa975f615b5c7c7b0e4d178fdae67>@@@Z@4HA 000000018005f51c     libucrt:winapi_thunks.obj
 0004:00003528       $pdata$__acrt_update_thread_multibyte_data$fin$0 000000018005f528     libucrt:mbctype.obj
 0004:00003534       $pdata$__acrt_uninitialize_locale$fin$0 000000018005f534     libucrt:wsetlocale.obj
 0004:00003534       $pdata$__acrt_update_thread_locale_data$fin$0 000000018005f534     libucrt:locale_refcounting.obj
 0004:00003540       $pdata$_IsNonwritableInCurrentImage$filt$0 000000018005f540     LIBCMT:pesect.obj
 0004:0000354c       $pdata$__RTDynamicCast$filt$0 000000018005f54c     libvcruntime:rtti.obj
 0004:00003558       $pdata$??__F_Fac_tidy_reg@std@@YAXXZ 000000018005f558     libcpmt:locale0.obj
 0004:00003564       $pdata$??__Fclassic_locale@std@@YAXXZ 000000018005f564     libcpmt:locale0.obj
 0004:00003570       $pdata$??__Fcerr@std@@YAXXZ 000000018005f570     libcpmt:cerr.obj
 0004:0000357c       $pdata$??__Fcout@std@@YAXXZ 000000018005f57c     libcpmt:cout.obj
 0004:00003588       $pdata$??__Finit_atexit@@YAXXZ 000000018005f588     libcpmt:iosptrs.obj
 0005:00000000       __guard_fids__             0000000180060000     libucrt:initialization.obj
 0005:00000060       __guard_fids___acrt_show_wide_message_box 0000000180060060     libucrt:crtmbox.obj
 0005:00000064       __guard_fids___acrt_initialize_ptd 0000000180060064     libucrt:per_thread_data.obj
 0005:00000068       __guard_fids__             0000000180060068     libucrt:wsetlocale.obj
 0005:00000080       __guard_fids_??$?RV<lambda_630b2aca97f6d20d5b5ea6529ea6b6af>@@AEAV<lambda_af91936f1d075d609f72d9d8cba980af>@@V<lambda_e82fa975f615b5c7c7b0e4d178fdae67>@@@?$__crt_seh_guarded_call@H@@QEAAH$$QEAV<lambda_630b2aca97f6d20d5b5ea6529ea6b6af>@@AEAV<lambda_af91936f1d075d609f72d9d8cba980af>@@$$QEAV<lambda_e82fa975f615b5c7c7b0e4d178fdae67>@@@Z 0000000180060080     libucrt:winapi_thunks.obj
 0005:00000084       __guard_fids__             0000000180060084     libucrt:stdio_initializer.obj
 0005:00000088       __guard_fids__             0000000180060088     libucrt:stdio_initializer.obj
 0005:0000008c       __guard_fids_??$expand_argument_wildcards@D@@YAHQEAD0AEAV?$argument_list@D@?A0xca0879c4@@@Z 000000018006008c     libucrt:argv_wildcards.obj
 0005:00000090       __guard_fids__             0000000180060090     libucrt:locale_initializer.obj
 0005:00000094       __guard_fids_GetLocaleNameFromLangCountry 0000000180060094     libucrt:get_qualified_locale.obj
 0005:00000098       __guard_fids_GetLocaleNameFromLanguage 0000000180060098     libucrt:get_qualified_locale.obj
 0005:0000009c       __guard_fids___acrt_get_qualified_locale_downlevel 000000018006009c     libucrt:getqloc_downlevel.obj
 0005:000000a0       __guard_fids_GetLcidFromLangCountry 00000001800600a0     libucrt:getqloc_downlevel.obj
 0005:000000a4       __guard_fids_GetLcidFromLanguage 00000001800600a4     libucrt:getqloc_downlevel.obj
 0005:000000a8       __guard_fids__             00000001800600a8     libucrt:fma3_initializer.obj
 0005:000000ac       __guard_fids__             00000001800600ac     libucrt:timeset_initializer.obj
 0005:000000b0       __guard_fids__             00000001800600b0     libucrt:multibyte_initializer.obj
 0005:000000b4       __guard_fids__             00000001800600b4     libucrt:console_output_initializer.obj
 0005:000000b8       __guard_fids__             00000001800600b8     libcpmt:xthrow.obj
 0005:000000c0       __guard_fids__             00000001800600c0     libcpmt:xthrow.obj
 0005:000000c8       __guard_fids__             00000001800600c8     libcpmt:xthrow.obj
 0005:000000d0       __guard_fids__             00000001800600d0     libcpmt:xthrow.obj
 0005:000000d8       __guard_fids__             00000001800600d8     libcpmt:xthrow.obj
 0005:000000e0       __guard_fids_??__Einitlocks@std@@YAXXZ 00000001800600e0     libcpmt:xlock.obj
 0005:000000e4       __guard_fids__             00000001800600e4     libcpmt:xlock.obj
 0005:000000e8       __guard_fids_??__E_Fac_tidy_reg@std@@YAXXZ 00000001800600e8     libcpmt:locale0.obj
 0005:000000ec       __guard_fids_?_Setgloballocale@locale@std@@CAXPEAX@Z 00000001800600ec     libcpmt:locale0.obj
 0005:000000f0       __guard_fids_??__Eclassic_locale@std@@YAXXZ 00000001800600f0     libcpmt:locale0.obj
 0005:000000f4       __guard_fids__             00000001800600f4     libcpmt:locale0.obj
 0005:00000100       __guard_fids__             0000000180060100     libcpmt:locale0.obj
 0005:0000010c       __guard_fids__             000000018006010c     libcpmt:locale0.obj
 0005:00000110       __guard_fids__             0000000180060110     libcpmt:locale0.obj
 0005:00000114       __guard_fids_??__Einitlocks@@YAXXZ 0000000180060114     libcpmt:cerr.obj
 0005:00000118       __guard_fids_??__Eferr@std@@YAXXZ 0000000180060118     libcpmt:cerr.obj
 0005:0000011c       __guard_fids_??__Ecerr@std@@YAXXZ 000000018006011c     libcpmt:cerr.obj
 0005:00000120       __guard_fids__             0000000180060120     libcpmt:cerr.obj
 0005:00000128       __guard_fids__             0000000180060128     libcpmt:cerr.obj
 0005:00000154       __guard_fids__             0000000180060154     libcpmt:cerr.obj
 0005:0000016c       __guard_fids__             000000018006016c     libcpmt:cerr.obj
 0005:00000184       __guard_fids__             0000000180060184     libcpmt:cerr.obj
 0005:00000188       __guard_fids__             0000000180060188     libcpmt:cerr.obj
 0005:000001c4       __guard_fids__             00000001800601c4     libcpmt:cerr.obj
 0005:00000200       __guard_fids__             0000000180060200     libcpmt:cerr.obj
 0005:00000204       __guard_fids__             0000000180060204     libcpmt:cerr.obj
 0005:00000208       __guard_fids__             0000000180060208     libcpmt:cerr.obj
 0005:00000230       __guard_fids__             0000000180060230     libcpmt:cerr.obj
 0005:00000234       __guard_fids__             0000000180060234     libcpmt:cerr.obj
 0005:00000238       __guard_fids__             0000000180060238     libcpmt:cerr.obj
 0005:0000023c       __guard_fids__             000000018006023c     libcpmt:cerr.obj
 0005:00000240       __guard_fids_??__Einitlocks@@YAXXZ 0000000180060240     libcpmt:cout.obj
 0005:00000244       __guard_fids_??__Efout@std@@YAXXZ 0000000180060244     libcpmt:cout.obj
 0005:00000248       __guard_fids_??__Ecout@std@@YAXXZ 0000000180060248     libcpmt:cout.obj
 0005:0000024c       __guard_fids__             000000018006024c     libcpmt:cout.obj
 0005:00000250       __guard_fids__             0000000180060250     libcpmt:cout.obj
 0005:00000254       __guard_fids__             0000000180060254     libcpmt:cout.obj
 0005:00000258       __guard_fids__             0000000180060258     libcpmt:cout.obj
 0005:0000025c       __guard_fids_??__Einitlocks@std@@YAXXZ 000000018006025c     libcpmt:iosptrs.obj
 0005:00000260       __guard_fids_??__Einit_atexit@@YAXXZ 0000000180060260     libcpmt:iosptrs.obj
 0005:00000264       __guard_fids__             0000000180060264     libcpmt:iosptrs.obj
 0005:00000268       __guard_fids__             0000000180060268     libcpmt:iosptrs.obj
 0005:0000026c       __guard_fids__             000000018006026c     libcpmt:winapisupp.obj
 0005:00000270       __guard_fids__             0000000180060270     LIBCMT:std_type_info_static.obj
 0005:00000274       __guard_fids__             0000000180060274     LIBCMT:thread_safe_statics.obj
 0005:00000278       __guard_fids_?__scrt_initialize_thread_safe_statics@@YAHXZ 0000000180060278     LIBCMT:thread_safe_statics.obj
 0005:0000027c       __guard_fids_?dllmain_crt_process_attach@@YAHQEAUHINSTANCE__@@QEAX@Z 000000018006027c     LIBCMT:dll_dllmain.obj
 0005:00000284       __guard_fids_?dllmain_dispatch@@YAHQEAUHINSTANCE__@@KQEAX@Z 0000000180060284     LIBCMT:dll_dllmain.obj
 0005:00000288       __guard_fids__             0000000180060288     LIBCMT:throw_bad_alloc.obj
 0005:00000290       __guard_fids__             0000000180060290     LIBCMT:guard_support.obj
 0005:00000294       __guard_fids__             0000000180060294     libvcruntime:frame.obj
 0005:00000298       __guard_fids__             0000000180060298     libvcruntime:frame.obj
 0005:000002a0       __guard_fids__UnwindNestedFrames 00000001800602a0     libvcruntime:trnsctrl.obj
 0005:000002a4       __guard_fids___vcrt_initialize_ptd 00000001800602a4     libvcruntime:per_thread_data.obj
 0005:000002a8       __guard_fids__             00000001800602a8     libvcruntime:rtti.obj
 0005:000002b0       __guard_fids__             00000001800602b0     libvcruntime:rtti.obj
 0007:00000060       $R000000                   0000000180062060     * linker generated manifest res *

 Exports

  ordinal    name

        1    _register_kafka_
